warning: unused variable: `name`
   --> crates\helio-v3\src\profiling\cpu.rs:121:29
    |
121 |     pub fn scope(&mut self, name: &'static str) -> ScopeGuard {
    |                             ^^^^ help: if this is intentional, prefix it with an underscore: `_name`
    |
    = note: `#[warn(unused_variables)]` (part of `#[warn(unused)]`) on by default

warning: field `profiler` is never read
   --> crates\helio-v3\src\context.rs:194:16
    |
165 | pub struct PassContext<'a> {
    |            ----------- field in this struct
...
194 |     pub(crate) profiler: &'a mut Profiler,
    |                ^^^^^^^^
    |
    = note: `#[warn(dead_code)]` (part of `#[warn(unused)]`) on by default

warning: fields `texture` and `name` are never read
  --> crates\helio-v3\src\graph\executor.rs:89:5
   |
87 | struct TransientTexture {
   |        ---------------- fields in this struct
88 |     /// The GPU texture (owned by the graph)
89 |     texture: wgpu::Texture,
   |     ^^^^^^^
...
93 |     name: &'static str,
   |     ^^^^

warning: method `finish` is never used
   --> crates\helio-v3\src\graph\resource.rs:303:19
    |
192 | impl ResourceBuilder {
    | -------------------- method in this implementation
...
303 |     pub(crate) fn finish(self) -> Vec<ResourceDecl> {
    |                   ^^^^^^

warning: hiding a lifetime that's elided elsewhere is confusing
   --> crates\helio-v3\src\profiling\mod.rs:200:18
    |
200 |     pub fn scope(&mut self, name: &'static str) -> ScopeGuard {
    |                  ^^^^^^^^^                         ^^^^^^^^^^ the same lifetime is hidden here
    |                  |
    |                  the lifetime is elided here
    |
    = help: the same lifetime is referred to in inconsistent ways, making the signature confusing
    = note: `#[warn(mismatched_lifetime_syntaxes)]` on by default
help: use `'_` for type paths
    |
200 |     pub fn scope(&mut self, name: &'static str) -> ScopeGuard<'_> {
    |                                                              ++++

warning: hiding a lifetime that's elided elsewhere is confusing
   --> crates\helio-v3\src\profiling\cpu.rs:121:18
    |
121 |     pub fn scope(&mut self, name: &'static str) -> ScopeGuard {
    |                  ^^^^^^^^^                         ^^^^^^^^^^ the same lifetime is hidden here
    |                  |
    |                  the lifetime is elided here
    |
    = help: the same lifetime is referred to in inconsistent ways, making the signature confusing
help: use `'_` for type paths
    |
121 |     pub fn scope(&mut self, name: &'static str) -> ScopeGuard<'_> {
    |                                                              ++++

warning: `helio-v3` (lib) generated 6 warnings (run `cargo fix --lib -p helio-v3` to apply 3 suggestions)
warning: unused variable: `sm_ptr`
   --> crates\helio-pass-shadow\src\lib.rs:411:13
    |
411 |         let sm_ptr = ctx.scene.shadow_matrices as *const _ as usize;
    |             ^^^^^^ help: if this is intentional, prefix it with an underscore: `_sm_ptr`
    |
    = note: `#[warn(unused_variables)]` (part of `#[warn(unused)]`) on by default

warning: unused variable: `texture_array_count`
   --> crates\helio-pass-gbuffer\src\lib.rs:745:9
    |
745 |     let texture_array_count =
    |         ^^^^^^^^^^^^^^^^^^^ help: if this is intentional, prefix it with an underscore: `_texture_array_count`
    |
    = note: `#[warn(unused_variables)]` (part of `#[warn(unused)]`) on by default

warning: field `velocity_fallback_texture` is never read
   --> crates\helio-pass-taa\src\lib.rs:131:5
    |
113 | pub struct TaaPass {
    |            ------- field in this struct
...
131 |     velocity_fallback_texture: wgpu::Texture,
    |     ^^^^^^^^^^^^^^^^^^^^^^^^^
    |
    = note: `#[warn(dead_code)]` (part of `#[warn(unused)]`) on by default

warning: unused variable: `count`
   --> crates\helio-pass-virtual-geometry\src\lib.rs:933:9
    |
933 |     let count = NonZeroU32::new(MAX_TEXTURES as u32).expect("non-zero");
    |         ^^^^^ help: if this is intentional, prefix it with an underscore: `_count`
    |
    = note: `#[warn(unused_variables)]` (part of `#[warn(unused)]`) on by default

warning: fields `width`, `height`, `target_format`, and `pre_aa_tex` are never read
  --> crates\helio-pass-sky\src\lib.rs:82:5
   |
73 | pub struct SkyPass {
   |            ------- fields in this struct
...
82 |     width: u32,
   |     ^^^^^
83 |     height: u32,
   |     ^^^^^^
84 |     target_format: wgpu::TextureFormat,
   |     ^^^^^^^^^^^^^
85 |     /// Owned pre-AA render target —...
86 |     pre_aa_tex: wgpu::Texture,
   |     ^^^^^^^^^^
   |
   = note: `#[warn(dead_code)]` (part of `#[warn(unused)]`) on by default

warning: type `MaterialTimingEntry` is more private than the item `MaterialProfiler::get_timing_table`
   --> crates\helio-pass-perf-overlay\src\lib.rs:553:5
    |
553 |     pub fn get_timing_table(&self) -> &[MaterialTimingEntry] {
    |     ^^^^^^^^^^^^^^^^^^^^^^^^^^^^^^^^^^^^^^^^^^^^^^^^^^^^^^^^ method `MaterialProfiler::get_timing_table` is reachable at visibility `pub`
    |
note: but type `MaterialTimingEntry` is only usable at visibility `pub(crate)`
   --> crates\helio-pass-perf-overlay\src\lib.rs:117:1
    |
117 | struct MaterialTimingEntry {
    | ^^^^^^^^^^^^^^^^^^^^^^^^^^
    = note: `#[warn(private_interfaces)]` on by default

warning: type `MaterialTimingEntry` is more private than the item `PerfOverlayShared::get_material_timings`
   --> crates\helio-pass-perf-overlay\src\lib.rs:902:5
    |
902 |     pub fn get_material_timings(&self) -> &[MaterialTimingEntry] {
    |     ^^^^^^^^^^^^^^^^^^^^^^^^^^^^^^^^^^^^^^^^^^^^^^^^^^^^^^^^^^^^ method `PerfOverlayShared::get_material_timings` is reachable at visibility `pub`
    |
note: but type `MaterialTimingEntry` is only usable at visibility `pub(crate)`
   --> crates\helio-pass-perf-overlay\src\lib.rs:117:1
    |
117 | struct MaterialTimingEntry {
    | ^^^^^^^^^^^^^^^^^^^^^^^^^^

warning: field `color_snapshot_prev` is never read
   --> crates\helio-pass-perf-overlay\src\lib.rs:139:5
    |
129 | pub struct PerfOverlayShared {
    |            ----------------- field in this struct
...
139 |     color_snapshot_prev: wgpu::Texture,
    |     ^^^^^^^^^^^^^^^^^^^
    |
    = note: `#[warn(dead_code)]` (part of `#[warn(unused)]`) on by default

warning: field `test_texture` is never read
   --> crates\helio-pass-perf-overlay\src\lib.rs:204:5
    |
200 | pub struct MaterialProfiler {
    |            ---------------- field in this struct
...
204 |     test_texture: wgpu::Texture,
    |     ^^^^^^^^^^^^

warning: unused `Result` that must be used
   --> crates\helio-pass-perf-overlay\src\lib.rs:501:9
    |
501 |         device.poll(wgpu::PollType::wait_indefinitely());
    |         ^^^^^^^^^^^^^^^^^^^^^^^^^^^^^^^^^^^^^^^^^^^^^^^^
    |
    = note: this `Result` may be an `Err` variant, which should be handled
    = note: `#[warn(unused_must_use)]` (part of `#[warn(unused)]`) on by default
help: use `let _ = ...` to ignore the resulting value
    |
501 |         let _ = device.poll(wgpu::PollType::wait_indefinitely());
    |         +++++++

warning: unused variable: `fallback_env_texture`
   --> crates\helio-pass-deferred-light\src\lib.rs:347:14
    |
347 |         let (fallback_env_texture, fallback_env_view) = black_cube_texture(device...
    |              ^^^^^^^^^^^^^^^^^^^^ help: if this is intentional, prefix it with an underscore: `_fallback_env_texture`
    |
    = note: `#[warn(unused_variables)]` (part of `#[warn(unused)]`) on by default

warning: unused variable: `fallback_rc_texture`
   --> crates\helio-pass-deferred-light\src\lib.rs:358:14
    |
358 |         let (fallback_rc_texture, fallback_rc_view) =
    |              ^^^^^^^^^^^^^^^^^^^ help: if this is intentional, prefix it with an underscore: `_fallback_rc_texture`

warning: unused variable: `fallback_caustics_texture`
   --> crates\helio-pass-deferred-light\src\lib.rs:362:14
    |
362 |         let (fallback_caustics_texture, fallback_caustics_view) =
    |              ^^^^^^^^^^^^^^^^^^^^^^^^^ help: if this is intentional, prefix it with an underscore: `_fallback_caustics_texture`

warning: unused variable: `fallback_lightmap_tex`
   --> crates\helio-pass-deferred-light\src\lib.rs:421:14
    |
421 |         let (fallback_lightmap_tex, fallback_lightmap_view) =
    |              ^^^^^^^^^^^^^^^^^^^^^ help: if this is intentional, prefix it with an underscore: `_fallback_lightmap_tex`

warning: field `bgl_0` is never read
  --> crates\helio-pass-deferred-light\src\lib.rs:26:5
   |
22 | pub struct DeferredLightPass {
   |            ----------------- field in this struct
...
26 |     bgl_0: wgpu::BindGroupLayout,
   |     ^^^^^
   |
   = note: `#[warn(dead_code)]` (part of `#[warn(unused)]`) on by default

warning: fields `bgl_2`, `globals_buf`, `sample_kernel_buf`, `noise_texture`, and `noise_sampler` are never read
  --> crates\helio-pass-ssao\src\lib.rs:56:5
   |
50 | pub struct SsaoPass {
   |            -------- fields in this struct
...
56 |     bgl_2: wgpu::BindGroupLayout,
   |     ^^^^^
...
61 |     globals_buf: wgpu::Buffer,
   |     ^^^^^^^^^^^
62 |     ssao_uniform_buf: wgpu::Buffer,
63 |     sample_kernel_buf: wgpu::Buffer,
   |     ^^^^^^^^^^^^^^^^^
64 |     noise_texture: wgpu::Texture,
   |     ^^^^^^^^^^^^^
65 |     noise_sampler: wgpu::Sampler,
   |     ^^^^^^^^^^^^^
   |
   = note: `#[warn(dead_code)]` (part of `#[warn(unused)]`) on by default

warning: fields `grid_resolution`, `world_bounds_min`, `world_bounds_max`, and `mip_count` are never read
  --> crates\helio-pass-hiz\src\lib.rs:39:5
   |
38 | struct StaticHizMetadata {
   |        ----------------- fields in this struct
39 |     grid_resolution: [u32; 3],
   |     ^^^^^^^^^^^^^^^
40 |     world_bounds_min: [f32; 3],
   |     ^^^^^^^^^^^^^^^^
41 |     world_bounds_max: [f32; 3],
   |     ^^^^^^^^^^^^^^^^
42 |     mip_count: u32,
   |     ^^^^^^^^^
   |
   = note: `StaticHizMetadata` has derived impls for the traits `Debug` and `Clone`, but these are intentionally ignored during dead code analysis
   = note: `#[warn(dead_code)]` (part of `#[warn(unused)]`) on by default

warning: `helio-pass-shadow` (lib) generated 1 warning (run `cargo fix --lib -p helio-pass-shadow` to apply 1 suggestion)
warning: `helio-pass-gbuffer` (lib) generated 1 warning (run `cargo fix --lib -p helio-pass-gbuffer` to apply 1 suggestion)
warning: `helio-pass-taa` (lib) generated 1 warning
warning: `helio-pass-virtual-geometry` (lib) generated 1 warning (run `cargo fix --lib -p helio-pass-virtual-geometry` to apply 1 suggestion)
warning: `helio-pass-sky` (lib) generated 1 warning
warning: `helio-pass-perf-overlay` (lib) generated 5 warnings
warning: `helio-pass-deferred-light` (lib) generated 5 warnings (run `cargo fix --lib -p helio-pass-deferred-light` to apply 4 suggestions)
warning: `helio-pass-ssao` (lib) generated 1 warning
warning: `helio-pass-hiz` (lib) generated 1 warning
warning: unused imports: `LightId` and `ObjectId`
  --> crates\helio\src\picking.rs:53:22
   |
53 | use crate::handles::{LightId, MeshId, ObjectId};
   |                      ^^^^^^^          ^^^^^^^^
   |
   = note: `#[warn(unused_imports)]` (part of `#[warn(unused)]`) on by default

warning: unused import: `MeshId`
 --> crates\helio\src\scene\objects\update.rs:8:34
  |
8 | use crate::handles::{MaterialId, MeshId, ObjectId};
  |                                  ^^^^^^

warning: variable does not need to be mutable
   --> crates\helio\src\renderer\renderer_impl.rs:173:13
    |
173 |         let mut renderer = Self {
    |             ----^^^^^^^^
    |             |
    |             help: remove this `mut`
    |
    = note: `#[warn(unused_mut)]` (part of `#[warn(unused)]`) on by default

warning: type `DenseSlotMeta` is more private than the item `DenseArena::slots`
  --> crates\helio\src\arena.rs:41:5
   |
41 |     pub slots: Vec<DenseSlotMeta>,
   |     ^^^^^^^^^^^^^^^^^^^^^^^^^^^^^ field `DenseArena::slots` is reachable at visibility `pub(crate)`
   |
note: but type `DenseSlotMeta` is only usable at visibility `pub(self)`
  --> crates\helio\src\arena.rs:13:1
   |
13 | struct DenseSlotMeta {
   | ^^^^^^^^^^^^^^^^^^^^
   = note: `#[warn(private_interfaces)]` on by default

warning: methods `get_mut_by_slot` and `live_len` are never used
   --> crates\helio\src\arena.rs:245:12
    |
201 | impl<T, H: Handle> SparsePool<T, H> {
    | ----------------------------------- methods in this implementation
...
245 |     pub fn get_mut_by_slot(&mut self, slot_index: usize) -> Option<&mut T> {
    |            ^^^^^^^^^^^^^^^
...
274 |     pub fn live_len(&self) -> usize {
    |            ^^^^^^^^
    |
    = note: `#[warn(dead_code)]` (part of `#[warn(unused)]`) on by default

warning: method `extract_mesh_data` is never used
   --> crates\helio\src\mesh.rs:140:19
    |
 78 | impl MeshPool {
    | ------------- method in this implementation
...
140 |     pub(crate) fn extract_mesh_data(&self, id: MeshId) -> Option<MeshUpload> {
    |                   ^^^^^^^^^^^^^^^^^

warning: method `consume_water_hitboxes_dirty_range` is never used
  --> crates\helio\src\scene\hitbox.rs:97:19
   |
16 | impl Scene {
   | ---------- method in this implementation
...
97 |     pub(crate) fn consume_water_hitboxes_dirty_range(&mut self) -> Option<(usize, usize)> {
   |                   ^^^^^^^^^^^^^^^^^^^^^^^^^^^^^^^^^^

warning: method `insert_light` is never used
  --> crates\helio\src\scene\resources\lights.rs:50:29
   |
14 | impl super::super::Scene {
   | ------------------------ method in this implementation
...
50 |     pub(in crate::scene) fn insert_light(&mut self, light: GpuLight) -> LightId {
   |                             ^^^^^^^^^^^^

warning: field `groups` is never read
   --> crates\helio\src\scene\types.rs:199:9
    |
194 | pub(crate) struct VirtualObjectRecord {
    |                   ------------------- field in this struct
...
199 |     pub groups: GroupMask,
    |         ^^^^^^
    |
    = note: `VirtualObjectRecord` has derived impls for the traits `Clone` and `Debug`, but these are intentionally ignored during dead code analysis

warning: method `consume_water_volumes_dirty_range` is never used
   --> crates\helio\src\scene\water.rs:179:19
    |
 15 | impl Scene {
    | ---------- method in this implementation
...
179 |     pub(crate) fn consume_water_volumes_dirty_range(&mut self) -> Option<(usize, usize)> {
    |                   ^^^^^^^^^^^^^^^^^^^^^^^^^^^^^^^^^

warning: function `unpack_normal` is never used
  --> crates\helio\src\vg.rs:59:4
   |
59 | fn unpack_normal(packed: u32) -> Vec3 {
   |    ^^^^^^^^^^^^^

warning: `helio` (lib) generated 11 warnings (run `cargo fix --lib -p helio` to apply 3 suggestions)
warning: unused import: `Camera`
  --> crates\helio-wasm\src\runner.rs:18:13
   |
18 | use helio::{Camera, Renderer, RendererConfig};
   |             ^^^^^^
   |
   = note: `#[warn(unused_imports)]` (part of `#[warn(unused)]`) on by default

warning: variable does not need to be mutable
   --> crates\helio-wasm\src\runner.rs:434:9
    |
434 |     let mut runner = WasmRunner::<T>::new();
    |         ----^^^^^^
    |         |
    |         help: remove this `mut`
    |
    = note: `#[warn(unused_mut)]` (part of `#[warn(unused)]`) on by default

warning: field `queue` is never read
  --> crates\helio-wasm\src\runner.rs:78:5
   |
74 | struct RunnerState<T: HelioWasmApp> {
   |        ----------- field in this struct
...
78 |     queue: Arc<wgpu::Queue>,
   |     ^^^^^
   |
   = note: `#[warn(dead_code)]` (part of `#[warn(unused)]`) on by default

warning: unused import: `std::collections::HashMap`
  --> crates\helio-asset-compat\src\lib.rs:17:5
   |
17 | use std::collections::HashMap;
   |     ^^^^^^^^^^^^^^^^^^^^^^^^^
   |
   = note: `#[warn(unused_imports)]` (part of `#[warn(unused)]`) on by default

warning: struct `AnimationState` is never constructed
  --> crates\helio-asset-compat\src\animation_system.rs:11:12
   |
11 | pub struct AnimationState {
   |            ^^^^^^^^^^^^^^
   |
   = note: `#[warn(dead_code)]` (part of `#[warn(unused)]`) on by default

warning: associated items `new`, `play`, `stop`, `update`, and `get_matrices` are never used
  --> crates\helio-asset-compat\src\animation_system.rs:31:12
   |
29 | impl AnimationState {
   | ------------------- associated items in this implementation
30 |     /// Create a new animation state from a skin and animations
31 |     pub fn new(skin: Skin, animations: Vec<Animation>) -> Self {
   |            ^^^
...
45 |     pub fn play(&mut self, animation_index: usize, looping: bool) {
   |            ^^^^
...
55 |     pub fn stop(&mut self) {
   |            ^^^^
...
60 |     pub fn update(&mut self, delta_time: f32) {
   |            ^^^^^^
...
71 |     pub fn get_matrices(&self) -> &[Mat4] {
   |            ^^^^^^^^^^^^

warning: `helio-wasm` (lib) generated 3 warnings (run `cargo fix --lib -p helio-wasm` to apply 2 suggestions)
warning: `helio-asset-compat` (lib) generated 3 warnings (run `cargo fix --lib -p helio-asset-compat` to apply 1 suggestion)
warning: unused import: `MeshId`
 --> crates\helio-web-demos\src\common.rs:7:51
  |
7 |     GpuLight, GpuMaterial, LightType, MaterialId, MeshId, MeshUpload, ObjectDescriptor,
  |                                                   ^^^^^^
  |
  = note: `#[warn(unused_imports)]` (part of `#[warn(unused)]`) on by default

warning: unused import: `box_mesh`
 --> crates\helio-web-demos\src\..\examples-wasm\render_v2_basic.rs:9:21
  |
9 | use crate::common::{box_mesh, cube_mesh, insert_object, make_material, plane_mesh, point_light};
  |                     ^^^^^^^^

warning: function `directional_light` is never used
  --> crates\helio-web-demos\src\common.rs:33:8
   |
33 | pub fn directional_light(direction: [f32; 3], color: [f32; 3], intensity: f32) -> GpuLight {
   |        ^^^^^^^^^^^^^^^^^
   |
   = note: `#[warn(dead_code)]` (part of `#[warn(unused)]`) on by default

warning: function `spot_light` is never used
  --> crates\helio-web-demos\src\common.rs:57:8
   |
57 | pub fn spot_light(
   |        ^^^^^^^^^^

warning: fields `cube1`, `cube2`, and `cube3` are never read
  --> crates\helio-web-demos\src\..\examples-wasm\render_v2_basic.rs:15:5
   |
14 | pub struct Demo {
   |            ---- fields in this struct
15 |     cube1: SceneActorId,
   |     ^^^^^
16 |     cube2: SceneActorId,
   |     ^^^^^
17 |     cube3: SceneActorId,
   |     ^^^^^

warning: `helio-web-demos` (lib) generated 5 warnings (run `cargo fix --lib -p helio-web-demos` to apply 2 suggestions)
    Finished `release` profile [optimized] target(s) in 0.35s
warning: unused variable: `name`
   --> crates\helio-v3\src\profiling\cpu.rs:121:29
    |
121 |     pub fn scope(&mut self, name: &'static str) -> ScopeGuard {
    |                             ^^^^ help: if this is intentional, prefix it with an underscore: `_name`
    |
    = note: `#[warn(unused_variables)]` (part of `#[warn(unused)]`) on by default

warning: field `profiler` is never read
   --> crates\helio-v3\src\context.rs:194:16
    |
165 | pub struct PassContext<'a> {
    |            ----------- field in this struct
...
194 |     pub(crate) profiler: &'a mut Profiler,
    |                ^^^^^^^^
    |
    = note: `#[warn(dead_code)]` (part of `#[warn(unused)]`) on by default

warning: fields `texture` and `name` are never read
  --> crates\helio-v3\src\graph\executor.rs:89:5
   |
87 | struct TransientTexture {
   |        ---------------- fields in this struct
88 |     /// The GPU texture (owned by the graph)
89 |     texture: wgpu::Texture,
   |     ^^^^^^^
...
93 |     name: &'static str,
   |     ^^^^

warning: method `finish` is never used
   --> crates\helio-v3\src\graph\resource.rs:303:19
    |
192 | impl ResourceBuilder {
    | -------------------- method in this implementation
...
303 |     pub(crate) fn finish(self) -> Vec<ResourceDecl> {
    |                   ^^^^^^

warning: hiding a lifetime that's elided elsewhere is confusing
   --> crates\helio-v3\src\profiling\mod.rs:200:18
    |
200 |     pub fn scope(&mut self, name: &'static str) -> ScopeGuard {
    |                  ^^^^^^^^^                         ^^^^^^^^^^ the same lifetime is hidden here
    |                  |
    |                  the lifetime is elided here
    |
    = help: the same lifetime is referred to in inconsistent ways, making the signature confusing
    = note: `#[warn(mismatched_lifetime_syntaxes)]` on by default
help: use `'_` for type paths
    |
200 |     pub fn scope(&mut self, name: &'static str) -> ScopeGuard<'_> {
    |                                                              ++++

warning: hiding a lifetime that's elided elsewhere is confusing
   --> crates\helio-v3\src\profiling\cpu.rs:121:18
    |
121 |     pub fn scope(&mut self, name: &'static str) -> ScopeGuard {
    |                  ^^^^^^^^^                         ^^^^^^^^^^ the same lifetime is hidden here
    |                  |
    |                  the lifetime is elided here
    |
    = help: the same lifetime is referred to in inconsistent ways, making the signature confusing
help: use `'_` for type paths
    |
121 |     pub fn scope(&mut self, name: &'static str) -> ScopeGuard<'_> {
    |                                                              ++++

warning: `helio-v3` (lib) generated 6 warnings (run `cargo fix --lib -p helio-v3` to apply 3 suggestions)
warning: type `MaterialTimingEntry` is more private than the item `MaterialProfiler::get_timing_table`
   --> crates\helio-pass-perf-overlay\src\lib.rs:553:5
    |
553 |     pub fn get_timing_table(&self) -> &[MaterialTimingEntry] {
    |     ^^^^^^^^^^^^^^^^^^^^^^^^^^^^^^^^^^^^^^^^^^^^^^^^^^^^^^^^ method `MaterialProfiler::get_timing_table` is reachable at visibility `pub`
    |
note: but type `MaterialTimingEntry` is only usable at visibility `pub(crate)`
   --> crates\helio-pass-perf-overlay\src\lib.rs:117:1
    |
117 | struct MaterialTimingEntry {
    | ^^^^^^^^^^^^^^^^^^^^^^^^^^
    = note: `#[warn(private_interfaces)]` on by default

warning: type `MaterialTimingEntry` is more private than the item `PerfOverlayShared::get_material_timings`
   --> crates\helio-pass-perf-overlay\src\lib.rs:902:5
    |
902 |     pub fn get_material_timings(&self) -> &[MaterialTimingEntry] {
    |     ^^^^^^^^^^^^^^^^^^^^^^^^^^^^^^^^^^^^^^^^^^^^^^^^^^^^^^^^^^^^ method `PerfOverlayShared::get_material_timings` is reachable at visibility `pub`
    |
note: but type `MaterialTimingEntry` is only usable at visibility `pub(crate)`
   --> crates\helio-pass-perf-overlay\src\lib.rs:117:1
    |
117 | struct MaterialTimingEntry {
    | ^^^^^^^^^^^^^^^^^^^^^^^^^^

warning: field `color_snapshot_prev` is never read
   --> crates\helio-pass-perf-overlay\src\lib.rs:139:5
    |
129 | pub struct PerfOverlayShared {
    |            ----------------- field in this struct
...
139 |     color_snapshot_prev: wgpu::Texture,
    |     ^^^^^^^^^^^^^^^^^^^
    |
    = note: `#[warn(dead_code)]` (part of `#[warn(unused)]`) on by default

warning: field `test_texture` is never read
   --> crates\helio-pass-perf-overlay\src\lib.rs:204:5
    |
200 | pub struct MaterialProfiler {
    |            ---------------- field in this struct
...
204 |     test_texture: wgpu::Texture,
    |     ^^^^^^^^^^^^

warning: unused `Result` that must be used
   --> crates\helio-pass-perf-overlay\src\lib.rs:501:9
    |
501 |         device.poll(wgpu::PollType::wait_indefinitely());
    |         ^^^^^^^^^^^^^^^^^^^^^^^^^^^^^^^^^^^^^^^^^^^^^^^^
    |
    = note: this `Result` may be an `Err` variant, which should be handled
    = note: `#[warn(unused_must_use)]` (part of `#[warn(unused)]`) on by default
help: use `let _ = ...` to ignore the resulting value
    |
501 |         let _ = device.poll(wgpu::PollType::wait_indefinitely());
    |         +++++++

warning: unused variable: `texture_array_count`
   --> crates\helio-pass-gbuffer\src\lib.rs:745:9
    |
745 |     let texture_array_count =
    |         ^^^^^^^^^^^^^^^^^^^ help: if this is intentional, prefix it with an underscore: `_texture_array_count`
    |
    = note: `#[warn(unused_variables)]` (part of `#[warn(unused)]`) on by default

warning: field `velocity_fallback_texture` is never read
   --> crates\helio-pass-taa\src\lib.rs:131:5
    |
113 | pub struct TaaPass {
    |            ------- field in this struct
...
131 |     velocity_fallback_texture: wgpu::Texture,
    |     ^^^^^^^^^^^^^^^^^^^^^^^^^
    |
    = note: `#[warn(dead_code)]` (part of `#[warn(unused)]`) on by default

warning: unused variable: `fallback_env_texture`
   --> crates\helio-pass-deferred-light\src\lib.rs:347:14
    |
347 |         let (fallback_env_texture, fallback_env_view) = black_cube_texture(device...
    |              ^^^^^^^^^^^^^^^^^^^^ help: if this is intentional, prefix it with an underscore: `_fallback_env_texture`
    |
    = note: `#[warn(unused_variables)]` (part of `#[warn(unused)]`) on by default

warning: unused variable: `fallback_rc_texture`
   --> crates\helio-pass-deferred-light\src\lib.rs:358:14
    |
358 |         let (fallback_rc_texture, fallback_rc_view) =
    |              ^^^^^^^^^^^^^^^^^^^ help: if this is intentional, prefix it with an underscore: `_fallback_rc_texture`

warning: unused variable: `fallback_caustics_texture`
   --> crates\helio-pass-deferred-light\src\lib.rs:362:14
    |
362 |         let (fallback_caustics_texture, fallback_caustics_view) =
    |              ^^^^^^^^^^^^^^^^^^^^^^^^^ help: if this is intentional, prefix it with an underscore: `_fallback_caustics_texture`

warning: unused variable: `fallback_lightmap_tex`
   --> crates\helio-pass-deferred-light\src\lib.rs:421:14
    |
421 |         let (fallback_lightmap_tex, fallback_lightmap_view) =
    |              ^^^^^^^^^^^^^^^^^^^^^ help: if this is intentional, prefix it with an underscore: `_fallback_lightmap_tex`

warning: field `bgl_0` is never read
  --> crates\helio-pass-deferred-light\src\lib.rs:26:5
   |
22 | pub struct DeferredLightPass {
   |            ----------------- field in this struct
...
26 |     bgl_0: wgpu::BindGroupLayout,
   |     ^^^^^
   |
   = note: `#[warn(dead_code)]` (part of `#[warn(unused)]`) on by default

warning: unused variable: `sm_ptr`
   --> crates\helio-pass-shadow\src\lib.rs:411:13
    |
411 |         let sm_ptr = ctx.scene.shadow_matrices as *const _ as usize;
    |             ^^^^^^ help: if this is intentional, prefix it with an underscore: `_sm_ptr`
    |
    = note: `#[warn(unused_variables)]` (part of `#[warn(unused)]`) on by default

warning: fields `width`, `height`, `target_format`, and `pre_aa_tex` are never read
  --> crates\helio-pass-sky\src\lib.rs:82:5
   |
73 | pub struct SkyPass {
   |            ------- fields in this struct
...
82 |     width: u32,
   |     ^^^^^
83 |     height: u32,
   |     ^^^^^^
84 |     target_format: wgpu::TextureFormat,
   |     ^^^^^^^^^^^^^
85 |     /// Owned pre-AA render target —...
86 |     pre_aa_tex: wgpu::Texture,
   |     ^^^^^^^^^^
   |
   = note: `#[warn(dead_code)]` (part of `#[warn(unused)]`) on by default

warning: fields `grid_resolution`, `world_bounds_min`, `world_bounds_max`, and `mip_count` are never read
  --> crates\helio-pass-hiz\src\lib.rs:39:5
   |
38 | struct StaticHizMetadata {
   |        ----------------- fields in this struct
39 |     grid_resolution: [u32; 3],
   |     ^^^^^^^^^^^^^^^
40 |     world_bounds_min: [f32; 3],
   |     ^^^^^^^^^^^^^^^^
41 |     world_bounds_max: [f32; 3],
   |     ^^^^^^^^^^^^^^^^
42 |     mip_count: u32,
   |     ^^^^^^^^^
   |
   = note: `StaticHizMetadata` has derived impls for the traits `Debug` and `Clone`, but these are intentionally ignored during dead code analysis
   = note: `#[warn(dead_code)]` (part of `#[warn(unused)]`) on by default

warning: unused variable: `count`
   --> crates\helio-pass-virtual-geometry\src\lib.rs:933:9
    |
933 |     let count = NonZeroU32::new(MAX_TEXTURES as u32).expect("non-zero");
    |         ^^^^^ help: if this is intentional, prefix it with an underscore: `_count`
    |
    = note: `#[warn(unused_variables)]` (part of `#[warn(unused)]`) on by default

warning: fields `bgl_2`, `globals_buf`, `sample_kernel_buf`, `noise_texture`, and `noise_sampler` are never read
  --> crates\helio-pass-ssao\src\lib.rs:56:5
   |
50 | pub struct SsaoPass {
   |            -------- fields in this struct
...
56 |     bgl_2: wgpu::BindGroupLayout,
   |     ^^^^^
...
61 |     globals_buf: wgpu::Buffer,
   |     ^^^^^^^^^^^
62 |     ssao_uniform_buf: wgpu::Buffer,
63 |     sample_kernel_buf: wgpu::Buffer,
   |     ^^^^^^^^^^^^^^^^^
64 |     noise_texture: wgpu::Texture,
   |     ^^^^^^^^^^^^^
65 |     noise_sampler: wgpu::Sampler,
   |     ^^^^^^^^^^^^^
   |
   = note: `#[warn(dead_code)]` (part of `#[warn(unused)]`) on by default

warning: `helio-pass-perf-overlay` (lib) generated 5 warnings
warning: `helio-pass-gbuffer` (lib) generated 1 warning (run `cargo fix --lib -p helio-pass-gbuffer` to apply 1 suggestion)
warning: `helio-pass-taa` (lib) generated 1 warning
warning: `helio-pass-deferred-light` (lib) generated 5 warnings (run `cargo fix --lib -p helio-pass-deferred-light` to apply 4 suggestions)
warning: `helio-pass-shadow` (lib) generated 1 warning (run `cargo fix --lib -p helio-pass-shadow` to apply 1 suggestion)
warning: `helio-pass-sky` (lib) generated 1 warning
warning: `helio-pass-hiz` (lib) generated 1 warning
warning: `helio-pass-virtual-geometry` (lib) generated 1 warning (run `cargo fix --lib -p helio-pass-virtual-geometry` to apply 1 suggestion)
warning: `helio-pass-ssao` (lib) generated 1 warning
warning: unused imports: `LightId` and `ObjectId`
  --> crates\helio\src\picking.rs:53:22
   |
53 | use crate::handles::{LightId, MeshId, ObjectId};
   |                      ^^^^^^^          ^^^^^^^^
   |
   = note: `#[warn(unused_imports)]` (part of `#[warn(unused)]`) on by default

warning: unused import: `MeshId`
 --> crates\helio\src\scene\objects\update.rs:8:34
  |
8 | use crate::handles::{MaterialId, MeshId, ObjectId};
  |                                  ^^^^^^

warning: variable does not need to be mutable
   --> crates\helio\src\renderer\renderer_impl.rs:173:13
    |
173 |         let mut renderer = Self {
    |             ----^^^^^^^^
    |             |
    |             help: remove this `mut`
    |
    = note: `#[warn(unused_mut)]` (part of `#[warn(unused)]`) on by default

warning: type `DenseSlotMeta` is more private than the item `DenseArena::slots`
  --> crates\helio\src\arena.rs:41:5
   |
41 |     pub slots: Vec<DenseSlotMeta>,
   |     ^^^^^^^^^^^^^^^^^^^^^^^^^^^^^ field `DenseArena::slots` is reachable at visibility `pub(crate)`
   |
note: but type `DenseSlotMeta` is only usable at visibility `pub(self)`
  --> crates\helio\src\arena.rs:13:1
   |
13 | struct DenseSlotMeta {
   | ^^^^^^^^^^^^^^^^^^^^
   = note: `#[warn(private_interfaces)]` on by default

warning: methods `get_mut_by_slot` and `live_len` are never used
   --> crates\helio\src\arena.rs:245:12
    |
201 | impl<T, H: Handle> SparsePool<T, H> {
    | ----------------------------------- methods in this implementation
...
245 |     pub fn get_mut_by_slot(&mut self, slot_index: usize) -> Option<&mut T> {
    |            ^^^^^^^^^^^^^^^
...
274 |     pub fn live_len(&self) -> usize {
    |            ^^^^^^^^
    |
    = note: `#[warn(dead_code)]` (part of `#[warn(unused)]`) on by default

warning: method `extract_mesh_data` is never used
   --> crates\helio\src\mesh.rs:140:19
    |
 78 | impl MeshPool {
    | ------------- method in this implementation
...
140 |     pub(crate) fn extract_mesh_data(&self, id: MeshId) -> Option<MeshUpload> {
    |                   ^^^^^^^^^^^^^^^^^

warning: method `consume_water_hitboxes_dirty_range` is never used
  --> crates\helio\src\scene\hitbox.rs:97:19
   |
16 | impl Scene {
   | ---------- method in this implementation
...
97 |     pub(crate) fn consume_water_hitboxes_dirty_range(&mut self) -> Option<(usize, usize)> {
   |                   ^^^^^^^^^^^^^^^^^^^^^^^^^^^^^^^^^^

warning: method `insert_light` is never used
  --> crates\helio\src\scene\resources\lights.rs:50:29
   |
14 | impl super::super::Scene {
   | ------------------------ method in this implementation
...
50 |     pub(in crate::scene) fn insert_light(&mut self, light: GpuLight) -> LightId {
   |                             ^^^^^^^^^^^^

warning: field `groups` is never read
   --> crates\helio\src\scene\types.rs:199:9
    |
194 | pub(crate) struct VirtualObjectRecord {
    |                   ------------------- field in this struct
...
199 |     pub groups: GroupMask,
    |         ^^^^^^
    |
    = note: `VirtualObjectRecord` has derived impls for the traits `Clone` and `Debug`, but these are intentionally ignored during dead code analysis

warning: method `consume_water_volumes_dirty_range` is never used
   --> crates\helio\src\scene\water.rs:179:19
    |
 15 | impl Scene {
    | ---------- method in this implementation
...
179 |     pub(crate) fn consume_water_volumes_dirty_range(&mut self) -> Option<(usize, usize)> {
    |                   ^^^^^^^^^^^^^^^^^^^^^^^^^^^^^^^^^

warning: function `unpack_normal` is never used
  --> crates\helio\src\vg.rs:59:4
   |
59 | fn unpack_normal(packed: u32) -> Vec3 {
   |    ^^^^^^^^^^^^^

warning: `helio` (lib) generated 11 warnings (run `cargo fix --lib -p helio` to apply 3 suggestions)
warning: unused import: `std::collections::HashMap`
  --> crates\helio-asset-compat\src\lib.rs:17:5
   |
17 | use std::collections::HashMap;
   |     ^^^^^^^^^^^^^^^^^^^^^^^^^
   |
   = note: `#[warn(unused_imports)]` (part of `#[warn(unused)]`) on by default

warning: struct `AnimationState` is never constructed
  --> crates\helio-asset-compat\src\animation_system.rs:11:12
   |
11 | pub struct AnimationState {
   |            ^^^^^^^^^^^^^^
   |
   = note: `#[warn(dead_code)]` (part of `#[warn(unused)]`) on by default

warning: associated items `new`, `play`, `stop`, `update`, and `get_matrices` are never used
  --> crates\helio-asset-compat\src\animation_system.rs:31:12
   |
29 | impl AnimationState {
   | ------------------- associated items in this implementation
30 |     /// Create a new animation state from a skin and animations
31 |     pub fn new(skin: Skin, animations: Vec<Animation>) -> Self {
   |            ^^^
...
45 |     pub fn play(&mut self, animation_index: usize, looping: bool) {
   |            ^^^^
...
55 |     pub fn stop(&mut self) {
   |            ^^^^
...
60 |     pub fn update(&mut self, delta_time: f32) {
   |            ^^^^^^
...
71 |     pub fn get_matrices(&self) -> &[Mat4] {
   |            ^^^^^^^^^^^^

warning: unused import: `Camera`
  --> crates\helio-wasm\src\runner.rs:18:13
   |
18 | use helio::{Camera, Renderer, RendererConfig};
   |             ^^^^^^
   |
   = note: `#[warn(unused_imports)]` (part of `#[warn(unused)]`) on by default

warning: variable does not need to be mutable
   --> crates\helio-wasm\src\runner.rs:434:9
    |
434 |     let mut runner = WasmRunner::<T>::new();
    |         ----^^^^^^
    |         |
    |         help: remove this `mut`
    |
    = note: `#[warn(unused_mut)]` (part of `#[warn(unused)]`) on by default

warning: field `queue` is never read
  --> crates\helio-wasm\src\runner.rs:78:5
   |
74 | struct RunnerState<T: HelioWasmApp> {
   |        ----------- field in this struct
...
78 |     queue: Arc<wgpu::Queue>,
   |     ^^^^^
   |
   = note: `#[warn(dead_code)]` (part of `#[warn(unused)]`) on by default

warning: `helio-asset-compat` (lib) generated 3 warnings (run `cargo fix --lib -p helio-asset-compat` to apply 1 suggestion)
warning: `helio-wasm` (lib) generated 3 warnings (run `cargo fix --lib -p helio-wasm` to apply 2 suggestions)
   Compiling helio-web-demos v0.1.0 (E:\Documents\GitHub\Helio\crates\helio-web-demos)
warning: unused import: `MeshId`
 --> crates\helio-web-demos\src\common.rs:7:51
  |
7 |     GpuLight, GpuMaterial, LightType, MaterialId, MeshId, MeshUpload, ObjectDescriptor,
  |                                                   ^^^^^^
  |
  = note: `#[warn(unused_imports)]` (part of `#[warn(unused)]`) on by default

error[E0308]: mismatched types
  --> crates\helio-web-demos\src\..\examples-wasm\render_v2_sky.rs:73:21
   |
73 |             _cube1: cube1,
   |                     ^^^^^ expected `MeshId`, found `SceneActorId`

error[E0308]: mismatched types
  --> crates\helio-web-demos\src\..\examples-wasm\render_v2_sky.rs:74:21
   |
74 |             _cube2: cube2,
   |                     ^^^^^ expected `MeshId`, found `SceneActorId`

error[E0308]: mismatched types
  --> crates\helio-web-demos\src\..\examples-wasm\render_v2_sky.rs:75:21
   |
75 |             _cube3: cube3,
   |                     ^^^^^ expected `MeshId`, found `SceneActorId`

error[E0308]: mismatched types
  --> crates\helio-web-demos\src\..\examples-wasm\render_v2_sky.rs:76:22
   |
76 |             _ground: ground,
   |                      ^^^^^^ expected `MeshId`, found `SceneActorId`

error[E0308]: mismatched types
  --> crates\helio-web-demos\src\..\examples-wasm\render_v2_sky.rs:77:20
   |
77 |             _roof: roof,
   |                    ^^^^ expected `MeshId`, found `SceneActorId`

error[E0308]: mismatched types
  --> crates\helio-web-demos\src\..\examples-wasm\render_v2_sky.rs:78:13
   |
78 |             sun_light,
   |             ^^^^^^^^^ expected `LightId`, found `SceneActorId`

For more information about this error, try `rustc --explain E0308`.
warning: `helio-web-demos` (lib) generated 1 warning
error: could not compile `helio-web-demos` (lib) due to 6 previous errors; 1 warning emitted
warning: unused variable: `name`
   --> crates\helio-v3\src\profiling\cpu.rs:121:29
    |
121 |     pub fn scope(&mut self, name: &'static str) -> ScopeGuard {
    |                             ^^^^ help: if this is intentional, prefix it with an underscore: `_name`
    |
    = note: `#[warn(unused_variables)]` (part of `#[warn(unused)]`) on by default

warning: field `profiler` is never read
   --> crates\helio-v3\src\context.rs:194:16
    |
165 | pub struct PassContext<'a> {
    |            ----------- field in this struct
...
194 |     pub(crate) profiler: &'a mut Profiler,
    |                ^^^^^^^^
    |
    = note: `#[warn(dead_code)]` (part of `#[warn(unused)]`) on by default

warning: fields `texture` and `name` are never read
  --> crates\helio-v3\src\graph\executor.rs:89:5
   |
87 | struct TransientTexture {
   |        ---------------- fields in this struct
88 |     /// The GPU texture (owned by the graph)
89 |     texture: wgpu::Texture,
   |     ^^^^^^^
...
93 |     name: &'static str,
   |     ^^^^

warning: method `finish` is never used
   --> crates\helio-v3\src\graph\resource.rs:303:19
    |
192 | impl ResourceBuilder {
    | -------------------- method in this implementation
...
303 |     pub(crate) fn finish(self) -> Vec<ResourceDecl> {
    |                   ^^^^^^

warning: hiding a lifetime that's elided elsewhere is confusing
   --> crates\helio-v3\src\profiling\mod.rs:200:18
    |
200 |     pub fn scope(&mut self, name: &'static str) -> ScopeGuard {
    |                  ^^^^^^^^^                         ^^^^^^^^^^ the same lifetime is hidden here
    |                  |
    |                  the lifetime is elided here
    |
    = help: the same lifetime is referred to in inconsistent ways, making the signature confusing
    = note: `#[warn(mismatched_lifetime_syntaxes)]` on by default
help: use `'_` for type paths
    |
200 |     pub fn scope(&mut self, name: &'static str) -> ScopeGuard<'_> {
    |                                                              ++++

warning: hiding a lifetime that's elided elsewhere is confusing
   --> crates\helio-v3\src\profiling\cpu.rs:121:18
    |
121 |     pub fn scope(&mut self, name: &'static str) -> ScopeGuard {
    |                  ^^^^^^^^^                         ^^^^^^^^^^ the same lifetime is hidden here
    |                  |
    |                  the lifetime is elided here
    |
    = help: the same lifetime is referred to in inconsistent ways, making the signature confusing
help: use `'_` for type paths
    |
121 |     pub fn scope(&mut self, name: &'static str) -> ScopeGuard<'_> {
    |                                                              ++++

warning: `helio-v3` (lib) generated 6 warnings (run `cargo fix --lib -p helio-v3` to apply 3 suggestions)
warning: unused variable: `fallback_env_texture`
   --> crates\helio-pass-deferred-light\src\lib.rs:347:14
    |
347 |         let (fallback_env_texture, fallback_env_view) = black_cube_texture(device...
    |              ^^^^^^^^^^^^^^^^^^^^ help: if this is intentional, prefix it with an underscore: `_fallback_env_texture`
    |
    = note: `#[warn(unused_variables)]` (part of `#[warn(unused)]`) on by default

warning: unused variable: `fallback_rc_texture`
   --> crates\helio-pass-deferred-light\src\lib.rs:358:14
    |
358 |         let (fallback_rc_texture, fallback_rc_view) =
    |              ^^^^^^^^^^^^^^^^^^^ help: if this is intentional, prefix it with an underscore: `_fallback_rc_texture`

warning: unused variable: `fallback_caustics_texture`
   --> crates\helio-pass-deferred-light\src\lib.rs:362:14
    |
362 |         let (fallback_caustics_texture, fallback_caustics_view) =
    |              ^^^^^^^^^^^^^^^^^^^^^^^^^ help: if this is intentional, prefix it with an underscore: `_fallback_caustics_texture`

warning: unused variable: `fallback_lightmap_tex`
   --> crates\helio-pass-deferred-light\src\lib.rs:421:14
    |
421 |         let (fallback_lightmap_tex, fallback_lightmap_view) =
    |              ^^^^^^^^^^^^^^^^^^^^^ help: if this is intentional, prefix it with an underscore: `_fallback_lightmap_tex`

warning: field `bgl_0` is never read
  --> crates\helio-pass-deferred-light\src\lib.rs:26:5
   |
22 | pub struct DeferredLightPass {
   |            ----------------- field in this struct
...
26 |     bgl_0: wgpu::BindGroupLayout,
   |     ^^^^^
   |
   = note: `#[warn(dead_code)]` (part of `#[warn(unused)]`) on by default

warning: fields `width`, `height`, `target_format`, and `pre_aa_tex` are never read
  --> crates\helio-pass-sky\src\lib.rs:82:5
   |
73 | pub struct SkyPass {
   |            ------- fields in this struct
...
82 |     width: u32,
   |     ^^^^^
83 |     height: u32,
   |     ^^^^^^
84 |     target_format: wgpu::TextureFormat,
   |     ^^^^^^^^^^^^^
85 |     /// Owned pre-AA render target —...
86 |     pre_aa_tex: wgpu::Texture,
   |     ^^^^^^^^^^
   |
   = note: `#[warn(dead_code)]` (part of `#[warn(unused)]`) on by default

warning: unused variable: `texture_array_count`
   --> crates\helio-pass-gbuffer\src\lib.rs:745:9
    |
745 |     let texture_array_count =
    |         ^^^^^^^^^^^^^^^^^^^ help: if this is intentional, prefix it with an underscore: `_texture_array_count`
    |
    = note: `#[warn(unused_variables)]` (part of `#[warn(unused)]`) on by default

warning: unused variable: `count`
   --> crates\helio-pass-virtual-geometry\src\lib.rs:933:9
    |
933 |     let count = NonZeroU32::new(MAX_TEXTURES as u32).expect("non-zero");
    |         ^^^^^ help: if this is intentional, prefix it with an underscore: `_count`
    |
    = note: `#[warn(unused_variables)]` (part of `#[warn(unused)]`) on by default

warning: field `velocity_fallback_texture` is never read
   --> crates\helio-pass-taa\src\lib.rs:131:5
    |
113 | pub struct TaaPass {
    |            ------- field in this struct
...
131 |     velocity_fallback_texture: wgpu::Texture,
    |     ^^^^^^^^^^^^^^^^^^^^^^^^^
    |
    = note: `#[warn(dead_code)]` (part of `#[warn(unused)]`) on by default

warning: fields `grid_resolution`, `world_bounds_min`, `world_bounds_max`, and `mip_count` are never read
  --> crates\helio-pass-hiz\src\lib.rs:39:5
   |
38 | struct StaticHizMetadata {
   |        ----------------- fields in this struct
39 |     grid_resolution: [u32; 3],
   |     ^^^^^^^^^^^^^^^
40 |     world_bounds_min: [f32; 3],
   |     ^^^^^^^^^^^^^^^^
41 |     world_bounds_max: [f32; 3],
   |     ^^^^^^^^^^^^^^^^
42 |     mip_count: u32,
   |     ^^^^^^^^^
   |
   = note: `StaticHizMetadata` has derived impls for the traits `Debug` and `Clone`, but these are intentionally ignored during dead code analysis
   = note: `#[warn(dead_code)]` (part of `#[warn(unused)]`) on by default

warning: fields `bgl_2`, `globals_buf`, `sample_kernel_buf`, `noise_texture`, and `noise_sampler` are never read
  --> crates\helio-pass-ssao\src\lib.rs:56:5
   |
50 | pub struct SsaoPass {
   |            -------- fields in this struct
...
56 |     bgl_2: wgpu::BindGroupLayout,
   |     ^^^^^
...
61 |     globals_buf: wgpu::Buffer,
   |     ^^^^^^^^^^^
62 |     ssao_uniform_buf: wgpu::Buffer,
63 |     sample_kernel_buf: wgpu::Buffer,
   |     ^^^^^^^^^^^^^^^^^
64 |     noise_texture: wgpu::Texture,
   |     ^^^^^^^^^^^^^
65 |     noise_sampler: wgpu::Sampler,
   |     ^^^^^^^^^^^^^
   |
   = note: `#[warn(dead_code)]` (part of `#[warn(unused)]`) on by default

warning: unused variable: `sm_ptr`
   --> crates\helio-pass-shadow\src\lib.rs:411:13
    |
411 |         let sm_ptr = ctx.scene.shadow_matrices as *const _ as usize;
    |             ^^^^^^ help: if this is intentional, prefix it with an underscore: `_sm_ptr`
    |
    = note: `#[warn(unused_variables)]` (part of `#[warn(unused)]`) on by default

warning: type `MaterialTimingEntry` is more private than the item `MaterialProfiler::get_timing_table`
   --> crates\helio-pass-perf-overlay\src\lib.rs:553:5
    |
553 |     pub fn get_timing_table(&self) -> &[MaterialTimingEntry] {
    |     ^^^^^^^^^^^^^^^^^^^^^^^^^^^^^^^^^^^^^^^^^^^^^^^^^^^^^^^^ method `MaterialProfiler::get_timing_table` is reachable at visibility `pub`
    |
note: but type `MaterialTimingEntry` is only usable at visibility `pub(crate)`
   --> crates\helio-pass-perf-overlay\src\lib.rs:117:1
    |
117 | struct MaterialTimingEntry {
    | ^^^^^^^^^^^^^^^^^^^^^^^^^^
    = note: `#[warn(private_interfaces)]` on by default

warning: type `MaterialTimingEntry` is more private than the item `PerfOverlayShared::get_material_timings`
   --> crates\helio-pass-perf-overlay\src\lib.rs:902:5
    |
902 |     pub fn get_material_timings(&self) -> &[MaterialTimingEntry] {
    |     ^^^^^^^^^^^^^^^^^^^^^^^^^^^^^^^^^^^^^^^^^^^^^^^^^^^^^^^^^^^^ method `PerfOverlayShared::get_material_timings` is reachable at visibility `pub`
    |
note: but type `MaterialTimingEntry` is only usable at visibility `pub(crate)`
   --> crates\helio-pass-perf-overlay\src\lib.rs:117:1
    |
117 | struct MaterialTimingEntry {
    | ^^^^^^^^^^^^^^^^^^^^^^^^^^

warning: field `color_snapshot_prev` is never read
   --> crates\helio-pass-perf-overlay\src\lib.rs:139:5
    |
129 | pub struct PerfOverlayShared {
    |            ----------------- field in this struct
...
139 |     color_snapshot_prev: wgpu::Texture,
    |     ^^^^^^^^^^^^^^^^^^^
    |
    = note: `#[warn(dead_code)]` (part of `#[warn(unused)]`) on by default

warning: field `test_texture` is never read
   --> crates\helio-pass-perf-overlay\src\lib.rs:204:5
    |
200 | pub struct MaterialProfiler {
    |            ---------------- field in this struct
...
204 |     test_texture: wgpu::Texture,
    |     ^^^^^^^^^^^^

warning: unused `Result` that must be used
   --> crates\helio-pass-perf-overlay\src\lib.rs:501:9
    |
501 |         device.poll(wgpu::PollType::wait_indefinitely());
    |         ^^^^^^^^^^^^^^^^^^^^^^^^^^^^^^^^^^^^^^^^^^^^^^^^
    |
    = note: this `Result` may be an `Err` variant, which should be handled
    = note: `#[warn(unused_must_use)]` (part of `#[warn(unused)]`) on by default
help: use `let _ = ...` to ignore the resulting value
    |
501 |         let _ = device.poll(wgpu::PollType::wait_indefinitely());
    |         +++++++

warning: `helio-pass-deferred-light` (lib) generated 5 warnings (run `cargo fix --lib -p helio-pass-deferred-light` to apply 4 suggestions)
warning: `helio-pass-sky` (lib) generated 1 warning
warning: `helio-pass-gbuffer` (lib) generated 1 warning (run `cargo fix --lib -p helio-pass-gbuffer` to apply 1 suggestion)
warning: `helio-pass-virtual-geometry` (lib) generated 1 warning (run `cargo fix --lib -p helio-pass-virtual-geometry` to apply 1 suggestion)
warning: `helio-pass-taa` (lib) generated 1 warning
warning: `helio-pass-hiz` (lib) generated 1 warning
warning: `helio-pass-ssao` (lib) generated 1 warning
warning: `helio-pass-shadow` (lib) generated 1 warning (run `cargo fix --lib -p helio-pass-shadow` to apply 1 suggestion)
warning: `helio-pass-perf-overlay` (lib) generated 5 warnings
warning: unused imports: `LightId` and `ObjectId`
  --> crates\helio\src\picking.rs:53:22
   |
53 | use crate::handles::{LightId, MeshId, ObjectId};
   |                      ^^^^^^^          ^^^^^^^^
   |
   = note: `#[warn(unused_imports)]` (part of `#[warn(unused)]`) on by default

warning: unused import: `MeshId`
 --> crates\helio\src\scene\objects\update.rs:8:34
  |
8 | use crate::handles::{MaterialId, MeshId, ObjectId};
  |                                  ^^^^^^

warning: variable does not need to be mutable
   --> crates\helio\src\renderer\renderer_impl.rs:173:13
    |
173 |         let mut renderer = Self {
    |             ----^^^^^^^^
    |             |
    |             help: remove this `mut`
    |
    = note: `#[warn(unused_mut)]` (part of `#[warn(unused)]`) on by default

warning: type `DenseSlotMeta` is more private than the item `DenseArena::slots`
  --> crates\helio\src\arena.rs:41:5
   |
41 |     pub slots: Vec<DenseSlotMeta>,
   |     ^^^^^^^^^^^^^^^^^^^^^^^^^^^^^ field `DenseArena::slots` is reachable at visibility `pub(crate)`
   |
note: but type `DenseSlotMeta` is only usable at visibility `pub(self)`
  --> crates\helio\src\arena.rs:13:1
   |
13 | struct DenseSlotMeta {
   | ^^^^^^^^^^^^^^^^^^^^
   = note: `#[warn(private_interfaces)]` on by default

warning: methods `get_mut_by_slot` and `live_len` are never used
   --> crates\helio\src\arena.rs:245:12
    |
201 | impl<T, H: Handle> SparsePool<T, H> {
    | ----------------------------------- methods in this implementation
...
245 |     pub fn get_mut_by_slot(&mut self, slot_index: usize) -> Option<&mut T> {
    |            ^^^^^^^^^^^^^^^
...
274 |     pub fn live_len(&self) -> usize {
    |            ^^^^^^^^
    |
    = note: `#[warn(dead_code)]` (part of `#[warn(unused)]`) on by default

warning: method `extract_mesh_data` is never used
   --> crates\helio\src\mesh.rs:140:19
    |
 78 | impl MeshPool {
    | ------------- method in this implementation
...
140 |     pub(crate) fn extract_mesh_data(&self, id: MeshId) -> Option<MeshUpload> {
    |                   ^^^^^^^^^^^^^^^^^

warning: method `consume_water_hitboxes_dirty_range` is never used
  --> crates\helio\src\scene\hitbox.rs:97:19
   |
16 | impl Scene {
   | ---------- method in this implementation
...
97 |     pub(crate) fn consume_water_hitboxes_dirty_range(&mut self) -> Option<(usize, usize)> {
   |                   ^^^^^^^^^^^^^^^^^^^^^^^^^^^^^^^^^^

warning: method `insert_light` is never used
  --> crates\helio\src\scene\resources\lights.rs:50:29
   |
14 | impl super::super::Scene {
   | ------------------------ method in this implementation
...
50 |     pub(in crate::scene) fn insert_light(&mut self, light: GpuLight) -> LightId {
   |                             ^^^^^^^^^^^^

warning: field `groups` is never read
   --> crates\helio\src\scene\types.rs:199:9
    |
194 | pub(crate) struct VirtualObjectRecord {
    |                   ------------------- field in this struct
...
199 |     pub groups: GroupMask,
    |         ^^^^^^
    |
    = note: `VirtualObjectRecord` has derived impls for the traits `Clone` and `Debug`, but these are intentionally ignored during dead code analysis

warning: method `consume_water_volumes_dirty_range` is never used
   --> crates\helio\src\scene\water.rs:179:19
    |
 15 | impl Scene {
    | ---------- method in this implementation
...
179 |     pub(crate) fn consume_water_volumes_dirty_range(&mut self) -> Option<(usize, usize)> {
    |                   ^^^^^^^^^^^^^^^^^^^^^^^^^^^^^^^^^

warning: function `unpack_normal` is never used
  --> crates\helio\src\vg.rs:59:4
   |
59 | fn unpack_normal(packed: u32) -> Vec3 {
   |    ^^^^^^^^^^^^^

warning: `helio` (lib) generated 11 warnings (run `cargo fix --lib -p helio` to apply 3 suggestions)
warning: unused import: `std::collections::HashMap`
  --> crates\helio-asset-compat\src\lib.rs:17:5
   |
17 | use std::collections::HashMap;
   |     ^^^^^^^^^^^^^^^^^^^^^^^^^
   |
   = note: `#[warn(unused_imports)]` (part of `#[warn(unused)]`) on by default

warning: struct `AnimationState` is never constructed
  --> crates\helio-asset-compat\src\animation_system.rs:11:12
   |
11 | pub struct AnimationState {
   |            ^^^^^^^^^^^^^^
   |
   = note: `#[warn(dead_code)]` (part of `#[warn(unused)]`) on by default

warning: associated items `new`, `play`, `stop`, `update`, and `get_matrices` are never used
  --> crates\helio-asset-compat\src\animation_system.rs:31:12
   |
29 | impl AnimationState {
   | ------------------- associated items in this implementation
30 |     /// Create a new animation state from a skin and animations
31 |     pub fn new(skin: Skin, animations: Vec<Animation>) -> Self {
   |            ^^^
...
45 |     pub fn play(&mut self, animation_index: usize, looping: bool) {
   |            ^^^^
...
55 |     pub fn stop(&mut self) {
   |            ^^^^
...
60 |     pub fn update(&mut self, delta_time: f32) {
   |            ^^^^^^
...
71 |     pub fn get_matrices(&self) -> &[Mat4] {
   |            ^^^^^^^^^^^^

warning: unused import: `Camera`
  --> crates\helio-wasm\src\runner.rs:18:13
   |
18 | use helio::{Camera, Renderer, RendererConfig};
   |             ^^^^^^
   |
   = note: `#[warn(unused_imports)]` (part of `#[warn(unused)]`) on by default

warning: variable does not need to be mutable
   --> crates\helio-wasm\src\runner.rs:434:9
    |
434 |     let mut runner = WasmRunner::<T>::new();
    |         ----^^^^^^
    |         |
    |         help: remove this `mut`
    |
    = note: `#[warn(unused_mut)]` (part of `#[warn(unused)]`) on by default

warning: field `queue` is never read
  --> crates\helio-wasm\src\runner.rs:78:5
   |
74 | struct RunnerState<T: HelioWasmApp> {
   |        ----------- field in this struct
...
78 |     queue: Arc<wgpu::Queue>,
   |     ^^^^^
   |
   = note: `#[warn(dead_code)]` (part of `#[warn(unused)]`) on by default

warning: `helio-asset-compat` (lib) generated 3 warnings (run `cargo fix --lib -p helio-asset-compat` to apply 1 suggestion)
warning: `helio-wasm` (lib) generated 3 warnings (run `cargo fix --lib -p helio-wasm` to apply 2 suggestions)
   Compiling helio-web-demos v0.1.0 (E:\Documents\GitHub\Helio\crates\helio-web-demos)
warning: unused import: `MeshId`
 --> crates\helio-web-demos\src\common.rs:7:51
  |
7 |     GpuLight, GpuMaterial, LightType, MaterialId, MeshId, MeshUpload, ObjectDescriptor,
  |                                                   ^^^^^^
  |
  = note: `#[warn(unused_imports)]` (part of `#[warn(unused)]`) on by default

warning: function `spot_light` is never used
  --> crates\helio-web-demos\src\common.rs:57:8
   |
57 | pub fn spot_light(
   |        ^^^^^^^^^^
   |
   = note: `#[warn(dead_code)]` (part of `#[warn(unused)]`) on by default

warning: function `cube_mesh` is never used
   --> crates\helio-web-demos\src\common.rs:106:8
    |
106 | pub fn cube_mesh(center: [f32; 3], half_extent: f32) -> MeshUpload {
    |        ^^^^^^^^^

warning: function `plane_mesh` is never used
   --> crates\helio-web-demos\src\common.rs:150:8
    |
150 | pub fn plane_mesh(center: [f32; 3], half_extent: f32) -> MeshUpload {
    |        ^^^^^^^^^^

warning: `helio-web-demos` (lib) generated 4 warnings (run `cargo fix --lib -p helio-web-demos` to apply 1 suggestion)
    Finished `release` profile [optimized] target(s) in 1.04s
warning: unused variable: `name`
   --> crates\helio-v3\src\profiling\cpu.rs:121:29
    |
121 |     pub fn scope(&mut self, name: &'static str) -> ScopeGuard {
    |                             ^^^^ help: if this is intentional, prefix it with an underscore: `_name`
    |
    = note: `#[warn(unused_variables)]` (part of `#[warn(unused)]`) on by default

warning: field `profiler` is never read
   --> crates\helio-v3\src\context.rs:194:16
    |
165 | pub struct PassContext<'a> {
    |            ----------- field in this struct
...
194 |     pub(crate) profiler: &'a mut Profiler,
    |                ^^^^^^^^
    |
    = note: `#[warn(dead_code)]` (part of `#[warn(unused)]`) on by default

warning: fields `texture` and `name` are never read
  --> crates\helio-v3\src\graph\executor.rs:89:5
   |
87 | struct TransientTexture {
   |        ---------------- fields in this struct
88 |     /// The GPU texture (owned by the graph)
89 |     texture: wgpu::Texture,
   |     ^^^^^^^
...
93 |     name: &'static str,
   |     ^^^^

warning: method `finish` is never used
   --> crates\helio-v3\src\graph\resource.rs:303:19
    |
192 | impl ResourceBuilder {
    | -------------------- method in this implementation
...
303 |     pub(crate) fn finish(self) -> Vec<ResourceDecl> {
    |                   ^^^^^^

warning: hiding a lifetime that's elided elsewhere is confusing
   --> crates\helio-v3\src\profiling\mod.rs:200:18
    |
200 |     pub fn scope(&mut self, name: &'static str) -> ScopeGuard {
    |                  ^^^^^^^^^                         ^^^^^^^^^^ the same lifetime is hidden here
    |                  |
    |                  the lifetime is elided here
    |
    = help: the same lifetime is referred to in inconsistent ways, making the signature confusing
    = note: `#[warn(mismatched_lifetime_syntaxes)]` on by default
help: use `'_` for type paths
    |
200 |     pub fn scope(&mut self, name: &'static str) -> ScopeGuard<'_> {
    |                                                              ++++

warning: hiding a lifetime that's elided elsewhere is confusing
   --> crates\helio-v3\src\profiling\cpu.rs:121:18
    |
121 |     pub fn scope(&mut self, name: &'static str) -> ScopeGuard {
    |                  ^^^^^^^^^                         ^^^^^^^^^^ the same lifetime is hidden here
    |                  |
    |                  the lifetime is elided here
    |
    = help: the same lifetime is referred to in inconsistent ways, making the signature confusing
help: use `'_` for type paths
    |
121 |     pub fn scope(&mut self, name: &'static str) -> ScopeGuard<'_> {
    |                                                              ++++

warning: `helio-v3` (lib) generated 6 warnings (run `cargo fix --lib -p helio-v3` to apply 3 suggestions)
warning: fields `bgl_2`, `globals_buf`, `sample_kernel_buf`, `noise_texture`, and `noise_sampler` are never read
  --> crates\helio-pass-ssao\src\lib.rs:56:5
   |
50 | pub struct SsaoPass {
   |            -------- fields in this struct
...
56 |     bgl_2: wgpu::BindGroupLayout,
   |     ^^^^^
...
61 |     globals_buf: wgpu::Buffer,
   |     ^^^^^^^^^^^
62 |     ssao_uniform_buf: wgpu::Buffer,
63 |     sample_kernel_buf: wgpu::Buffer,
   |     ^^^^^^^^^^^^^^^^^
64 |     noise_texture: wgpu::Texture,
   |     ^^^^^^^^^^^^^
65 |     noise_sampler: wgpu::Sampler,
   |     ^^^^^^^^^^^^^
   |
   = note: `#[warn(dead_code)]` (part of `#[warn(unused)]`) on by default

warning: unused variable: `count`
   --> crates\helio-pass-virtual-geometry\src\lib.rs:933:9
    |
933 |     let count = NonZeroU32::new(MAX_TEXTURES as u32).expect("non-zero");
    |         ^^^^^ help: if this is intentional, prefix it with an underscore: `_count`
    |
    = note: `#[warn(unused_variables)]` (part of `#[warn(unused)]`) on by default

warning: type `MaterialTimingEntry` is more private than the item `MaterialProfiler::get_timing_table`
   --> crates\helio-pass-perf-overlay\src\lib.rs:553:5
    |
553 |     pub fn get_timing_table(&self) -> &[MaterialTimingEntry] {
    |     ^^^^^^^^^^^^^^^^^^^^^^^^^^^^^^^^^^^^^^^^^^^^^^^^^^^^^^^^ method `MaterialProfiler::get_timing_table` is reachable at visibility `pub`
    |
note: but type `MaterialTimingEntry` is only usable at visibility `pub(crate)`
   --> crates\helio-pass-perf-overlay\src\lib.rs:117:1
    |
117 | struct MaterialTimingEntry {
    | ^^^^^^^^^^^^^^^^^^^^^^^^^^
    = note: `#[warn(private_interfaces)]` on by default

warning: type `MaterialTimingEntry` is more private than the item `PerfOverlayShared::get_material_timings`
   --> crates\helio-pass-perf-overlay\src\lib.rs:902:5
    |
902 |     pub fn get_material_timings(&self) -> &[MaterialTimingEntry] {
    |     ^^^^^^^^^^^^^^^^^^^^^^^^^^^^^^^^^^^^^^^^^^^^^^^^^^^^^^^^^^^^ method `PerfOverlayShared::get_material_timings` is reachable at visibility `pub`
    |
note: but type `MaterialTimingEntry` is only usable at visibility `pub(crate)`
   --> crates\helio-pass-perf-overlay\src\lib.rs:117:1
    |
117 | struct MaterialTimingEntry {
    | ^^^^^^^^^^^^^^^^^^^^^^^^^^

warning: field `color_snapshot_prev` is never read
   --> crates\helio-pass-perf-overlay\src\lib.rs:139:5
    |
129 | pub struct PerfOverlayShared {
    |            ----------------- field in this struct
...
139 |     color_snapshot_prev: wgpu::Texture,
    |     ^^^^^^^^^^^^^^^^^^^
    |
    = note: `#[warn(dead_code)]` (part of `#[warn(unused)]`) on by default

warning: field `test_texture` is never read
   --> crates\helio-pass-perf-overlay\src\lib.rs:204:5
    |
200 | pub struct MaterialProfiler {
    |            ---------------- field in this struct
...
204 |     test_texture: wgpu::Texture,
    |     ^^^^^^^^^^^^

warning: unused `Result` that must be used
   --> crates\helio-pass-perf-overlay\src\lib.rs:501:9
    |
501 |         device.poll(wgpu::PollType::wait_indefinitely());
    |         ^^^^^^^^^^^^^^^^^^^^^^^^^^^^^^^^^^^^^^^^^^^^^^^^
    |
    = note: this `Result` may be an `Err` variant, which should be handled
    = note: `#[warn(unused_must_use)]` (part of `#[warn(unused)]`) on by default
help: use `let _ = ...` to ignore the resulting value
    |
501 |         let _ = device.poll(wgpu::PollType::wait_indefinitely());
    |         +++++++

warning: unused variable: `fallback_env_texture`
   --> crates\helio-pass-deferred-light\src\lib.rs:347:14
    |
347 |         let (fallback_env_texture, fallback_env_view) = black_cube_texture(device...
    |              ^^^^^^^^^^^^^^^^^^^^ help: if this is intentional, prefix it with an underscore: `_fallback_env_texture`
    |
    = note: `#[warn(unused_variables)]` (part of `#[warn(unused)]`) on by default

warning: unused variable: `fallback_rc_texture`
   --> crates\helio-pass-deferred-light\src\lib.rs:358:14
    |
358 |         let (fallback_rc_texture, fallback_rc_view) =
    |              ^^^^^^^^^^^^^^^^^^^ help: if this is intentional, prefix it with an underscore: `_fallback_rc_texture`

warning: unused variable: `fallback_caustics_texture`
   --> crates\helio-pass-deferred-light\src\lib.rs:362:14
    |
362 |         let (fallback_caustics_texture, fallback_caustics_view) =
    |              ^^^^^^^^^^^^^^^^^^^^^^^^^ help: if this is intentional, prefix it with an underscore: `_fallback_caustics_texture`

warning: unused variable: `fallback_lightmap_tex`
   --> crates\helio-pass-deferred-light\src\lib.rs:421:14
    |
421 |         let (fallback_lightmap_tex, fallback_lightmap_view) =
    |              ^^^^^^^^^^^^^^^^^^^^^ help: if this is intentional, prefix it with an underscore: `_fallback_lightmap_tex`

warning: field `bgl_0` is never read
  --> crates\helio-pass-deferred-light\src\lib.rs:26:5
   |
22 | pub struct DeferredLightPass {
   |            ----------------- field in this struct
...
26 |     bgl_0: wgpu::BindGroupLayout,
   |     ^^^^^
   |
   = note: `#[warn(dead_code)]` (part of `#[warn(unused)]`) on by default

warning: unused variable: `texture_array_count`
   --> crates\helio-pass-gbuffer\src\lib.rs:745:9
    |
745 |     let texture_array_count =
    |         ^^^^^^^^^^^^^^^^^^^ help: if this is intentional, prefix it with an underscore: `_texture_array_count`
    |
    = note: `#[warn(unused_variables)]` (part of `#[warn(unused)]`) on by default

warning: fields `width`, `height`, `target_format`, and `pre_aa_tex` are never read
  --> crates\helio-pass-sky\src\lib.rs:82:5
   |
73 | pub struct SkyPass {
   |            ------- fields in this struct
...
82 |     width: u32,
   |     ^^^^^
83 |     height: u32,
   |     ^^^^^^
84 |     target_format: wgpu::TextureFormat,
   |     ^^^^^^^^^^^^^
85 |     /// Owned pre-AA render target —...
86 |     pre_aa_tex: wgpu::Texture,
   |     ^^^^^^^^^^
   |
   = note: `#[warn(dead_code)]` (part of `#[warn(unused)]`) on by default

warning: fields `grid_resolution`, `world_bounds_min`, `world_bounds_max`, and `mip_count` are never read
  --> crates\helio-pass-hiz\src\lib.rs:39:5
   |
38 | struct StaticHizMetadata {
   |        ----------------- fields in this struct
39 |     grid_resolution: [u32; 3],
   |     ^^^^^^^^^^^^^^^
40 |     world_bounds_min: [f32; 3],
   |     ^^^^^^^^^^^^^^^^
41 |     world_bounds_max: [f32; 3],
   |     ^^^^^^^^^^^^^^^^
42 |     mip_count: u32,
   |     ^^^^^^^^^
   |
   = note: `StaticHizMetadata` has derived impls for the traits `Debug` and `Clone`, but these are intentionally ignored during dead code analysis
   = note: `#[warn(dead_code)]` (part of `#[warn(unused)]`) on by default

warning: unused variable: `sm_ptr`
   --> crates\helio-pass-shadow\src\lib.rs:411:13
    |
411 |         let sm_ptr = ctx.scene.shadow_matrices as *const _ as usize;
    |             ^^^^^^ help: if this is intentional, prefix it with an underscore: `_sm_ptr`
    |
    = note: `#[warn(unused_variables)]` (part of `#[warn(unused)]`) on by default

warning: field `velocity_fallback_texture` is never read
   --> crates\helio-pass-taa\src\lib.rs:131:5
    |
113 | pub struct TaaPass {
    |            ------- field in this struct
...
131 |     velocity_fallback_texture: wgpu::Texture,
    |     ^^^^^^^^^^^^^^^^^^^^^^^^^
    |
    = note: `#[warn(dead_code)]` (part of `#[warn(unused)]`) on by default

warning: `helio-pass-ssao` (lib) generated 1 warning
warning: `helio-pass-virtual-geometry` (lib) generated 1 warning (run `cargo fix --lib -p helio-pass-virtual-geometry` to apply 1 suggestion)
warning: `helio-pass-perf-overlay` (lib) generated 5 warnings
warning: `helio-pass-deferred-light` (lib) generated 5 warnings (run `cargo fix --lib -p helio-pass-deferred-light` to apply 4 suggestions)
warning: `helio-pass-gbuffer` (lib) generated 1 warning (run `cargo fix --lib -p helio-pass-gbuffer` to apply 1 suggestion)
warning: `helio-pass-sky` (lib) generated 1 warning
warning: `helio-pass-hiz` (lib) generated 1 warning
warning: `helio-pass-shadow` (lib) generated 1 warning (run `cargo fix --lib -p helio-pass-shadow` to apply 1 suggestion)
warning: `helio-pass-taa` (lib) generated 1 warning
warning: unused imports: `LightId` and `ObjectId`
  --> crates\helio\src\picking.rs:53:22
   |
53 | use crate::handles::{LightId, MeshId, ObjectId};
   |                      ^^^^^^^          ^^^^^^^^
   |
   = note: `#[warn(unused_imports)]` (part of `#[warn(unused)]`) on by default

warning: unused import: `MeshId`
 --> crates\helio\src\scene\objects\update.rs:8:34
  |
8 | use crate::handles::{MaterialId, MeshId, ObjectId};
  |                                  ^^^^^^

warning: variable does not need to be mutable
   --> crates\helio\src\renderer\renderer_impl.rs:173:13
    |
173 |         let mut renderer = Self {
    |             ----^^^^^^^^
    |             |
    |             help: remove this `mut`
    |
    = note: `#[warn(unused_mut)]` (part of `#[warn(unused)]`) on by default

warning: type `DenseSlotMeta` is more private than the item `DenseArena::slots`
  --> crates\helio\src\arena.rs:41:5
   |
41 |     pub slots: Vec<DenseSlotMeta>,
   |     ^^^^^^^^^^^^^^^^^^^^^^^^^^^^^ field `DenseArena::slots` is reachable at visibility `pub(crate)`
   |
note: but type `DenseSlotMeta` is only usable at visibility `pub(self)`
  --> crates\helio\src\arena.rs:13:1
   |
13 | struct DenseSlotMeta {
   | ^^^^^^^^^^^^^^^^^^^^
   = note: `#[warn(private_interfaces)]` on by default

warning: methods `get_mut_by_slot` and `live_len` are never used
   --> crates\helio\src\arena.rs:245:12
    |
201 | impl<T, H: Handle> SparsePool<T, H> {
    | ----------------------------------- methods in this implementation
...
245 |     pub fn get_mut_by_slot(&mut self, slot_index: usize) -> Option<&mut T> {
    |            ^^^^^^^^^^^^^^^
...
274 |     pub fn live_len(&self) -> usize {
    |            ^^^^^^^^
    |
    = note: `#[warn(dead_code)]` (part of `#[warn(unused)]`) on by default

warning: method `extract_mesh_data` is never used
   --> crates\helio\src\mesh.rs:140:19
    |
 78 | impl MeshPool {
    | ------------- method in this implementation
...
140 |     pub(crate) fn extract_mesh_data(&self, id: MeshId) -> Option<MeshUpload> {
    |                   ^^^^^^^^^^^^^^^^^

warning: method `consume_water_hitboxes_dirty_range` is never used
  --> crates\helio\src\scene\hitbox.rs:97:19
   |
16 | impl Scene {
   | ---------- method in this implementation
...
97 |     pub(crate) fn consume_water_hitboxes_dirty_range(&mut self) -> Option<(usize, usize)> {
   |                   ^^^^^^^^^^^^^^^^^^^^^^^^^^^^^^^^^^

warning: method `insert_light` is never used
  --> crates\helio\src\scene\resources\lights.rs:50:29
   |
14 | impl super::super::Scene {
   | ------------------------ method in this implementation
...
50 |     pub(in crate::scene) fn insert_light(&mut self, light: GpuLight) -> LightId {
   |                             ^^^^^^^^^^^^

warning: field `groups` is never read
   --> crates\helio\src\scene\types.rs:199:9
    |
194 | pub(crate) struct VirtualObjectRecord {
    |                   ------------------- field in this struct
...
199 |     pub groups: GroupMask,
    |         ^^^^^^
    |
    = note: `VirtualObjectRecord` has derived impls for the traits `Clone` and `Debug`, but these are intentionally ignored during dead code analysis

warning: method `consume_water_volumes_dirty_range` is never used
   --> crates\helio\src\scene\water.rs:179:19
    |
 15 | impl Scene {
    | ---------- method in this implementation
...
179 |     pub(crate) fn consume_water_volumes_dirty_range(&mut self) -> Option<(usize, usize)> {
    |                   ^^^^^^^^^^^^^^^^^^^^^^^^^^^^^^^^^

warning: function `unpack_normal` is never used
  --> crates\helio\src\vg.rs:59:4
   |
59 | fn unpack_normal(packed: u32) -> Vec3 {
   |    ^^^^^^^^^^^^^

warning: `helio` (lib) generated 11 warnings (run `cargo fix --lib -p helio` to apply 3 suggestions)
warning: unused import: `Camera`
  --> crates\helio-wasm\src\runner.rs:18:13
   |
18 | use helio::{Camera, Renderer, RendererConfig};
   |             ^^^^^^
   |
   = note: `#[warn(unused_imports)]` (part of `#[warn(unused)]`) on by default

warning: variable does not need to be mutable
   --> crates\helio-wasm\src\runner.rs:434:9
    |
434 |     let mut runner = WasmRunner::<T>::new();
    |         ----^^^^^^
    |         |
    |         help: remove this `mut`
    |
    = note: `#[warn(unused_mut)]` (part of `#[warn(unused)]`) on by default

warning: field `queue` is never read
  --> crates\helio-wasm\src\runner.rs:78:5
   |
74 | struct RunnerState<T: HelioWasmApp> {
   |        ----------- field in this struct
...
78 |     queue: Arc<wgpu::Queue>,
   |     ^^^^^
   |
   = note: `#[warn(dead_code)]` (part of `#[warn(unused)]`) on by default

warning: unused import: `std::collections::HashMap`
  --> crates\helio-asset-compat\src\lib.rs:17:5
   |
17 | use std::collections::HashMap;
   |     ^^^^^^^^^^^^^^^^^^^^^^^^^
   |
   = note: `#[warn(unused_imports)]` (part of `#[warn(unused)]`) on by default

warning: struct `AnimationState` is never constructed
  --> crates\helio-asset-compat\src\animation_system.rs:11:12
   |
11 | pub struct AnimationState {
   |            ^^^^^^^^^^^^^^
   |
   = note: `#[warn(dead_code)]` (part of `#[warn(unused)]`) on by default

warning: associated items `new`, `play`, `stop`, `update`, and `get_matrices` are never used
  --> crates\helio-asset-compat\src\animation_system.rs:31:12
   |
29 | impl AnimationState {
   | ------------------- associated items in this implementation
30 |     /// Create a new animation state from a skin and animations
31 |     pub fn new(skin: Skin, animations: Vec<Animation>) -> Self {
   |            ^^^
...
45 |     pub fn play(&mut self, animation_index: usize, looping: bool) {
   |            ^^^^
...
55 |     pub fn stop(&mut self) {
   |            ^^^^
...
60 |     pub fn update(&mut self, delta_time: f32) {
   |            ^^^^^^
...
71 |     pub fn get_matrices(&self) -> &[Mat4] {
   |            ^^^^^^^^^^^^

warning: `helio-wasm` (lib) generated 3 warnings (run `cargo fix --lib -p helio-wasm` to apply 2 suggestions)
warning: `helio-asset-compat` (lib) generated 3 warnings (run `cargo fix --lib -p helio-asset-compat` to apply 1 suggestion)
   Compiling helio-web-demos v0.1.0 (E:\Documents\GitHub\Helio\crates\helio-web-demos)
warning: unused import: `MeshId`
 --> crates\helio-web-demos\src\common.rs:7:51
  |
7 |     GpuLight, GpuMaterial, LightType, MaterialId, MeshId, MeshUpload, ObjectDescriptor,
  |                                                   ^^^^^^
  |
  = note: `#[warn(unused_imports)]` (part of `#[warn(unused)]`) on by default

error[E0308]: mismatched types
  --> crates\helio-web-demos\src\..\examples-wasm\indoor_room.rs:92:13
   |
92 |             overhead_light,
   |             ^^^^^^^^^^^^^^ expected `LightId`, found `SceneActorId`

error[E0308]: mismatched types
  --> crates\helio-web-demos\src\..\examples-wasm\indoor_room.rs:93:22
   |
83 |             meshes.push(mesh);
   |             ------      ---- this argument has type `SceneActorId`...
   |             |
   |             ... which causes `meshes` to have type `Vec<SceneActorId>`
...
93 |             _meshes: meshes,
   |                      ^^^^^^ expected `Vec<MeshId>`, found `Vec<SceneActorId>`
   |
   = note: expected struct `Vec<MeshId>`
              found struct `Vec<SceneActorId>`

For more information about this error, try `rustc --explain E0308`.
warning: `helio-web-demos` (lib) generated 1 warning
error: could not compile `helio-web-demos` (lib) due to 2 previous errors; 1 warning emitted
warning: unused variable: `name`
   --> crates\helio-v3\src\profiling\cpu.rs:121:29
    |
121 |     pub fn scope(&mut self, name: &'static str) -> ScopeGuard {
    |                             ^^^^ help: if this is intentional, prefix it with an underscore: `_name`
    |
    = note: `#[warn(unused_variables)]` (part of `#[warn(unused)]`) on by default

warning: field `profiler` is never read
   --> crates\helio-v3\src\context.rs:194:16
    |
165 | pub struct PassContext<'a> {
    |            ----------- field in this struct
...
194 |     pub(crate) profiler: &'a mut Profiler,
    |                ^^^^^^^^
    |
    = note: `#[warn(dead_code)]` (part of `#[warn(unused)]`) on by default

warning: fields `texture` and `name` are never read
  --> crates\helio-v3\src\graph\executor.rs:89:5
   |
87 | struct TransientTexture {
   |        ---------------- fields in this struct
88 |     /// The GPU texture (owned by the graph)
89 |     texture: wgpu::Texture,
   |     ^^^^^^^
...
93 |     name: &'static str,
   |     ^^^^

warning: method `finish` is never used
   --> crates\helio-v3\src\graph\resource.rs:303:19
    |
192 | impl ResourceBuilder {
    | -------------------- method in this implementation
...
303 |     pub(crate) fn finish(self) -> Vec<ResourceDecl> {
    |                   ^^^^^^

warning: hiding a lifetime that's elided elsewhere is confusing
   --> crates\helio-v3\src\profiling\mod.rs:200:18
    |
200 |     pub fn scope(&mut self, name: &'static str) -> ScopeGuard {
    |                  ^^^^^^^^^                         ^^^^^^^^^^ the same lifetime is hidden here
    |                  |
    |                  the lifetime is elided here
    |
    = help: the same lifetime is referred to in inconsistent ways, making the signature confusing
    = note: `#[warn(mismatched_lifetime_syntaxes)]` on by default
help: use `'_` for type paths
    |
200 |     pub fn scope(&mut self, name: &'static str) -> ScopeGuard<'_> {
    |                                                              ++++

warning: hiding a lifetime that's elided elsewhere is confusing
   --> crates\helio-v3\src\profiling\cpu.rs:121:18
    |
121 |     pub fn scope(&mut self, name: &'static str) -> ScopeGuard {
    |                  ^^^^^^^^^                         ^^^^^^^^^^ the same lifetime is hidden here
    |                  |
    |                  the lifetime is elided here
    |
    = help: the same lifetime is referred to in inconsistent ways, making the signature confusing
help: use `'_` for type paths
    |
121 |     pub fn scope(&mut self, name: &'static str) -> ScopeGuard<'_> {
    |                                                              ++++

warning: `helio-v3` (lib) generated 6 warnings (run `cargo fix --lib -p helio-v3` to apply 3 suggestions)
warning: field `velocity_fallback_texture` is never read
   --> crates\helio-pass-taa\src\lib.rs:131:5
    |
113 | pub struct TaaPass {
    |            ------- field in this struct
...
131 |     velocity_fallback_texture: wgpu::Texture,
    |     ^^^^^^^^^^^^^^^^^^^^^^^^^
    |
    = note: `#[warn(dead_code)]` (part of `#[warn(unused)]`) on by default

warning: type `MaterialTimingEntry` is more private than the item `MaterialProfiler::get_timing_table`
   --> crates\helio-pass-perf-overlay\src\lib.rs:553:5
    |
553 |     pub fn get_timing_table(&self) -> &[MaterialTimingEntry] {
    |     ^^^^^^^^^^^^^^^^^^^^^^^^^^^^^^^^^^^^^^^^^^^^^^^^^^^^^^^^ method `MaterialProfiler::get_timing_table` is reachable at visibility `pub`
    |
note: but type `MaterialTimingEntry` is only usable at visibility `pub(crate)`
   --> crates\helio-pass-perf-overlay\src\lib.rs:117:1
    |
117 | struct MaterialTimingEntry {
    | ^^^^^^^^^^^^^^^^^^^^^^^^^^
    = note: `#[warn(private_interfaces)]` on by default

warning: type `MaterialTimingEntry` is more private than the item `PerfOverlayShared::get_material_timings`
   --> crates\helio-pass-perf-overlay\src\lib.rs:902:5
    |
902 |     pub fn get_material_timings(&self) -> &[MaterialTimingEntry] {
    |     ^^^^^^^^^^^^^^^^^^^^^^^^^^^^^^^^^^^^^^^^^^^^^^^^^^^^^^^^^^^^ method `PerfOverlayShared::get_material_timings` is reachable at visibility `pub`
    |
note: but type `MaterialTimingEntry` is only usable at visibility `pub(crate)`
   --> crates\helio-pass-perf-overlay\src\lib.rs:117:1
    |
117 | struct MaterialTimingEntry {
    | ^^^^^^^^^^^^^^^^^^^^^^^^^^

warning: field `color_snapshot_prev` is never read
   --> crates\helio-pass-perf-overlay\src\lib.rs:139:5
    |
129 | pub struct PerfOverlayShared {
    |            ----------------- field in this struct
...
139 |     color_snapshot_prev: wgpu::Texture,
    |     ^^^^^^^^^^^^^^^^^^^
    |
    = note: `#[warn(dead_code)]` (part of `#[warn(unused)]`) on by default

warning: field `test_texture` is never read
   --> crates\helio-pass-perf-overlay\src\lib.rs:204:5
    |
200 | pub struct MaterialProfiler {
    |            ---------------- field in this struct
...
204 |     test_texture: wgpu::Texture,
    |     ^^^^^^^^^^^^

warning: unused `Result` that must be used
   --> crates\helio-pass-perf-overlay\src\lib.rs:501:9
    |
501 |         device.poll(wgpu::PollType::wait_indefinitely());
    |         ^^^^^^^^^^^^^^^^^^^^^^^^^^^^^^^^^^^^^^^^^^^^^^^^
    |
    = note: this `Result` may be an `Err` variant, which should be handled
    = note: `#[warn(unused_must_use)]` (part of `#[warn(unused)]`) on by default
help: use `let _ = ...` to ignore the resulting value
    |
501 |         let _ = device.poll(wgpu::PollType::wait_indefinitely());
    |         +++++++

warning: unused variable: `sm_ptr`
   --> crates\helio-pass-shadow\src\lib.rs:411:13
    |
411 |         let sm_ptr = ctx.scene.shadow_matrices as *const _ as usize;
    |             ^^^^^^ help: if this is intentional, prefix it with an underscore: `_sm_ptr`
    |
    = note: `#[warn(unused_variables)]` (part of `#[warn(unused)]`) on by default

warning: fields `width`, `height`, `target_format`, and `pre_aa_tex` are never read
  --> crates\helio-pass-sky\src\lib.rs:82:5
   |
73 | pub struct SkyPass {
   |            ------- fields in this struct
...
82 |     width: u32,
   |     ^^^^^
83 |     height: u32,
   |     ^^^^^^
84 |     target_format: wgpu::TextureFormat,
   |     ^^^^^^^^^^^^^
85 |     /// Owned pre-AA render target —...
86 |     pre_aa_tex: wgpu::Texture,
   |     ^^^^^^^^^^
   |
   = note: `#[warn(dead_code)]` (part of `#[warn(unused)]`) on by default

warning: unused variable: `count`
   --> crates\helio-pass-virtual-geometry\src\lib.rs:933:9
    |
933 |     let count = NonZeroU32::new(MAX_TEXTURES as u32).expect("non-zero");
    |         ^^^^^ help: if this is intentional, prefix it with an underscore: `_count`
    |
    = note: `#[warn(unused_variables)]` (part of `#[warn(unused)]`) on by default

warning: unused variable: `fallback_env_texture`
   --> crates\helio-pass-deferred-light\src\lib.rs:347:14
    |
347 |         let (fallback_env_texture, fallback_env_view) = black_cube_texture(device...
    |              ^^^^^^^^^^^^^^^^^^^^ help: if this is intentional, prefix it with an underscore: `_fallback_env_texture`
    |
    = note: `#[warn(unused_variables)]` (part of `#[warn(unused)]`) on by default

warning: unused variable: `fallback_rc_texture`
   --> crates\helio-pass-deferred-light\src\lib.rs:358:14
    |
358 |         let (fallback_rc_texture, fallback_rc_view) =
    |              ^^^^^^^^^^^^^^^^^^^ help: if this is intentional, prefix it with an underscore: `_fallback_rc_texture`

warning: unused variable: `fallback_caustics_texture`
   --> crates\helio-pass-deferred-light\src\lib.rs:362:14
    |
362 |         let (fallback_caustics_texture, fallback_caustics_view) =
    |              ^^^^^^^^^^^^^^^^^^^^^^^^^ help: if this is intentional, prefix it with an underscore: `_fallback_caustics_texture`

warning: unused variable: `fallback_lightmap_tex`
   --> crates\helio-pass-deferred-light\src\lib.rs:421:14
    |
421 |         let (fallback_lightmap_tex, fallback_lightmap_view) =
    |              ^^^^^^^^^^^^^^^^^^^^^ help: if this is intentional, prefix it with an underscore: `_fallback_lightmap_tex`

warning: field `bgl_0` is never read
  --> crates\helio-pass-deferred-light\src\lib.rs:26:5
   |
22 | pub struct DeferredLightPass {
   |            ----------------- field in this struct
...
26 |     bgl_0: wgpu::BindGroupLayout,
   |     ^^^^^
   |
   = note: `#[warn(dead_code)]` (part of `#[warn(unused)]`) on by default

warning: fields `bgl_2`, `globals_buf`, `sample_kernel_buf`, `noise_texture`, and `noise_sampler` are never read
  --> crates\helio-pass-ssao\src\lib.rs:56:5
   |
50 | pub struct SsaoPass {
   |            -------- fields in this struct
...
56 |     bgl_2: wgpu::BindGroupLayout,
   |     ^^^^^
...
61 |     globals_buf: wgpu::Buffer,
   |     ^^^^^^^^^^^
62 |     ssao_uniform_buf: wgpu::Buffer,
63 |     sample_kernel_buf: wgpu::Buffer,
   |     ^^^^^^^^^^^^^^^^^
64 |     noise_texture: wgpu::Texture,
   |     ^^^^^^^^^^^^^
65 |     noise_sampler: wgpu::Sampler,
   |     ^^^^^^^^^^^^^
   |
   = note: `#[warn(dead_code)]` (part of `#[warn(unused)]`) on by default

warning: fields `grid_resolution`, `world_bounds_min`, `world_bounds_max`, and `mip_count` are never read
  --> crates\helio-pass-hiz\src\lib.rs:39:5
   |
38 | struct StaticHizMetadata {
   |        ----------------- fields in this struct
39 |     grid_resolution: [u32; 3],
   |     ^^^^^^^^^^^^^^^
40 |     world_bounds_min: [f32; 3],
   |     ^^^^^^^^^^^^^^^^
41 |     world_bounds_max: [f32; 3],
   |     ^^^^^^^^^^^^^^^^
42 |     mip_count: u32,
   |     ^^^^^^^^^
   |
   = note: `StaticHizMetadata` has derived impls for the traits `Debug` and `Clone`, but these are intentionally ignored during dead code analysis
   = note: `#[warn(dead_code)]` (part of `#[warn(unused)]`) on by default

warning: unused variable: `texture_array_count`
   --> crates\helio-pass-gbuffer\src\lib.rs:745:9
    |
745 |     let texture_array_count =
    |         ^^^^^^^^^^^^^^^^^^^ help: if this is intentional, prefix it with an underscore: `_texture_array_count`
    |
    = note: `#[warn(unused_variables)]` (part of `#[warn(unused)]`) on by default

warning: `helio-pass-taa` (lib) generated 1 warning
warning: `helio-pass-perf-overlay` (lib) generated 5 warnings
warning: `helio-pass-shadow` (lib) generated 1 warning (run `cargo fix --lib -p helio-pass-shadow` to apply 1 suggestion)
warning: `helio-pass-sky` (lib) generated 1 warning
warning: `helio-pass-virtual-geometry` (lib) generated 1 warning (run `cargo fix --lib -p helio-pass-virtual-geometry` to apply 1 suggestion)
warning: `helio-pass-deferred-light` (lib) generated 5 warnings (run `cargo fix --lib -p helio-pass-deferred-light` to apply 4 suggestions)
warning: `helio-pass-ssao` (lib) generated 1 warning
warning: `helio-pass-hiz` (lib) generated 1 warning
warning: `helio-pass-gbuffer` (lib) generated 1 warning (run `cargo fix --lib -p helio-pass-gbuffer` to apply 1 suggestion)
warning: unused imports: `LightId` and `ObjectId`
  --> crates\helio\src\picking.rs:53:22
   |
53 | use crate::handles::{LightId, MeshId, ObjectId};
   |                      ^^^^^^^          ^^^^^^^^
   |
   = note: `#[warn(unused_imports)]` (part of `#[warn(unused)]`) on by default

warning: unused import: `MeshId`
 --> crates\helio\src\scene\objects\update.rs:8:34
  |
8 | use crate::handles::{MaterialId, MeshId, ObjectId};
  |                                  ^^^^^^

warning: variable does not need to be mutable
   --> crates\helio\src\renderer\renderer_impl.rs:173:13
    |
173 |         let mut renderer = Self {
    |             ----^^^^^^^^
    |             |
    |             help: remove this `mut`
    |
    = note: `#[warn(unused_mut)]` (part of `#[warn(unused)]`) on by default

warning: type `DenseSlotMeta` is more private than the item `DenseArena::slots`
  --> crates\helio\src\arena.rs:41:5
   |
41 |     pub slots: Vec<DenseSlotMeta>,
   |     ^^^^^^^^^^^^^^^^^^^^^^^^^^^^^ field `DenseArena::slots` is reachable at visibility `pub(crate)`
   |
note: but type `DenseSlotMeta` is only usable at visibility `pub(self)`
  --> crates\helio\src\arena.rs:13:1
   |
13 | struct DenseSlotMeta {
   | ^^^^^^^^^^^^^^^^^^^^
   = note: `#[warn(private_interfaces)]` on by default

warning: methods `get_mut_by_slot` and `live_len` are never used
   --> crates\helio\src\arena.rs:245:12
    |
201 | impl<T, H: Handle> SparsePool<T, H> {
    | ----------------------------------- methods in this implementation
...
245 |     pub fn get_mut_by_slot(&mut self, slot_index: usize) -> Option<&mut T> {
    |            ^^^^^^^^^^^^^^^
...
274 |     pub fn live_len(&self) -> usize {
    |            ^^^^^^^^
    |
    = note: `#[warn(dead_code)]` (part of `#[warn(unused)]`) on by default

warning: method `extract_mesh_data` is never used
   --> crates\helio\src\mesh.rs:140:19
    |
 78 | impl MeshPool {
    | ------------- method in this implementation
...
140 |     pub(crate) fn extract_mesh_data(&self, id: MeshId) -> Option<MeshUpload> {
    |                   ^^^^^^^^^^^^^^^^^

warning: method `consume_water_hitboxes_dirty_range` is never used
  --> crates\helio\src\scene\hitbox.rs:97:19
   |
16 | impl Scene {
   | ---------- method in this implementation
...
97 |     pub(crate) fn consume_water_hitboxes_dirty_range(&mut self) -> Option<(usize, usize)> {
   |                   ^^^^^^^^^^^^^^^^^^^^^^^^^^^^^^^^^^

warning: method `insert_light` is never used
  --> crates\helio\src\scene\resources\lights.rs:50:29
   |
14 | impl super::super::Scene {
   | ------------------------ method in this implementation
...
50 |     pub(in crate::scene) fn insert_light(&mut self, light: GpuLight) -> LightId {
   |                             ^^^^^^^^^^^^

warning: field `groups` is never read
   --> crates\helio\src\scene\types.rs:199:9
    |
194 | pub(crate) struct VirtualObjectRecord {
    |                   ------------------- field in this struct
...
199 |     pub groups: GroupMask,
    |         ^^^^^^
    |
    = note: `VirtualObjectRecord` has derived impls for the traits `Clone` and `Debug`, but these are intentionally ignored during dead code analysis

warning: method `consume_water_volumes_dirty_range` is never used
   --> crates\helio\src\scene\water.rs:179:19
    |
 15 | impl Scene {
    | ---------- method in this implementation
...
179 |     pub(crate) fn consume_water_volumes_dirty_range(&mut self) -> Option<(usize, usize)> {
    |                   ^^^^^^^^^^^^^^^^^^^^^^^^^^^^^^^^^

warning: function `unpack_normal` is never used
  --> crates\helio\src\vg.rs:59:4
   |
59 | fn unpack_normal(packed: u32) -> Vec3 {
   |    ^^^^^^^^^^^^^

warning: `helio` (lib) generated 11 warnings (run `cargo fix --lib -p helio` to apply 3 suggestions)
warning: unused import: `Camera`
  --> crates\helio-wasm\src\runner.rs:18:13
   |
18 | use helio::{Camera, Renderer, RendererConfig};
   |             ^^^^^^
   |
   = note: `#[warn(unused_imports)]` (part of `#[warn(unused)]`) on by default

warning: variable does not need to be mutable
   --> crates\helio-wasm\src\runner.rs:434:9
    |
434 |     let mut runner = WasmRunner::<T>::new();
    |         ----^^^^^^
    |         |
    |         help: remove this `mut`
    |
    = note: `#[warn(unused_mut)]` (part of `#[warn(unused)]`) on by default

warning: field `queue` is never read
  --> crates\helio-wasm\src\runner.rs:78:5
   |
74 | struct RunnerState<T: HelioWasmApp> {
   |        ----------- field in this struct
...
78 |     queue: Arc<wgpu::Queue>,
   |     ^^^^^
   |
   = note: `#[warn(dead_code)]` (part of `#[warn(unused)]`) on by default

warning: unused import: `std::collections::HashMap`
  --> crates\helio-asset-compat\src\lib.rs:17:5
   |
17 | use std::collections::HashMap;
   |     ^^^^^^^^^^^^^^^^^^^^^^^^^
   |
   = note: `#[warn(unused_imports)]` (part of `#[warn(unused)]`) on by default

warning: struct `AnimationState` is never constructed
  --> crates\helio-asset-compat\src\animation_system.rs:11:12
   |
11 | pub struct AnimationState {
   |            ^^^^^^^^^^^^^^
   |
   = note: `#[warn(dead_code)]` (part of `#[warn(unused)]`) on by default

warning: associated items `new`, `play`, `stop`, `update`, and `get_matrices` are never used
  --> crates\helio-asset-compat\src\animation_system.rs:31:12
   |
29 | impl AnimationState {
   | ------------------- associated items in this implementation
30 |     /// Create a new animation state from a skin and animations
31 |     pub fn new(skin: Skin, animations: Vec<Animation>) -> Self {
   |            ^^^
...
45 |     pub fn play(&mut self, animation_index: usize, looping: bool) {
   |            ^^^^
...
55 |     pub fn stop(&mut self) {
   |            ^^^^
...
60 |     pub fn update(&mut self, delta_time: f32) {
   |            ^^^^^^
...
71 |     pub fn get_matrices(&self) -> &[Mat4] {
   |            ^^^^^^^^^^^^

warning: `helio-wasm` (lib) generated 3 warnings (run `cargo fix --lib -p helio-wasm` to apply 2 suggestions)
warning: `helio-asset-compat` (lib) generated 3 warnings (run `cargo fix --lib -p helio-asset-compat` to apply 1 suggestion)
   Compiling helio-web-demos v0.1.0 (E:\Documents\GitHub\Helio\crates\helio-web-demos)
warning: unused import: `MeshId`
 --> crates\helio-web-demos\src\common.rs:7:51
  |
7 |     GpuLight, GpuMaterial, LightType, MaterialId, MeshId, MeshUpload, ObjectDescriptor,
  |                                                   ^^^^^^
  |
  = note: `#[warn(unused_imports)]` (part of `#[warn(unused)]`) on by default

warning: function `directional_light` is never used
  --> crates\helio-web-demos\src\common.rs:33:8
   |
33 | pub fn directional_light(direction: [f32; 3], color: [f32; 3], intensity: f32) -> GpuLight {
   |        ^^^^^^^^^^^^^^^^^
   |
   = note: `#[warn(dead_code)]` (part of `#[warn(unused)]`) on by default

warning: function `spot_light` is never used
  --> crates\helio-web-demos\src\common.rs:57:8
   |
57 | pub fn spot_light(
   |        ^^^^^^^^^^

warning: function `cube_mesh` is never used
   --> crates\helio-web-demos\src\common.rs:106:8
    |
106 | pub fn cube_mesh(center: [f32; 3], half_extent: f32) -> MeshUpload {
    |        ^^^^^^^^^

warning: function `plane_mesh` is never used
   --> crates\helio-web-demos\src\common.rs:150:8
    |
150 | pub fn plane_mesh(center: [f32; 3], half_extent: f32) -> MeshUpload {
    |        ^^^^^^^^^^

warning: `helio-web-demos` (lib) generated 5 warnings (run `cargo fix --lib -p helio-web-demos` to apply 1 suggestion)
    Finished `release` profile [optimized] target(s) in 1.06s
warning: unused variable: `name`
   --> crates\helio-v3\src\profiling\cpu.rs:121:29
    |
121 |     pub fn scope(&mut self, name: &'static str) -> ScopeGuard {
    |                             ^^^^ help: if this is intentional, prefix it with an underscore: `_name`
    |
    = note: `#[warn(unused_variables)]` (part of `#[warn(unused)]`) on by default

warning: field `profiler` is never read
   --> crates\helio-v3\src\context.rs:194:16
    |
165 | pub struct PassContext<'a> {
    |            ----------- field in this struct
...
194 |     pub(crate) profiler: &'a mut Profiler,
    |                ^^^^^^^^
    |
    = note: `#[warn(dead_code)]` (part of `#[warn(unused)]`) on by default

warning: fields `texture` and `name` are never read
  --> crates\helio-v3\src\graph\executor.rs:89:5
   |
87 | struct TransientTexture {
   |        ---------------- fields in this struct
88 |     /// The GPU texture (owned by the graph)
89 |     texture: wgpu::Texture,
   |     ^^^^^^^
...
93 |     name: &'static str,
   |     ^^^^

warning: method `finish` is never used
   --> crates\helio-v3\src\graph\resource.rs:303:19
    |
192 | impl ResourceBuilder {
    | -------------------- method in this implementation
...
303 |     pub(crate) fn finish(self) -> Vec<ResourceDecl> {
    |                   ^^^^^^

warning: hiding a lifetime that's elided elsewhere is confusing
   --> crates\helio-v3\src\profiling\mod.rs:200:18
    |
200 |     pub fn scope(&mut self, name: &'static str) -> ScopeGuard {
    |                  ^^^^^^^^^                         ^^^^^^^^^^ the same lifetime is hidden here
    |                  |
    |                  the lifetime is elided here
    |
    = help: the same lifetime is referred to in inconsistent ways, making the signature confusing
    = note: `#[warn(mismatched_lifetime_syntaxes)]` on by default
help: use `'_` for type paths
    |
200 |     pub fn scope(&mut self, name: &'static str) -> ScopeGuard<'_> {
    |                                                              ++++

warning: hiding a lifetime that's elided elsewhere is confusing
   --> crates\helio-v3\src\profiling\cpu.rs:121:18
    |
121 |     pub fn scope(&mut self, name: &'static str) -> ScopeGuard {
    |                  ^^^^^^^^^                         ^^^^^^^^^^ the same lifetime is hidden here
    |                  |
    |                  the lifetime is elided here
    |
    = help: the same lifetime is referred to in inconsistent ways, making the signature confusing
help: use `'_` for type paths
    |
121 |     pub fn scope(&mut self, name: &'static str) -> ScopeGuard<'_> {
    |                                                              ++++

warning: `helio-v3` (lib) generated 6 warnings (run `cargo fix --lib -p helio-v3` to apply 3 suggestions)
warning: fields `width`, `height`, `target_format`, and `pre_aa_tex` are never read
  --> crates\helio-pass-sky\src\lib.rs:82:5
   |
73 | pub struct SkyPass {
   |            ------- fields in this struct
...
82 |     width: u32,
   |     ^^^^^
83 |     height: u32,
   |     ^^^^^^
84 |     target_format: wgpu::TextureFormat,
   |     ^^^^^^^^^^^^^
85 |     /// Owned pre-AA render target —...
86 |     pre_aa_tex: wgpu::Texture,
   |     ^^^^^^^^^^
   |
   = note: `#[warn(dead_code)]` (part of `#[warn(unused)]`) on by default

warning: unused variable: `fallback_env_texture`
   --> crates\helio-pass-deferred-light\src\lib.rs:347:14
    |
347 |         let (fallback_env_texture, fallback_env_view) = black_cube_texture(device...
    |              ^^^^^^^^^^^^^^^^^^^^ help: if this is intentional, prefix it with an underscore: `_fallback_env_texture`
    |
    = note: `#[warn(unused_variables)]` (part of `#[warn(unused)]`) on by default

warning: unused variable: `fallback_rc_texture`
   --> crates\helio-pass-deferred-light\src\lib.rs:358:14
    |
358 |         let (fallback_rc_texture, fallback_rc_view) =
    |              ^^^^^^^^^^^^^^^^^^^ help: if this is intentional, prefix it with an underscore: `_fallback_rc_texture`

warning: unused variable: `fallback_caustics_texture`
   --> crates\helio-pass-deferred-light\src\lib.rs:362:14
    |
362 |         let (fallback_caustics_texture, fallback_caustics_view) =
    |              ^^^^^^^^^^^^^^^^^^^^^^^^^ help: if this is intentional, prefix it with an underscore: `_fallback_caustics_texture`

warning: unused variable: `fallback_lightmap_tex`
   --> crates\helio-pass-deferred-light\src\lib.rs:421:14
    |
421 |         let (fallback_lightmap_tex, fallback_lightmap_view) =
    |              ^^^^^^^^^^^^^^^^^^^^^ help: if this is intentional, prefix it with an underscore: `_fallback_lightmap_tex`

warning: field `bgl_0` is never read
  --> crates\helio-pass-deferred-light\src\lib.rs:26:5
   |
22 | pub struct DeferredLightPass {
   |            ----------------- field in this struct
...
26 |     bgl_0: wgpu::BindGroupLayout,
   |     ^^^^^
   |
   = note: `#[warn(dead_code)]` (part of `#[warn(unused)]`) on by default

warning: fields `bgl_2`, `globals_buf`, `sample_kernel_buf`, `noise_texture`, and `noise_sampler` are never read
  --> crates\helio-pass-ssao\src\lib.rs:56:5
   |
50 | pub struct SsaoPass {
   |            -------- fields in this struct
...
56 |     bgl_2: wgpu::BindGroupLayout,
   |     ^^^^^
...
61 |     globals_buf: wgpu::Buffer,
   |     ^^^^^^^^^^^
62 |     ssao_uniform_buf: wgpu::Buffer,
63 |     sample_kernel_buf: wgpu::Buffer,
   |     ^^^^^^^^^^^^^^^^^
64 |     noise_texture: wgpu::Texture,
   |     ^^^^^^^^^^^^^
65 |     noise_sampler: wgpu::Sampler,
   |     ^^^^^^^^^^^^^
   |
   = note: `#[warn(dead_code)]` (part of `#[warn(unused)]`) on by default

warning: unused variable: `texture_array_count`
   --> crates\helio-pass-gbuffer\src\lib.rs:745:9
    |
745 |     let texture_array_count =
    |         ^^^^^^^^^^^^^^^^^^^ help: if this is intentional, prefix it with an underscore: `_texture_array_count`
    |
    = note: `#[warn(unused_variables)]` (part of `#[warn(unused)]`) on by default

warning: field `velocity_fallback_texture` is never read
   --> crates\helio-pass-taa\src\lib.rs:131:5
    |
113 | pub struct TaaPass {
    |            ------- field in this struct
...
131 |     velocity_fallback_texture: wgpu::Texture,
    |     ^^^^^^^^^^^^^^^^^^^^^^^^^
    |
    = note: `#[warn(dead_code)]` (part of `#[warn(unused)]`) on by default

warning: unused variable: `count`
   --> crates\helio-pass-virtual-geometry\src\lib.rs:933:9
    |
933 |     let count = NonZeroU32::new(MAX_TEXTURES as u32).expect("non-zero");
    |         ^^^^^ help: if this is intentional, prefix it with an underscore: `_count`
    |
    = note: `#[warn(unused_variables)]` (part of `#[warn(unused)]`) on by default

warning: fields `grid_resolution`, `world_bounds_min`, `world_bounds_max`, and `mip_count` are never read
  --> crates\helio-pass-hiz\src\lib.rs:39:5
   |
38 | struct StaticHizMetadata {
   |        ----------------- fields in this struct
39 |     grid_resolution: [u32; 3],
   |     ^^^^^^^^^^^^^^^
40 |     world_bounds_min: [f32; 3],
   |     ^^^^^^^^^^^^^^^^
41 |     world_bounds_max: [f32; 3],
   |     ^^^^^^^^^^^^^^^^
42 |     mip_count: u32,
   |     ^^^^^^^^^
   |
   = note: `StaticHizMetadata` has derived impls for the traits `Debug` and `Clone`, but these are intentionally ignored during dead code analysis
   = note: `#[warn(dead_code)]` (part of `#[warn(unused)]`) on by default

warning: type `MaterialTimingEntry` is more private than the item `MaterialProfiler::get_timing_table`
   --> crates\helio-pass-perf-overlay\src\lib.rs:553:5
    |
553 |     pub fn get_timing_table(&self) -> &[MaterialTimingEntry] {
    |     ^^^^^^^^^^^^^^^^^^^^^^^^^^^^^^^^^^^^^^^^^^^^^^^^^^^^^^^^ method `MaterialProfiler::get_timing_table` is reachable at visibility `pub`
    |
note: but type `MaterialTimingEntry` is only usable at visibility `pub(crate)`
   --> crates\helio-pass-perf-overlay\src\lib.rs:117:1
    |
117 | struct MaterialTimingEntry {
    | ^^^^^^^^^^^^^^^^^^^^^^^^^^
    = note: `#[warn(private_interfaces)]` on by default

warning: type `MaterialTimingEntry` is more private than the item `PerfOverlayShared::get_material_timings`
   --> crates\helio-pass-perf-overlay\src\lib.rs:902:5
    |
902 |     pub fn get_material_timings(&self) -> &[MaterialTimingEntry] {
    |     ^^^^^^^^^^^^^^^^^^^^^^^^^^^^^^^^^^^^^^^^^^^^^^^^^^^^^^^^^^^^ method `PerfOverlayShared::get_material_timings` is reachable at visibility `pub`
    |
note: but type `MaterialTimingEntry` is only usable at visibility `pub(crate)`
   --> crates\helio-pass-perf-overlay\src\lib.rs:117:1
    |
117 | struct MaterialTimingEntry {
    | ^^^^^^^^^^^^^^^^^^^^^^^^^^

warning: field `color_snapshot_prev` is never read
   --> crates\helio-pass-perf-overlay\src\lib.rs:139:5
    |
129 | pub struct PerfOverlayShared {
    |            ----------------- field in this struct
...
139 |     color_snapshot_prev: wgpu::Texture,
    |     ^^^^^^^^^^^^^^^^^^^
    |
    = note: `#[warn(dead_code)]` (part of `#[warn(unused)]`) on by default

warning: field `test_texture` is never read
   --> crates\helio-pass-perf-overlay\src\lib.rs:204:5
    |
200 | pub struct MaterialProfiler {
    |            ---------------- field in this struct
...
204 |     test_texture: wgpu::Texture,
    |     ^^^^^^^^^^^^

warning: unused `Result` that must be used
   --> crates\helio-pass-perf-overlay\src\lib.rs:501:9
    |
501 |         device.poll(wgpu::PollType::wait_indefinitely());
    |         ^^^^^^^^^^^^^^^^^^^^^^^^^^^^^^^^^^^^^^^^^^^^^^^^
    |
    = note: this `Result` may be an `Err` variant, which should be handled
    = note: `#[warn(unused_must_use)]` (part of `#[warn(unused)]`) on by default
help: use `let _ = ...` to ignore the resulting value
    |
501 |         let _ = device.poll(wgpu::PollType::wait_indefinitely());
    |         +++++++

warning: unused variable: `sm_ptr`
   --> crates\helio-pass-shadow\src\lib.rs:411:13
    |
411 |         let sm_ptr = ctx.scene.shadow_matrices as *const _ as usize;
    |             ^^^^^^ help: if this is intentional, prefix it with an underscore: `_sm_ptr`
    |
    = note: `#[warn(unused_variables)]` (part of `#[warn(unused)]`) on by default

warning: `helio-pass-sky` (lib) generated 1 warning
warning: `helio-pass-deferred-light` (lib) generated 5 warnings (run `cargo fix --lib -p helio-pass-deferred-light` to apply 4 suggestions)
warning: `helio-pass-ssao` (lib) generated 1 warning
warning: `helio-pass-gbuffer` (lib) generated 1 warning (run `cargo fix --lib -p helio-pass-gbuffer` to apply 1 suggestion)
warning: `helio-pass-taa` (lib) generated 1 warning
warning: `helio-pass-virtual-geometry` (lib) generated 1 warning (run `cargo fix --lib -p helio-pass-virtual-geometry` to apply 1 suggestion)
warning: `helio-pass-hiz` (lib) generated 1 warning
warning: `helio-pass-perf-overlay` (lib) generated 5 warnings
warning: `helio-pass-shadow` (lib) generated 1 warning (run `cargo fix --lib -p helio-pass-shadow` to apply 1 suggestion)
warning: unused imports: `LightId` and `ObjectId`
  --> crates\helio\src\picking.rs:53:22
   |
53 | use crate::handles::{LightId, MeshId, ObjectId};
   |                      ^^^^^^^          ^^^^^^^^
   |
   = note: `#[warn(unused_imports)]` (part of `#[warn(unused)]`) on by default

warning: unused import: `MeshId`
 --> crates\helio\src\scene\objects\update.rs:8:34
  |
8 | use crate::handles::{MaterialId, MeshId, ObjectId};
  |                                  ^^^^^^

warning: variable does not need to be mutable
   --> crates\helio\src\renderer\renderer_impl.rs:173:13
    |
173 |         let mut renderer = Self {
    |             ----^^^^^^^^
    |             |
    |             help: remove this `mut`
    |
    = note: `#[warn(unused_mut)]` (part of `#[warn(unused)]`) on by default

warning: type `DenseSlotMeta` is more private than the item `DenseArena::slots`
  --> crates\helio\src\arena.rs:41:5
   |
41 |     pub slots: Vec<DenseSlotMeta>,
   |     ^^^^^^^^^^^^^^^^^^^^^^^^^^^^^ field `DenseArena::slots` is reachable at visibility `pub(crate)`
   |
note: but type `DenseSlotMeta` is only usable at visibility `pub(self)`
  --> crates\helio\src\arena.rs:13:1
   |
13 | struct DenseSlotMeta {
   | ^^^^^^^^^^^^^^^^^^^^
   = note: `#[warn(private_interfaces)]` on by default

warning: methods `get_mut_by_slot` and `live_len` are never used
   --> crates\helio\src\arena.rs:245:12
    |
201 | impl<T, H: Handle> SparsePool<T, H> {
    | ----------------------------------- methods in this implementation
...
245 |     pub fn get_mut_by_slot(&mut self, slot_index: usize) -> Option<&mut T> {
    |            ^^^^^^^^^^^^^^^
...
274 |     pub fn live_len(&self) -> usize {
    |            ^^^^^^^^
    |
    = note: `#[warn(dead_code)]` (part of `#[warn(unused)]`) on by default

warning: method `extract_mesh_data` is never used
   --> crates\helio\src\mesh.rs:140:19
    |
 78 | impl MeshPool {
    | ------------- method in this implementation
...
140 |     pub(crate) fn extract_mesh_data(&self, id: MeshId) -> Option<MeshUpload> {
    |                   ^^^^^^^^^^^^^^^^^

warning: method `consume_water_hitboxes_dirty_range` is never used
  --> crates\helio\src\scene\hitbox.rs:97:19
   |
16 | impl Scene {
   | ---------- method in this implementation
...
97 |     pub(crate) fn consume_water_hitboxes_dirty_range(&mut self) -> Option<(usize, usize)> {
   |                   ^^^^^^^^^^^^^^^^^^^^^^^^^^^^^^^^^^

warning: method `insert_light` is never used
  --> crates\helio\src\scene\resources\lights.rs:50:29
   |
14 | impl super::super::Scene {
   | ------------------------ method in this implementation
...
50 |     pub(in crate::scene) fn insert_light(&mut self, light: GpuLight) -> LightId {
   |                             ^^^^^^^^^^^^

warning: field `groups` is never read
   --> crates\helio\src\scene\types.rs:199:9
    |
194 | pub(crate) struct VirtualObjectRecord {
    |                   ------------------- field in this struct
...
199 |     pub groups: GroupMask,
    |         ^^^^^^
    |
    = note: `VirtualObjectRecord` has derived impls for the traits `Clone` and `Debug`, but these are intentionally ignored during dead code analysis

warning: method `consume_water_volumes_dirty_range` is never used
   --> crates\helio\src\scene\water.rs:179:19
    |
 15 | impl Scene {
    | ---------- method in this implementation
...
179 |     pub(crate) fn consume_water_volumes_dirty_range(&mut self) -> Option<(usize, usize)> {
    |                   ^^^^^^^^^^^^^^^^^^^^^^^^^^^^^^^^^

warning: function `unpack_normal` is never used
  --> crates\helio\src\vg.rs:59:4
   |
59 | fn unpack_normal(packed: u32) -> Vec3 {
   |    ^^^^^^^^^^^^^

warning: `helio` (lib) generated 11 warnings (run `cargo fix --lib -p helio` to apply 3 suggestions)
warning: unused import: `std::collections::HashMap`
  --> crates\helio-asset-compat\src\lib.rs:17:5
   |
17 | use std::collections::HashMap;
   |     ^^^^^^^^^^^^^^^^^^^^^^^^^
   |
   = note: `#[warn(unused_imports)]` (part of `#[warn(unused)]`) on by default

warning: struct `AnimationState` is never constructed
  --> crates\helio-asset-compat\src\animation_system.rs:11:12
   |
11 | pub struct AnimationState {
   |            ^^^^^^^^^^^^^^
   |
   = note: `#[warn(dead_code)]` (part of `#[warn(unused)]`) on by default

warning: associated items `new`, `play`, `stop`, `update`, and `get_matrices` are never used
  --> crates\helio-asset-compat\src\animation_system.rs:31:12
   |
29 | impl AnimationState {
   | ------------------- associated items in this implementation
30 |     /// Create a new animation state from a skin and animations
31 |     pub fn new(skin: Skin, animations: Vec<Animation>) -> Self {
   |            ^^^
...
45 |     pub fn play(&mut self, animation_index: usize, looping: bool) {
   |            ^^^^
...
55 |     pub fn stop(&mut self) {
   |            ^^^^
...
60 |     pub fn update(&mut self, delta_time: f32) {
   |            ^^^^^^
...
71 |     pub fn get_matrices(&self) -> &[Mat4] {
   |            ^^^^^^^^^^^^

warning: unused import: `Camera`
  --> crates\helio-wasm\src\runner.rs:18:13
   |
18 | use helio::{Camera, Renderer, RendererConfig};
   |             ^^^^^^
   |
   = note: `#[warn(unused_imports)]` (part of `#[warn(unused)]`) on by default

warning: variable does not need to be mutable
   --> crates\helio-wasm\src\runner.rs:434:9
    |
434 |     let mut runner = WasmRunner::<T>::new();
    |         ----^^^^^^
    |         |
    |         help: remove this `mut`
    |
    = note: `#[warn(unused_mut)]` (part of `#[warn(unused)]`) on by default

warning: field `queue` is never read
  --> crates\helio-wasm\src\runner.rs:78:5
   |
74 | struct RunnerState<T: HelioWasmApp> {
   |        ----------- field in this struct
...
78 |     queue: Arc<wgpu::Queue>,
   |     ^^^^^
   |
   = note: `#[warn(dead_code)]` (part of `#[warn(unused)]`) on by default

warning: `helio-asset-compat` (lib) generated 3 warnings (run `cargo fix --lib -p helio-asset-compat` to apply 1 suggestion)
warning: `helio-wasm` (lib) generated 3 warnings (run `cargo fix --lib -p helio-wasm` to apply 2 suggestions)
   Compiling helio-web-demos v0.1.0 (E:\Documents\GitHub\Helio\crates\helio-web-demos)
warning: unused import: `MeshId`
 --> crates\helio-web-demos\src\common.rs:7:51
  |
7 |     GpuLight, GpuMaterial, LightType, MaterialId, MeshId, MeshUpload, ObjectDescriptor,
  |                                                   ^^^^^^
  |
  = note: `#[warn(unused_imports)]` (part of `#[warn(unused)]`) on by default

warning: function `directional_light` is never used
  --> crates\helio-web-demos\src\common.rs:33:8
   |
33 | pub fn directional_light(direction: [f32; 3], color: [f32; 3], intensity: f32) -> GpuLight {
   |        ^^^^^^^^^^^^^^^^^
   |
   = note: `#[warn(dead_code)]` (part of `#[warn(unused)]`) on by default

warning: function `spot_light` is never used
  --> crates\helio-web-demos\src\common.rs:57:8
   |
57 | pub fn spot_light(
   |        ^^^^^^^^^^

warning: function `cube_mesh` is never used
   --> crates\helio-web-demos\src\common.rs:106:8
    |
106 | pub fn cube_mesh(center: [f32; 3], half_extent: f32) -> MeshUpload {
    |        ^^^^^^^^^

warning: `helio-web-demos` (lib) generated 4 warnings (run `cargo fix --lib -p helio-web-demos` to apply 1 suggestion)
    Finished `release` profile [optimized] target(s) in 1.08s
warning: unused variable: `name`
   --> crates\helio-v3\src\profiling\cpu.rs:121:29
    |
121 |     pub fn scope(&mut self, name: &'static str) -> ScopeGuard {
    |                             ^^^^ help: if this is intentional, prefix it with an underscore: `_name`
    |
    = note: `#[warn(unused_variables)]` (part of `#[warn(unused)]`) on by default

warning: field `profiler` is never read
   --> crates\helio-v3\src\context.rs:194:16
    |
165 | pub struct PassContext<'a> {
    |            ----------- field in this struct
...
194 |     pub(crate) profiler: &'a mut Profiler,
    |                ^^^^^^^^
    |
    = note: `#[warn(dead_code)]` (part of `#[warn(unused)]`) on by default

warning: fields `texture` and `name` are never read
  --> crates\helio-v3\src\graph\executor.rs:89:5
   |
87 | struct TransientTexture {
   |        ---------------- fields in this struct
88 |     /// The GPU texture (owned by the graph)
89 |     texture: wgpu::Texture,
   |     ^^^^^^^
...
93 |     name: &'static str,
   |     ^^^^

warning: method `finish` is never used
   --> crates\helio-v3\src\graph\resource.rs:303:19
    |
192 | impl ResourceBuilder {
    | -------------------- method in this implementation
...
303 |     pub(crate) fn finish(self) -> Vec<ResourceDecl> {
    |                   ^^^^^^

warning: hiding a lifetime that's elided elsewhere is confusing
   --> crates\helio-v3\src\profiling\mod.rs:200:18
    |
200 |     pub fn scope(&mut self, name: &'static str) -> ScopeGuard {
    |                  ^^^^^^^^^                         ^^^^^^^^^^ the same lifetime is hidden here
    |                  |
    |                  the lifetime is elided here
    |
    = help: the same lifetime is referred to in inconsistent ways, making the signature confusing
    = note: `#[warn(mismatched_lifetime_syntaxes)]` on by default
help: use `'_` for type paths
    |
200 |     pub fn scope(&mut self, name: &'static str) -> ScopeGuard<'_> {
    |                                                              ++++

warning: hiding a lifetime that's elided elsewhere is confusing
   --> crates\helio-v3\src\profiling\cpu.rs:121:18
    |
121 |     pub fn scope(&mut self, name: &'static str) -> ScopeGuard {
    |                  ^^^^^^^^^                         ^^^^^^^^^^ the same lifetime is hidden here
    |                  |
    |                  the lifetime is elided here
    |
    = help: the same lifetime is referred to in inconsistent ways, making the signature confusing
help: use `'_` for type paths
    |
121 |     pub fn scope(&mut self, name: &'static str) -> ScopeGuard<'_> {
    |                                                              ++++

warning: `helio-v3` (lib) generated 6 warnings (run `cargo fix --lib -p helio-v3` to apply 3 suggestions)
warning: unused variable: `count`
   --> crates\helio-pass-virtual-geometry\src\lib.rs:933:9
    |
933 |     let count = NonZeroU32::new(MAX_TEXTURES as u32).expect("non-zero");
    |         ^^^^^ help: if this is intentional, prefix it with an underscore: `_count`
    |
    = note: `#[warn(unused_variables)]` (part of `#[warn(unused)]`) on by default

warning: fields `bgl_2`, `globals_buf`, `sample_kernel_buf`, `noise_texture`, and `noise_sampler` are never read
  --> crates\helio-pass-ssao\src\lib.rs:56:5
   |
50 | pub struct SsaoPass {
   |            -------- fields in this struct
...
56 |     bgl_2: wgpu::BindGroupLayout,
   |     ^^^^^
...
61 |     globals_buf: wgpu::Buffer,
   |     ^^^^^^^^^^^
62 |     ssao_uniform_buf: wgpu::Buffer,
63 |     sample_kernel_buf: wgpu::Buffer,
   |     ^^^^^^^^^^^^^^^^^
64 |     noise_texture: wgpu::Texture,
   |     ^^^^^^^^^^^^^
65 |     noise_sampler: wgpu::Sampler,
   |     ^^^^^^^^^^^^^
   |
   = note: `#[warn(dead_code)]` (part of `#[warn(unused)]`) on by default

warning: unused variable: `texture_array_count`
   --> crates\helio-pass-gbuffer\src\lib.rs:745:9
    |
745 |     let texture_array_count =
    |         ^^^^^^^^^^^^^^^^^^^ help: if this is intentional, prefix it with an underscore: `_texture_array_count`
    |
    = note: `#[warn(unused_variables)]` (part of `#[warn(unused)]`) on by default

warning: type `MaterialTimingEntry` is more private than the item `MaterialProfiler::get_timing_table`
   --> crates\helio-pass-perf-overlay\src\lib.rs:553:5
    |
553 |     pub fn get_timing_table(&self) -> &[MaterialTimingEntry] {
    |     ^^^^^^^^^^^^^^^^^^^^^^^^^^^^^^^^^^^^^^^^^^^^^^^^^^^^^^^^ method `MaterialProfiler::get_timing_table` is reachable at visibility `pub`
    |
note: but type `MaterialTimingEntry` is only usable at visibility `pub(crate)`
   --> crates\helio-pass-perf-overlay\src\lib.rs:117:1
    |
117 | struct MaterialTimingEntry {
    | ^^^^^^^^^^^^^^^^^^^^^^^^^^
    = note: `#[warn(private_interfaces)]` on by default

warning: type `MaterialTimingEntry` is more private than the item `PerfOverlayShared::get_material_timings`
   --> crates\helio-pass-perf-overlay\src\lib.rs:902:5
    |
902 |     pub fn get_material_timings(&self) -> &[MaterialTimingEntry] {
    |     ^^^^^^^^^^^^^^^^^^^^^^^^^^^^^^^^^^^^^^^^^^^^^^^^^^^^^^^^^^^^ method `PerfOverlayShared::get_material_timings` is reachable at visibility `pub`
    |
note: but type `MaterialTimingEntry` is only usable at visibility `pub(crate)`
   --> crates\helio-pass-perf-overlay\src\lib.rs:117:1
    |
117 | struct MaterialTimingEntry {
    | ^^^^^^^^^^^^^^^^^^^^^^^^^^

warning: field `color_snapshot_prev` is never read
   --> crates\helio-pass-perf-overlay\src\lib.rs:139:5
    |
129 | pub struct PerfOverlayShared {
    |            ----------------- field in this struct
...
139 |     color_snapshot_prev: wgpu::Texture,
    |     ^^^^^^^^^^^^^^^^^^^
    |
    = note: `#[warn(dead_code)]` (part of `#[warn(unused)]`) on by default

warning: field `test_texture` is never read
   --> crates\helio-pass-perf-overlay\src\lib.rs:204:5
    |
200 | pub struct MaterialProfiler {
    |            ---------------- field in this struct
...
204 |     test_texture: wgpu::Texture,
    |     ^^^^^^^^^^^^

warning: unused `Result` that must be used
   --> crates\helio-pass-perf-overlay\src\lib.rs:501:9
    |
501 |         device.poll(wgpu::PollType::wait_indefinitely());
    |         ^^^^^^^^^^^^^^^^^^^^^^^^^^^^^^^^^^^^^^^^^^^^^^^^
    |
    = note: this `Result` may be an `Err` variant, which should be handled
    = note: `#[warn(unused_must_use)]` (part of `#[warn(unused)]`) on by default
help: use `let _ = ...` to ignore the resulting value
    |
501 |         let _ = device.poll(wgpu::PollType::wait_indefinitely());
    |         +++++++

warning: fields `width`, `height`, `target_format`, and `pre_aa_tex` are never read
  --> crates\helio-pass-sky\src\lib.rs:82:5
   |
73 | pub struct SkyPass {
   |            ------- fields in this struct
...
82 |     width: u32,
   |     ^^^^^
83 |     height: u32,
   |     ^^^^^^
84 |     target_format: wgpu::TextureFormat,
   |     ^^^^^^^^^^^^^
85 |     /// Owned pre-AA render target —...
86 |     pre_aa_tex: wgpu::Texture,
   |     ^^^^^^^^^^
   |
   = note: `#[warn(dead_code)]` (part of `#[warn(unused)]`) on by default

warning: fields `grid_resolution`, `world_bounds_min`, `world_bounds_max`, and `mip_count` are never read
  --> crates\helio-pass-hiz\src\lib.rs:39:5
   |
38 | struct StaticHizMetadata {
   |        ----------------- fields in this struct
39 |     grid_resolution: [u32; 3],
   |     ^^^^^^^^^^^^^^^
40 |     world_bounds_min: [f32; 3],
   |     ^^^^^^^^^^^^^^^^
41 |     world_bounds_max: [f32; 3],
   |     ^^^^^^^^^^^^^^^^
42 |     mip_count: u32,
   |     ^^^^^^^^^
   |
   = note: `StaticHizMetadata` has derived impls for the traits `Debug` and `Clone`, but these are intentionally ignored during dead code analysis
   = note: `#[warn(dead_code)]` (part of `#[warn(unused)]`) on by default

warning: unused variable: `fallback_env_texture`
   --> crates\helio-pass-deferred-light\src\lib.rs:347:14
    |
347 |         let (fallback_env_texture, fallback_env_view) = black_cube_texture(device...
    |              ^^^^^^^^^^^^^^^^^^^^ help: if this is intentional, prefix it with an underscore: `_fallback_env_texture`
    |
    = note: `#[warn(unused_variables)]` (part of `#[warn(unused)]`) on by default

warning: unused variable: `fallback_rc_texture`
   --> crates\helio-pass-deferred-light\src\lib.rs:358:14
    |
358 |         let (fallback_rc_texture, fallback_rc_view) =
    |              ^^^^^^^^^^^^^^^^^^^ help: if this is intentional, prefix it with an underscore: `_fallback_rc_texture`

warning: unused variable: `fallback_caustics_texture`
   --> crates\helio-pass-deferred-light\src\lib.rs:362:14
    |
362 |         let (fallback_caustics_texture, fallback_caustics_view) =
    |              ^^^^^^^^^^^^^^^^^^^^^^^^^ help: if this is intentional, prefix it with an underscore: `_fallback_caustics_texture`

warning: unused variable: `fallback_lightmap_tex`
   --> crates\helio-pass-deferred-light\src\lib.rs:421:14
    |
421 |         let (fallback_lightmap_tex, fallback_lightmap_view) =
    |              ^^^^^^^^^^^^^^^^^^^^^ help: if this is intentional, prefix it with an underscore: `_fallback_lightmap_tex`

warning: field `bgl_0` is never read
  --> crates\helio-pass-deferred-light\src\lib.rs:26:5
   |
22 | pub struct DeferredLightPass {
   |            ----------------- field in this struct
...
26 |     bgl_0: wgpu::BindGroupLayout,
   |     ^^^^^
   |
   = note: `#[warn(dead_code)]` (part of `#[warn(unused)]`) on by default

warning: field `velocity_fallback_texture` is never read
   --> crates\helio-pass-taa\src\lib.rs:131:5
    |
113 | pub struct TaaPass {
    |            ------- field in this struct
...
131 |     velocity_fallback_texture: wgpu::Texture,
    |     ^^^^^^^^^^^^^^^^^^^^^^^^^
    |
    = note: `#[warn(dead_code)]` (part of `#[warn(unused)]`) on by default

warning: unused variable: `sm_ptr`
   --> crates\helio-pass-shadow\src\lib.rs:411:13
    |
411 |         let sm_ptr = ctx.scene.shadow_matrices as *const _ as usize;
    |             ^^^^^^ help: if this is intentional, prefix it with an underscore: `_sm_ptr`
    |
    = note: `#[warn(unused_variables)]` (part of `#[warn(unused)]`) on by default

warning: `helio-pass-virtual-geometry` (lib) generated 1 warning (run `cargo fix --lib -p helio-pass-virtual-geometry` to apply 1 suggestion)
warning: `helio-pass-ssao` (lib) generated 1 warning
warning: `helio-pass-gbuffer` (lib) generated 1 warning (run `cargo fix --lib -p helio-pass-gbuffer` to apply 1 suggestion)
warning: `helio-pass-perf-overlay` (lib) generated 5 warnings
warning: `helio-pass-sky` (lib) generated 1 warning
warning: `helio-pass-hiz` (lib) generated 1 warning
warning: `helio-pass-deferred-light` (lib) generated 5 warnings (run `cargo fix --lib -p helio-pass-deferred-light` to apply 4 suggestions)
warning: `helio-pass-taa` (lib) generated 1 warning
warning: `helio-pass-shadow` (lib) generated 1 warning (run `cargo fix --lib -p helio-pass-shadow` to apply 1 suggestion)
warning: unused imports: `LightId` and `ObjectId`
  --> crates\helio\src\picking.rs:53:22
   |
53 | use crate::handles::{LightId, MeshId, ObjectId};
   |                      ^^^^^^^          ^^^^^^^^
   |
   = note: `#[warn(unused_imports)]` (part of `#[warn(unused)]`) on by default

warning: unused import: `MeshId`
 --> crates\helio\src\scene\objects\update.rs:8:34
  |
8 | use crate::handles::{MaterialId, MeshId, ObjectId};
  |                                  ^^^^^^

warning: variable does not need to be mutable
   --> crates\helio\src\renderer\renderer_impl.rs:173:13
    |
173 |         let mut renderer = Self {
    |             ----^^^^^^^^
    |             |
    |             help: remove this `mut`
    |
    = note: `#[warn(unused_mut)]` (part of `#[warn(unused)]`) on by default

warning: type `DenseSlotMeta` is more private than the item `DenseArena::slots`
  --> crates\helio\src\arena.rs:41:5
   |
41 |     pub slots: Vec<DenseSlotMeta>,
   |     ^^^^^^^^^^^^^^^^^^^^^^^^^^^^^ field `DenseArena::slots` is reachable at visibility `pub(crate)`
   |
note: but type `DenseSlotMeta` is only usable at visibility `pub(self)`
  --> crates\helio\src\arena.rs:13:1
   |
13 | struct DenseSlotMeta {
   | ^^^^^^^^^^^^^^^^^^^^
   = note: `#[warn(private_interfaces)]` on by default

warning: methods `get_mut_by_slot` and `live_len` are never used
   --> crates\helio\src\arena.rs:245:12
    |
201 | impl<T, H: Handle> SparsePool<T, H> {
    | ----------------------------------- methods in this implementation
...
245 |     pub fn get_mut_by_slot(&mut self, slot_index: usize) -> Option<&mut T> {
    |            ^^^^^^^^^^^^^^^
...
274 |     pub fn live_len(&self) -> usize {
    |            ^^^^^^^^
    |
    = note: `#[warn(dead_code)]` (part of `#[warn(unused)]`) on by default

warning: method `extract_mesh_data` is never used
   --> crates\helio\src\mesh.rs:140:19
    |
 78 | impl MeshPool {
    | ------------- method in this implementation
...
140 |     pub(crate) fn extract_mesh_data(&self, id: MeshId) -> Option<MeshUpload> {
    |                   ^^^^^^^^^^^^^^^^^

warning: method `consume_water_hitboxes_dirty_range` is never used
  --> crates\helio\src\scene\hitbox.rs:97:19
   |
16 | impl Scene {
   | ---------- method in this implementation
...
97 |     pub(crate) fn consume_water_hitboxes_dirty_range(&mut self) -> Option<(usize, usize)> {
   |                   ^^^^^^^^^^^^^^^^^^^^^^^^^^^^^^^^^^

warning: method `insert_light` is never used
  --> crates\helio\src\scene\resources\lights.rs:50:29
   |
14 | impl super::super::Scene {
   | ------------------------ method in this implementation
...
50 |     pub(in crate::scene) fn insert_light(&mut self, light: GpuLight) -> LightId {
   |                             ^^^^^^^^^^^^

warning: field `groups` is never read
   --> crates\helio\src\scene\types.rs:199:9
    |
194 | pub(crate) struct VirtualObjectRecord {
    |                   ------------------- field in this struct
...
199 |     pub groups: GroupMask,
    |         ^^^^^^
    |
    = note: `VirtualObjectRecord` has derived impls for the traits `Clone` and `Debug`, but these are intentionally ignored during dead code analysis

warning: method `consume_water_volumes_dirty_range` is never used
   --> crates\helio\src\scene\water.rs:179:19
    |
 15 | impl Scene {
    | ---------- method in this implementation
...
179 |     pub(crate) fn consume_water_volumes_dirty_range(&mut self) -> Option<(usize, usize)> {
    |                   ^^^^^^^^^^^^^^^^^^^^^^^^^^^^^^^^^

warning: function `unpack_normal` is never used
  --> crates\helio\src\vg.rs:59:4
   |
59 | fn unpack_normal(packed: u32) -> Vec3 {
   |    ^^^^^^^^^^^^^

warning: `helio` (lib) generated 11 warnings (run `cargo fix --lib -p helio` to apply 3 suggestions)
warning: unused import: `Camera`
  --> crates\helio-wasm\src\runner.rs:18:13
   |
18 | use helio::{Camera, Renderer, RendererConfig};
   |             ^^^^^^
   |
   = note: `#[warn(unused_imports)]` (part of `#[warn(unused)]`) on by default

warning: variable does not need to be mutable
   --> crates\helio-wasm\src\runner.rs:434:9
    |
434 |     let mut runner = WasmRunner::<T>::new();
    |         ----^^^^^^
    |         |
    |         help: remove this `mut`
    |
    = note: `#[warn(unused_mut)]` (part of `#[warn(unused)]`) on by default

warning: field `queue` is never read
  --> crates\helio-wasm\src\runner.rs:78:5
   |
74 | struct RunnerState<T: HelioWasmApp> {
   |        ----------- field in this struct
...
78 |     queue: Arc<wgpu::Queue>,
   |     ^^^^^
   |
   = note: `#[warn(dead_code)]` (part of `#[warn(unused)]`) on by default

warning: unused import: `std::collections::HashMap`
  --> crates\helio-asset-compat\src\lib.rs:17:5
   |
17 | use std::collections::HashMap;
   |     ^^^^^^^^^^^^^^^^^^^^^^^^^
   |
   = note: `#[warn(unused_imports)]` (part of `#[warn(unused)]`) on by default

warning: struct `AnimationState` is never constructed
  --> crates\helio-asset-compat\src\animation_system.rs:11:12
   |
11 | pub struct AnimationState {
   |            ^^^^^^^^^^^^^^
   |
   = note: `#[warn(dead_code)]` (part of `#[warn(unused)]`) on by default

warning: associated items `new`, `play`, `stop`, `update`, and `get_matrices` are never used
  --> crates\helio-asset-compat\src\animation_system.rs:31:12
   |
29 | impl AnimationState {
   | ------------------- associated items in this implementation
30 |     /// Create a new animation state from a skin and animations
31 |     pub fn new(skin: Skin, animations: Vec<Animation>) -> Self {
   |            ^^^
...
45 |     pub fn play(&mut self, animation_index: usize, looping: bool) {
   |            ^^^^
...
55 |     pub fn stop(&mut self) {
   |            ^^^^
...
60 |     pub fn update(&mut self, delta_time: f32) {
   |            ^^^^^^
...
71 |     pub fn get_matrices(&self) -> &[Mat4] {
   |            ^^^^^^^^^^^^

warning: `helio-wasm` (lib) generated 3 warnings (run `cargo fix --lib -p helio-wasm` to apply 2 suggestions)
warning: `helio-asset-compat` (lib) generated 3 warnings (run `cargo fix --lib -p helio-asset-compat` to apply 1 suggestion)
   Compiling helio-web-demos v0.1.0 (E:\Documents\GitHub\Helio\crates\helio-web-demos)
warning: unused import: `MeshId`
 --> crates\helio-web-demos\src\common.rs:7:51
  |
7 |     GpuLight, GpuMaterial, LightType, MaterialId, MeshId, MeshUpload, ObjectDescriptor,
  |                                                   ^^^^^^
  |
  = note: `#[warn(unused_imports)]` (part of `#[warn(unused)]`) on by default

error[E0308]: mismatched types
   --> crates\helio-web-demos\src\..\examples-wasm\outdoor_canyon.rs:112:13
    |
112 |             sun_light,
    |             ^^^^^^^^^ expected `LightId`, found `SceneActorId`

error[E0308]: mismatched types
   --> crates\helio-web-demos\src\..\examples-wasm\outdoor_canyon.rs:113:13
    |
113 |             fire_light,
    |             ^^^^^^^^^^ expected `LightId`, found `SceneActorId`

For more information about this error, try `rustc --explain E0308`.
warning: `helio-web-demos` (lib) generated 1 warning
error: could not compile `helio-web-demos` (lib) due to 2 previous errors; 1 warning emitted
warning: unused variable: `name`
   --> crates\helio-v3\src\profiling\cpu.rs:121:29
    |
121 |     pub fn scope(&mut self, name: &'static str) -> ScopeGuard {
    |                             ^^^^ help: if this is intentional, prefix it with an underscore: `_name`
    |
    = note: `#[warn(unused_variables)]` (part of `#[warn(unused)]`) on by default

warning: field `profiler` is never read
   --> crates\helio-v3\src\context.rs:194:16
    |
165 | pub struct PassContext<'a> {
    |            ----------- field in this struct
...
194 |     pub(crate) profiler: &'a mut Profiler,
    |                ^^^^^^^^
    |
    = note: `#[warn(dead_code)]` (part of `#[warn(unused)]`) on by default

warning: fields `texture` and `name` are never read
  --> crates\helio-v3\src\graph\executor.rs:89:5
   |
87 | struct TransientTexture {
   |        ---------------- fields in this struct
88 |     /// The GPU texture (owned by the graph)
89 |     texture: wgpu::Texture,
   |     ^^^^^^^
...
93 |     name: &'static str,
   |     ^^^^

warning: method `finish` is never used
   --> crates\helio-v3\src\graph\resource.rs:303:19
    |
192 | impl ResourceBuilder {
    | -------------------- method in this implementation
...
303 |     pub(crate) fn finish(self) -> Vec<ResourceDecl> {
    |                   ^^^^^^

warning: hiding a lifetime that's elided elsewhere is confusing
   --> crates\helio-v3\src\profiling\mod.rs:200:18
    |
200 |     pub fn scope(&mut self, name: &'static str) -> ScopeGuard {
    |                  ^^^^^^^^^                         ^^^^^^^^^^ the same lifetime is hidden here
    |                  |
    |                  the lifetime is elided here
    |
    = help: the same lifetime is referred to in inconsistent ways, making the signature confusing
    = note: `#[warn(mismatched_lifetime_syntaxes)]` on by default
help: use `'_` for type paths
    |
200 |     pub fn scope(&mut self, name: &'static str) -> ScopeGuard<'_> {
    |                                                              ++++

warning: hiding a lifetime that's elided elsewhere is confusing
   --> crates\helio-v3\src\profiling\cpu.rs:121:18
    |
121 |     pub fn scope(&mut self, name: &'static str) -> ScopeGuard {
    |                  ^^^^^^^^^                         ^^^^^^^^^^ the same lifetime is hidden here
    |                  |
    |                  the lifetime is elided here
    |
    = help: the same lifetime is referred to in inconsistent ways, making the signature confusing
help: use `'_` for type paths
    |
121 |     pub fn scope(&mut self, name: &'static str) -> ScopeGuard<'_> {
    |                                                              ++++

warning: `helio-v3` (lib) generated 6 warnings (run `cargo fix --lib -p helio-v3` to apply 3 suggestions)
warning: unused variable: `texture_array_count`
   --> crates\helio-pass-gbuffer\src\lib.rs:745:9
    |
745 |     let texture_array_count =
    |         ^^^^^^^^^^^^^^^^^^^ help: if this is intentional, prefix it with an underscore: `_texture_array_count`
    |
    = note: `#[warn(unused_variables)]` (part of `#[warn(unused)]`) on by default

warning: field `velocity_fallback_texture` is never read
   --> crates\helio-pass-taa\src\lib.rs:131:5
    |
113 | pub struct TaaPass {
    |            ------- field in this struct
...
131 |     velocity_fallback_texture: wgpu::Texture,
    |     ^^^^^^^^^^^^^^^^^^^^^^^^^
    |
    = note: `#[warn(dead_code)]` (part of `#[warn(unused)]`) on by default

warning: fields `width`, `height`, `target_format`, and `pre_aa_tex` are never read
  --> crates\helio-pass-sky\src\lib.rs:82:5
   |
73 | pub struct SkyPass {
   |            ------- fields in this struct
...
82 |     width: u32,
   |     ^^^^^
83 |     height: u32,
   |     ^^^^^^
84 |     target_format: wgpu::TextureFormat,
   |     ^^^^^^^^^^^^^
85 |     /// Owned pre-AA render target —...
86 |     pre_aa_tex: wgpu::Texture,
   |     ^^^^^^^^^^
   |
   = note: `#[warn(dead_code)]` (part of `#[warn(unused)]`) on by default

warning: type `MaterialTimingEntry` is more private than the item `MaterialProfiler::get_timing_table`
   --> crates\helio-pass-perf-overlay\src\lib.rs:553:5
    |
553 |     pub fn get_timing_table(&self) -> &[MaterialTimingEntry] {
    |     ^^^^^^^^^^^^^^^^^^^^^^^^^^^^^^^^^^^^^^^^^^^^^^^^^^^^^^^^ method `MaterialProfiler::get_timing_table` is reachable at visibility `pub`
    |
note: but type `MaterialTimingEntry` is only usable at visibility `pub(crate)`
   --> crates\helio-pass-perf-overlay\src\lib.rs:117:1
    |
117 | struct MaterialTimingEntry {
    | ^^^^^^^^^^^^^^^^^^^^^^^^^^
    = note: `#[warn(private_interfaces)]` on by default

warning: type `MaterialTimingEntry` is more private than the item `PerfOverlayShared::get_material_timings`
   --> crates\helio-pass-perf-overlay\src\lib.rs:902:5
    |
902 |     pub fn get_material_timings(&self) -> &[MaterialTimingEntry] {
    |     ^^^^^^^^^^^^^^^^^^^^^^^^^^^^^^^^^^^^^^^^^^^^^^^^^^^^^^^^^^^^ method `PerfOverlayShared::get_material_timings` is reachable at visibility `pub`
    |
note: but type `MaterialTimingEntry` is only usable at visibility `pub(crate)`
   --> crates\helio-pass-perf-overlay\src\lib.rs:117:1
    |
117 | struct MaterialTimingEntry {
    | ^^^^^^^^^^^^^^^^^^^^^^^^^^

warning: field `color_snapshot_prev` is never read
   --> crates\helio-pass-perf-overlay\src\lib.rs:139:5
    |
129 | pub struct PerfOverlayShared {
    |            ----------------- field in this struct
...
139 |     color_snapshot_prev: wgpu::Texture,
    |     ^^^^^^^^^^^^^^^^^^^
    |
    = note: `#[warn(dead_code)]` (part of `#[warn(unused)]`) on by default

warning: field `test_texture` is never read
   --> crates\helio-pass-perf-overlay\src\lib.rs:204:5
    |
200 | pub struct MaterialProfiler {
    |            ---------------- field in this struct
...
204 |     test_texture: wgpu::Texture,
    |     ^^^^^^^^^^^^

warning: unused `Result` that must be used
   --> crates\helio-pass-perf-overlay\src\lib.rs:501:9
    |
501 |         device.poll(wgpu::PollType::wait_indefinitely());
    |         ^^^^^^^^^^^^^^^^^^^^^^^^^^^^^^^^^^^^^^^^^^^^^^^^
    |
    = note: this `Result` may be an `Err` variant, which should be handled
    = note: `#[warn(unused_must_use)]` (part of `#[warn(unused)]`) on by default
help: use `let _ = ...` to ignore the resulting value
    |
501 |         let _ = device.poll(wgpu::PollType::wait_indefinitely());
    |         +++++++

warning: unused variable: `fallback_env_texture`
   --> crates\helio-pass-deferred-light\src\lib.rs:347:14
    |
347 |         let (fallback_env_texture, fallback_env_view) = black_cube_texture(device...
    |              ^^^^^^^^^^^^^^^^^^^^ help: if this is intentional, prefix it with an underscore: `_fallback_env_texture`
    |
    = note: `#[warn(unused_variables)]` (part of `#[warn(unused)]`) on by default

warning: unused variable: `fallback_rc_texture`
   --> crates\helio-pass-deferred-light\src\lib.rs:358:14
    |
358 |         let (fallback_rc_texture, fallback_rc_view) =
    |              ^^^^^^^^^^^^^^^^^^^ help: if this is intentional, prefix it with an underscore: `_fallback_rc_texture`

warning: unused variable: `fallback_caustics_texture`
   --> crates\helio-pass-deferred-light\src\lib.rs:362:14
    |
362 |         let (fallback_caustics_texture, fallback_caustics_view) =
    |              ^^^^^^^^^^^^^^^^^^^^^^^^^ help: if this is intentional, prefix it with an underscore: `_fallback_caustics_texture`

warning: unused variable: `fallback_lightmap_tex`
   --> crates\helio-pass-deferred-light\src\lib.rs:421:14
    |
421 |         let (fallback_lightmap_tex, fallback_lightmap_view) =
    |              ^^^^^^^^^^^^^^^^^^^^^ help: if this is intentional, prefix it with an underscore: `_fallback_lightmap_tex`

warning: field `bgl_0` is never read
  --> crates\helio-pass-deferred-light\src\lib.rs:26:5
   |
22 | pub struct DeferredLightPass {
   |            ----------------- field in this struct
...
26 |     bgl_0: wgpu::BindGroupLayout,
   |     ^^^^^
   |
   = note: `#[warn(dead_code)]` (part of `#[warn(unused)]`) on by default

warning: unused variable: `count`
   --> crates\helio-pass-virtual-geometry\src\lib.rs:933:9
    |
933 |     let count = NonZeroU32::new(MAX_TEXTURES as u32).expect("non-zero");
    |         ^^^^^ help: if this is intentional, prefix it with an underscore: `_count`
    |
    = note: `#[warn(unused_variables)]` (part of `#[warn(unused)]`) on by default

warning: unused variable: `sm_ptr`
   --> crates\helio-pass-shadow\src\lib.rs:411:13
    |
411 |         let sm_ptr = ctx.scene.shadow_matrices as *const _ as usize;
    |             ^^^^^^ help: if this is intentional, prefix it with an underscore: `_sm_ptr`
    |
    = note: `#[warn(unused_variables)]` (part of `#[warn(unused)]`) on by default

warning: fields `bgl_2`, `globals_buf`, `sample_kernel_buf`, `noise_texture`, and `noise_sampler` are never read
  --> crates\helio-pass-ssao\src\lib.rs:56:5
   |
50 | pub struct SsaoPass {
   |            -------- fields in this struct
...
56 |     bgl_2: wgpu::BindGroupLayout,
   |     ^^^^^
...
61 |     globals_buf: wgpu::Buffer,
   |     ^^^^^^^^^^^
62 |     ssao_uniform_buf: wgpu::Buffer,
63 |     sample_kernel_buf: wgpu::Buffer,
   |     ^^^^^^^^^^^^^^^^^
64 |     noise_texture: wgpu::Texture,
   |     ^^^^^^^^^^^^^
65 |     noise_sampler: wgpu::Sampler,
   |     ^^^^^^^^^^^^^
   |
   = note: `#[warn(dead_code)]` (part of `#[warn(unused)]`) on by default

warning: fields `grid_resolution`, `world_bounds_min`, `world_bounds_max`, and `mip_count` are never read
  --> crates\helio-pass-hiz\src\lib.rs:39:5
   |
38 | struct StaticHizMetadata {
   |        ----------------- fields in this struct
39 |     grid_resolution: [u32; 3],
   |     ^^^^^^^^^^^^^^^
40 |     world_bounds_min: [f32; 3],
   |     ^^^^^^^^^^^^^^^^
41 |     world_bounds_max: [f32; 3],
   |     ^^^^^^^^^^^^^^^^
42 |     mip_count: u32,
   |     ^^^^^^^^^
   |
   = note: `StaticHizMetadata` has derived impls for the traits `Debug` and `Clone`, but these are intentionally ignored during dead code analysis
   = note: `#[warn(dead_code)]` (part of `#[warn(unused)]`) on by default

warning: `helio-pass-gbuffer` (lib) generated 1 warning (run `cargo fix --lib -p helio-pass-gbuffer` to apply 1 suggestion)
warning: `helio-pass-taa` (lib) generated 1 warning
warning: `helio-pass-sky` (lib) generated 1 warning
warning: `helio-pass-perf-overlay` (lib) generated 5 warnings
warning: `helio-pass-deferred-light` (lib) generated 5 warnings (run `cargo fix --lib -p helio-pass-deferred-light` to apply 4 suggestions)
warning: `helio-pass-virtual-geometry` (lib) generated 1 warning (run `cargo fix --lib -p helio-pass-virtual-geometry` to apply 1 suggestion)
warning: `helio-pass-shadow` (lib) generated 1 warning (run `cargo fix --lib -p helio-pass-shadow` to apply 1 suggestion)
warning: `helio-pass-ssao` (lib) generated 1 warning
warning: `helio-pass-hiz` (lib) generated 1 warning
warning: unused imports: `LightId` and `ObjectId`
  --> crates\helio\src\picking.rs:53:22
   |
53 | use crate::handles::{LightId, MeshId, ObjectId};
   |                      ^^^^^^^          ^^^^^^^^
   |
   = note: `#[warn(unused_imports)]` (part of `#[warn(unused)]`) on by default

warning: unused import: `MeshId`
 --> crates\helio\src\scene\objects\update.rs:8:34
  |
8 | use crate::handles::{MaterialId, MeshId, ObjectId};
  |                                  ^^^^^^

warning: variable does not need to be mutable
   --> crates\helio\src\renderer\renderer_impl.rs:173:13
    |
173 |         let mut renderer = Self {
    |             ----^^^^^^^^
    |             |
    |             help: remove this `mut`
    |
    = note: `#[warn(unused_mut)]` (part of `#[warn(unused)]`) on by default

warning: type `DenseSlotMeta` is more private than the item `DenseArena::slots`
  --> crates\helio\src\arena.rs:41:5
   |
41 |     pub slots: Vec<DenseSlotMeta>,
   |     ^^^^^^^^^^^^^^^^^^^^^^^^^^^^^ field `DenseArena::slots` is reachable at visibility `pub(crate)`
   |
note: but type `DenseSlotMeta` is only usable at visibility `pub(self)`
  --> crates\helio\src\arena.rs:13:1
   |
13 | struct DenseSlotMeta {
   | ^^^^^^^^^^^^^^^^^^^^
   = note: `#[warn(private_interfaces)]` on by default

warning: methods `get_mut_by_slot` and `live_len` are never used
   --> crates\helio\src\arena.rs:245:12
    |
201 | impl<T, H: Handle> SparsePool<T, H> {
    | ----------------------------------- methods in this implementation
...
245 |     pub fn get_mut_by_slot(&mut self, slot_index: usize) -> Option<&mut T> {
    |            ^^^^^^^^^^^^^^^
...
274 |     pub fn live_len(&self) -> usize {
    |            ^^^^^^^^
    |
    = note: `#[warn(dead_code)]` (part of `#[warn(unused)]`) on by default

warning: method `extract_mesh_data` is never used
   --> crates\helio\src\mesh.rs:140:19
    |
 78 | impl MeshPool {
    | ------------- method in this implementation
...
140 |     pub(crate) fn extract_mesh_data(&self, id: MeshId) -> Option<MeshUpload> {
    |                   ^^^^^^^^^^^^^^^^^

warning: method `consume_water_hitboxes_dirty_range` is never used
  --> crates\helio\src\scene\hitbox.rs:97:19
   |
16 | impl Scene {
   | ---------- method in this implementation
...
97 |     pub(crate) fn consume_water_hitboxes_dirty_range(&mut self) -> Option<(usize, usize)> {
   |                   ^^^^^^^^^^^^^^^^^^^^^^^^^^^^^^^^^^

warning: method `insert_light` is never used
  --> crates\helio\src\scene\resources\lights.rs:50:29
   |
14 | impl super::super::Scene {
   | ------------------------ method in this implementation
...
50 |     pub(in crate::scene) fn insert_light(&mut self, light: GpuLight) -> LightId {
   |                             ^^^^^^^^^^^^

warning: field `groups` is never read
   --> crates\helio\src\scene\types.rs:199:9
    |
194 | pub(crate) struct VirtualObjectRecord {
    |                   ------------------- field in this struct
...
199 |     pub groups: GroupMask,
    |         ^^^^^^
    |
    = note: `VirtualObjectRecord` has derived impls for the traits `Clone` and `Debug`, but these are intentionally ignored during dead code analysis

warning: method `consume_water_volumes_dirty_range` is never used
   --> crates\helio\src\scene\water.rs:179:19
    |
 15 | impl Scene {
    | ---------- method in this implementation
...
179 |     pub(crate) fn consume_water_volumes_dirty_range(&mut self) -> Option<(usize, usize)> {
    |                   ^^^^^^^^^^^^^^^^^^^^^^^^^^^^^^^^^

warning: function `unpack_normal` is never used
  --> crates\helio\src\vg.rs:59:4
   |
59 | fn unpack_normal(packed: u32) -> Vec3 {
   |    ^^^^^^^^^^^^^

warning: `helio` (lib) generated 11 warnings (run `cargo fix --lib -p helio` to apply 3 suggestions)
warning: unused import: `std::collections::HashMap`
  --> crates\helio-asset-compat\src\lib.rs:17:5
   |
17 | use std::collections::HashMap;
   |     ^^^^^^^^^^^^^^^^^^^^^^^^^
   |
   = note: `#[warn(unused_imports)]` (part of `#[warn(unused)]`) on by default

warning: struct `AnimationState` is never constructed
  --> crates\helio-asset-compat\src\animation_system.rs:11:12
   |
11 | pub struct AnimationState {
   |            ^^^^^^^^^^^^^^
   |
   = note: `#[warn(dead_code)]` (part of `#[warn(unused)]`) on by default

warning: associated items `new`, `play`, `stop`, `update`, and `get_matrices` are never used
  --> crates\helio-asset-compat\src\animation_system.rs:31:12
   |
29 | impl AnimationState {
   | ------------------- associated items in this implementation
30 |     /// Create a new animation state from a skin and animations
31 |     pub fn new(skin: Skin, animations: Vec<Animation>) -> Self {
   |            ^^^
...
45 |     pub fn play(&mut self, animation_index: usize, looping: bool) {
   |            ^^^^
...
55 |     pub fn stop(&mut self) {
   |            ^^^^
...
60 |     pub fn update(&mut self, delta_time: f32) {
   |            ^^^^^^
...
71 |     pub fn get_matrices(&self) -> &[Mat4] {
   |            ^^^^^^^^^^^^

warning: unused import: `Camera`
  --> crates\helio-wasm\src\runner.rs:18:13
   |
18 | use helio::{Camera, Renderer, RendererConfig};
   |             ^^^^^^
   |
   = note: `#[warn(unused_imports)]` (part of `#[warn(unused)]`) on by default

warning: variable does not need to be mutable
   --> crates\helio-wasm\src\runner.rs:434:9
    |
434 |     let mut runner = WasmRunner::<T>::new();
    |         ----^^^^^^
    |         |
    |         help: remove this `mut`
    |
    = note: `#[warn(unused_mut)]` (part of `#[warn(unused)]`) on by default

warning: field `queue` is never read
  --> crates\helio-wasm\src\runner.rs:78:5
   |
74 | struct RunnerState<T: HelioWasmApp> {
   |        ----------- field in this struct
...
78 |     queue: Arc<wgpu::Queue>,
   |     ^^^^^
   |
   = note: `#[warn(dead_code)]` (part of `#[warn(unused)]`) on by default

warning: `helio-asset-compat` (lib) generated 3 warnings (run `cargo fix --lib -p helio-asset-compat` to apply 1 suggestion)
warning: `helio-wasm` (lib) generated 3 warnings (run `cargo fix --lib -p helio-wasm` to apply 2 suggestions)
   Compiling helio-web-demos v0.1.0 (E:\Documents\GitHub\Helio\crates\helio-web-demos)
error: unexpected closing delimiter: `}`
   --> crates\helio-web-demos\src\..\examples-wasm\indoor_cathedral.rs:297:1
    |
 36 |     ) -> Self {
    |               - the nearest open delimiter
...
216 |         renderer.scene_mut().insert_actor(helio::SceneActor::water_volume(pool)));
    |                                                                                 - missing open `(` for this delimiter
...
297 | }
    | ^ unexpected closing delimiter

error: could not compile `helio-web-demos` (lib) due to 1 previous error
warning: unused variable: `name`
   --> crates\helio-v3\src\profiling\cpu.rs:121:29
    |
121 |     pub fn scope(&mut self, name: &'static str) -> ScopeGuard {
    |                             ^^^^ help: if this is intentional, prefix it with an underscore: `_name`
    |
    = note: `#[warn(unused_variables)]` (part of `#[warn(unused)]`) on by default

warning: field `profiler` is never read
   --> crates\helio-v3\src\context.rs:194:16
    |
165 | pub struct PassContext<'a> {
    |            ----------- field in this struct
...
194 |     pub(crate) profiler: &'a mut Profiler,
    |                ^^^^^^^^
    |
    = note: `#[warn(dead_code)]` (part of `#[warn(unused)]`) on by default

warning: fields `texture` and `name` are never read
  --> crates\helio-v3\src\graph\executor.rs:89:5
   |
87 | struct TransientTexture {
   |        ---------------- fields in this struct
88 |     /// The GPU texture (owned by the graph)
89 |     texture: wgpu::Texture,
   |     ^^^^^^^
...
93 |     name: &'static str,
   |     ^^^^

warning: method `finish` is never used
   --> crates\helio-v3\src\graph\resource.rs:303:19
    |
192 | impl ResourceBuilder {
    | -------------------- method in this implementation
...
303 |     pub(crate) fn finish(self) -> Vec<ResourceDecl> {
    |                   ^^^^^^

warning: hiding a lifetime that's elided elsewhere is confusing
   --> crates\helio-v3\src\profiling\mod.rs:200:18
    |
200 |     pub fn scope(&mut self, name: &'static str) -> ScopeGuard {
    |                  ^^^^^^^^^                         ^^^^^^^^^^ the same lifetime is hidden here
    |                  |
    |                  the lifetime is elided here
    |
    = help: the same lifetime is referred to in inconsistent ways, making the signature confusing
    = note: `#[warn(mismatched_lifetime_syntaxes)]` on by default
help: use `'_` for type paths
    |
200 |     pub fn scope(&mut self, name: &'static str) -> ScopeGuard<'_> {
    |                                                              ++++

warning: hiding a lifetime that's elided elsewhere is confusing
   --> crates\helio-v3\src\profiling\cpu.rs:121:18
    |
121 |     pub fn scope(&mut self, name: &'static str) -> ScopeGuard {
    |                  ^^^^^^^^^                         ^^^^^^^^^^ the same lifetime is hidden here
    |                  |
    |                  the lifetime is elided here
    |
    = help: the same lifetime is referred to in inconsistent ways, making the signature confusing
help: use `'_` for type paths
    |
121 |     pub fn scope(&mut self, name: &'static str) -> ScopeGuard<'_> {
    |                                                              ++++

warning: `helio-v3` (lib) generated 6 warnings (run `cargo fix --lib -p helio-v3` to apply 3 suggestions)
warning: fields `width`, `height`, `target_format`, and `pre_aa_tex` are never read
  --> crates\helio-pass-sky\src\lib.rs:82:5
   |
73 | pub struct SkyPass {
   |            ------- fields in this struct
...
82 |     width: u32,
   |     ^^^^^
83 |     height: u32,
   |     ^^^^^^
84 |     target_format: wgpu::TextureFormat,
   |     ^^^^^^^^^^^^^
85 |     /// Owned pre-AA render target —...
86 |     pre_aa_tex: wgpu::Texture,
   |     ^^^^^^^^^^
   |
   = note: `#[warn(dead_code)]` (part of `#[warn(unused)]`) on by default

warning: field `velocity_fallback_texture` is never read
   --> crates\helio-pass-taa\src\lib.rs:131:5
    |
113 | pub struct TaaPass {
    |            ------- field in this struct
...
131 |     velocity_fallback_texture: wgpu::Texture,
    |     ^^^^^^^^^^^^^^^^^^^^^^^^^
    |
    = note: `#[warn(dead_code)]` (part of `#[warn(unused)]`) on by default

warning: fields `bgl_2`, `globals_buf`, `sample_kernel_buf`, `noise_texture`, and `noise_sampler` are never read
  --> crates\helio-pass-ssao\src\lib.rs:56:5
   |
50 | pub struct SsaoPass {
   |            -------- fields in this struct
...
56 |     bgl_2: wgpu::BindGroupLayout,
   |     ^^^^^
...
61 |     globals_buf: wgpu::Buffer,
   |     ^^^^^^^^^^^
62 |     ssao_uniform_buf: wgpu::Buffer,
63 |     sample_kernel_buf: wgpu::Buffer,
   |     ^^^^^^^^^^^^^^^^^
64 |     noise_texture: wgpu::Texture,
   |     ^^^^^^^^^^^^^
65 |     noise_sampler: wgpu::Sampler,
   |     ^^^^^^^^^^^^^
   |
   = note: `#[warn(dead_code)]` (part of `#[warn(unused)]`) on by default

warning: fields `grid_resolution`, `world_bounds_min`, `world_bounds_max`, and `mip_count` are never read
  --> crates\helio-pass-hiz\src\lib.rs:39:5
   |
38 | struct StaticHizMetadata {
   |        ----------------- fields in this struct
39 |     grid_resolution: [u32; 3],
   |     ^^^^^^^^^^^^^^^
40 |     world_bounds_min: [f32; 3],
   |     ^^^^^^^^^^^^^^^^
41 |     world_bounds_max: [f32; 3],
   |     ^^^^^^^^^^^^^^^^
42 |     mip_count: u32,
   |     ^^^^^^^^^
   |
   = note: `StaticHizMetadata` has derived impls for the traits `Debug` and `Clone`, but these are intentionally ignored during dead code analysis
   = note: `#[warn(dead_code)]` (part of `#[warn(unused)]`) on by default

warning: unused variable: `sm_ptr`
   --> crates\helio-pass-shadow\src\lib.rs:411:13
    |
411 |         let sm_ptr = ctx.scene.shadow_matrices as *const _ as usize;
    |             ^^^^^^ help: if this is intentional, prefix it with an underscore: `_sm_ptr`
    |
    = note: `#[warn(unused_variables)]` (part of `#[warn(unused)]`) on by default

warning: unused variable: `count`
   --> crates\helio-pass-virtual-geometry\src\lib.rs:933:9
    |
933 |     let count = NonZeroU32::new(MAX_TEXTURES as u32).expect("non-zero");
    |         ^^^^^ help: if this is intentional, prefix it with an underscore: `_count`
    |
    = note: `#[warn(unused_variables)]` (part of `#[warn(unused)]`) on by default

warning: unused variable: `fallback_env_texture`
   --> crates\helio-pass-deferred-light\src\lib.rs:347:14
    |
347 |         let (fallback_env_texture, fallback_env_view) = black_cube_texture(device...
    |              ^^^^^^^^^^^^^^^^^^^^ help: if this is intentional, prefix it with an underscore: `_fallback_env_texture`
    |
    = note: `#[warn(unused_variables)]` (part of `#[warn(unused)]`) on by default

warning: unused variable: `fallback_rc_texture`
   --> crates\helio-pass-deferred-light\src\lib.rs:358:14
    |
358 |         let (fallback_rc_texture, fallback_rc_view) =
    |              ^^^^^^^^^^^^^^^^^^^ help: if this is intentional, prefix it with an underscore: `_fallback_rc_texture`

warning: unused variable: `fallback_caustics_texture`
   --> crates\helio-pass-deferred-light\src\lib.rs:362:14
    |
362 |         let (fallback_caustics_texture, fallback_caustics_view) =
    |              ^^^^^^^^^^^^^^^^^^^^^^^^^ help: if this is intentional, prefix it with an underscore: `_fallback_caustics_texture`

warning: unused variable: `fallback_lightmap_tex`
   --> crates\helio-pass-deferred-light\src\lib.rs:421:14
    |
421 |         let (fallback_lightmap_tex, fallback_lightmap_view) =
    |              ^^^^^^^^^^^^^^^^^^^^^ help: if this is intentional, prefix it with an underscore: `_fallback_lightmap_tex`

warning: field `bgl_0` is never read
  --> crates\helio-pass-deferred-light\src\lib.rs:26:5
   |
22 | pub struct DeferredLightPass {
   |            ----------------- field in this struct
...
26 |     bgl_0: wgpu::BindGroupLayout,
   |     ^^^^^
   |
   = note: `#[warn(dead_code)]` (part of `#[warn(unused)]`) on by default

warning: unused variable: `texture_array_count`
   --> crates\helio-pass-gbuffer\src\lib.rs:745:9
    |
745 |     let texture_array_count =
    |         ^^^^^^^^^^^^^^^^^^^ help: if this is intentional, prefix it with an underscore: `_texture_array_count`
    |
    = note: `#[warn(unused_variables)]` (part of `#[warn(unused)]`) on by default

warning: type `MaterialTimingEntry` is more private than the item `MaterialProfiler::get_timing_table`
   --> crates\helio-pass-perf-overlay\src\lib.rs:553:5
    |
553 |     pub fn get_timing_table(&self) -> &[MaterialTimingEntry] {
    |     ^^^^^^^^^^^^^^^^^^^^^^^^^^^^^^^^^^^^^^^^^^^^^^^^^^^^^^^^ method `MaterialProfiler::get_timing_table` is reachable at visibility `pub`
    |
note: but type `MaterialTimingEntry` is only usable at visibility `pub(crate)`
   --> crates\helio-pass-perf-overlay\src\lib.rs:117:1
    |
117 | struct MaterialTimingEntry {
    | ^^^^^^^^^^^^^^^^^^^^^^^^^^
    = note: `#[warn(private_interfaces)]` on by default

warning: type `MaterialTimingEntry` is more private than the item `PerfOverlayShared::get_material_timings`
   --> crates\helio-pass-perf-overlay\src\lib.rs:902:5
    |
902 |     pub fn get_material_timings(&self) -> &[MaterialTimingEntry] {
    |     ^^^^^^^^^^^^^^^^^^^^^^^^^^^^^^^^^^^^^^^^^^^^^^^^^^^^^^^^^^^^ method `PerfOverlayShared::get_material_timings` is reachable at visibility `pub`
    |
note: but type `MaterialTimingEntry` is only usable at visibility `pub(crate)`
   --> crates\helio-pass-perf-overlay\src\lib.rs:117:1
    |
117 | struct MaterialTimingEntry {
    | ^^^^^^^^^^^^^^^^^^^^^^^^^^

warning: field `color_snapshot_prev` is never read
   --> crates\helio-pass-perf-overlay\src\lib.rs:139:5
    |
129 | pub struct PerfOverlayShared {
    |            ----------------- field in this struct
...
139 |     color_snapshot_prev: wgpu::Texture,
    |     ^^^^^^^^^^^^^^^^^^^
    |
    = note: `#[warn(dead_code)]` (part of `#[warn(unused)]`) on by default

warning: field `test_texture` is never read
   --> crates\helio-pass-perf-overlay\src\lib.rs:204:5
    |
200 | pub struct MaterialProfiler {
    |            ---------------- field in this struct
...
204 |     test_texture: wgpu::Texture,
    |     ^^^^^^^^^^^^

warning: unused `Result` that must be used
   --> crates\helio-pass-perf-overlay\src\lib.rs:501:9
    |
501 |         device.poll(wgpu::PollType::wait_indefinitely());
    |         ^^^^^^^^^^^^^^^^^^^^^^^^^^^^^^^^^^^^^^^^^^^^^^^^
    |
    = note: this `Result` may be an `Err` variant, which should be handled
    = note: `#[warn(unused_must_use)]` (part of `#[warn(unused)]`) on by default
help: use `let _ = ...` to ignore the resulting value
    |
501 |         let _ = device.poll(wgpu::PollType::wait_indefinitely());
    |         +++++++

warning: `helio-pass-sky` (lib) generated 1 warning
warning: `helio-pass-taa` (lib) generated 1 warning
warning: `helio-pass-ssao` (lib) generated 1 warning
warning: `helio-pass-hiz` (lib) generated 1 warning
warning: `helio-pass-shadow` (lib) generated 1 warning (run `cargo fix --lib -p helio-pass-shadow` to apply 1 suggestion)
warning: `helio-pass-virtual-geometry` (lib) generated 1 warning (run `cargo fix --lib -p helio-pass-virtual-geometry` to apply 1 suggestion)
warning: `helio-pass-deferred-light` (lib) generated 5 warnings (run `cargo fix --lib -p helio-pass-deferred-light` to apply 4 suggestions)
warning: `helio-pass-gbuffer` (lib) generated 1 warning (run `cargo fix --lib -p helio-pass-gbuffer` to apply 1 suggestion)
warning: `helio-pass-perf-overlay` (lib) generated 5 warnings
warning: unused imports: `LightId` and `ObjectId`
  --> crates\helio\src\picking.rs:53:22
   |
53 | use crate::handles::{LightId, MeshId, ObjectId};
   |                      ^^^^^^^          ^^^^^^^^
   |
   = note: `#[warn(unused_imports)]` (part of `#[warn(unused)]`) on by default

warning: unused import: `MeshId`
 --> crates\helio\src\scene\objects\update.rs:8:34
  |
8 | use crate::handles::{MaterialId, MeshId, ObjectId};
  |                                  ^^^^^^

warning: variable does not need to be mutable
   --> crates\helio\src\renderer\renderer_impl.rs:173:13
    |
173 |         let mut renderer = Self {
    |             ----^^^^^^^^
    |             |
    |             help: remove this `mut`
    |
    = note: `#[warn(unused_mut)]` (part of `#[warn(unused)]`) on by default

warning: type `DenseSlotMeta` is more private than the item `DenseArena::slots`
  --> crates\helio\src\arena.rs:41:5
   |
41 |     pub slots: Vec<DenseSlotMeta>,
   |     ^^^^^^^^^^^^^^^^^^^^^^^^^^^^^ field `DenseArena::slots` is reachable at visibility `pub(crate)`
   |
note: but type `DenseSlotMeta` is only usable at visibility `pub(self)`
  --> crates\helio\src\arena.rs:13:1
   |
13 | struct DenseSlotMeta {
   | ^^^^^^^^^^^^^^^^^^^^
   = note: `#[warn(private_interfaces)]` on by default

warning: methods `get_mut_by_slot` and `live_len` are never used
   --> crates\helio\src\arena.rs:245:12
    |
201 | impl<T, H: Handle> SparsePool<T, H> {
    | ----------------------------------- methods in this implementation
...
245 |     pub fn get_mut_by_slot(&mut self, slot_index: usize) -> Option<&mut T> {
    |            ^^^^^^^^^^^^^^^
...
274 |     pub fn live_len(&self) -> usize {
    |            ^^^^^^^^
    |
    = note: `#[warn(dead_code)]` (part of `#[warn(unused)]`) on by default

warning: method `extract_mesh_data` is never used
   --> crates\helio\src\mesh.rs:140:19
    |
 78 | impl MeshPool {
    | ------------- method in this implementation
...
140 |     pub(crate) fn extract_mesh_data(&self, id: MeshId) -> Option<MeshUpload> {
    |                   ^^^^^^^^^^^^^^^^^

warning: method `consume_water_hitboxes_dirty_range` is never used
  --> crates\helio\src\scene\hitbox.rs:97:19
   |
16 | impl Scene {
   | ---------- method in this implementation
...
97 |     pub(crate) fn consume_water_hitboxes_dirty_range(&mut self) -> Option<(usize, usize)> {
   |                   ^^^^^^^^^^^^^^^^^^^^^^^^^^^^^^^^^^

warning: method `insert_light` is never used
  --> crates\helio\src\scene\resources\lights.rs:50:29
   |
14 | impl super::super::Scene {
   | ------------------------ method in this implementation
...
50 |     pub(in crate::scene) fn insert_light(&mut self, light: GpuLight) -> LightId {
   |                             ^^^^^^^^^^^^

warning: field `groups` is never read
   --> crates\helio\src\scene\types.rs:199:9
    |
194 | pub(crate) struct VirtualObjectRecord {
    |                   ------------------- field in this struct
...
199 |     pub groups: GroupMask,
    |         ^^^^^^
    |
    = note: `VirtualObjectRecord` has derived impls for the traits `Clone` and `Debug`, but these are intentionally ignored during dead code analysis

warning: method `consume_water_volumes_dirty_range` is never used
   --> crates\helio\src\scene\water.rs:179:19
    |
 15 | impl Scene {
    | ---------- method in this implementation
...
179 |     pub(crate) fn consume_water_volumes_dirty_range(&mut self) -> Option<(usize, usize)> {
    |                   ^^^^^^^^^^^^^^^^^^^^^^^^^^^^^^^^^

warning: function `unpack_normal` is never used
  --> crates\helio\src\vg.rs:59:4
   |
59 | fn unpack_normal(packed: u32) -> Vec3 {
   |    ^^^^^^^^^^^^^

warning: `helio` (lib) generated 11 warnings (run `cargo fix --lib -p helio` to apply 3 suggestions)
warning: unused import: `std::collections::HashMap`
  --> crates\helio-asset-compat\src\lib.rs:17:5
   |
17 | use std::collections::HashMap;
   |     ^^^^^^^^^^^^^^^^^^^^^^^^^
   |
   = note: `#[warn(unused_imports)]` (part of `#[warn(unused)]`) on by default

warning: struct `AnimationState` is never constructed
  --> crates\helio-asset-compat\src\animation_system.rs:11:12
   |
11 | pub struct AnimationState {
   |            ^^^^^^^^^^^^^^
   |
   = note: `#[warn(dead_code)]` (part of `#[warn(unused)]`) on by default

warning: associated items `new`, `play`, `stop`, `update`, and `get_matrices` are never used
  --> crates\helio-asset-compat\src\animation_system.rs:31:12
   |
29 | impl AnimationState {
   | ------------------- associated items in this implementation
30 |     /// Create a new animation state from a skin and animations
31 |     pub fn new(skin: Skin, animations: Vec<Animation>) -> Self {
   |            ^^^
...
45 |     pub fn play(&mut self, animation_index: usize, looping: bool) {
   |            ^^^^
...
55 |     pub fn stop(&mut self) {
   |            ^^^^
...
60 |     pub fn update(&mut self, delta_time: f32) {
   |            ^^^^^^
...
71 |     pub fn get_matrices(&self) -> &[Mat4] {
   |            ^^^^^^^^^^^^

warning: unused import: `Camera`
  --> crates\helio-wasm\src\runner.rs:18:13
   |
18 | use helio::{Camera, Renderer, RendererConfig};
   |             ^^^^^^
   |
   = note: `#[warn(unused_imports)]` (part of `#[warn(unused)]`) on by default

warning: variable does not need to be mutable
   --> crates\helio-wasm\src\runner.rs:434:9
    |
434 |     let mut runner = WasmRunner::<T>::new();
    |         ----^^^^^^
    |         |
    |         help: remove this `mut`
    |
    = note: `#[warn(unused_mut)]` (part of `#[warn(unused)]`) on by default

warning: field `queue` is never read
  --> crates\helio-wasm\src\runner.rs:78:5
   |
74 | struct RunnerState<T: HelioWasmApp> {
   |        ----------- field in this struct
...
78 |     queue: Arc<wgpu::Queue>,
   |     ^^^^^
   |
   = note: `#[warn(dead_code)]` (part of `#[warn(unused)]`) on by default

warning: `helio-asset-compat` (lib) generated 3 warnings (run `cargo fix --lib -p helio-asset-compat` to apply 1 suggestion)
warning: `helio-wasm` (lib) generated 3 warnings (run `cargo fix --lib -p helio-wasm` to apply 2 suggestions)
   Compiling helio-web-demos v0.1.0 (E:\Documents\GitHub\Helio\crates\helio-web-demos)
warning: unused import: `MeshId`
 --> crates\helio-web-demos\src\common.rs:7:51
  |
7 |     GpuLight, GpuMaterial, LightType, MaterialId, MeshId, MeshUpload, ObjectDescriptor,
  |                                                   ^^^^^^
  |
  = note: `#[warn(unused_imports)]` (part of `#[warn(unused)]`) on by default

warning: unused import: `directional_light`
  --> crates\helio-web-demos\src\..\examples-wasm\indoor_server_room.rs:12:26
   |
12 |     box_mesh, cube_mesh, directional_light, insert_object, make_material, plane_mesh, point_light,
   |                          ^^^^^^^^^^^^^^^^^

error[E0308]: mismatched types
   --> crates\helio-web-demos\src\..\examples-wasm\indoor_server_room.rs:202:13
    |
184 |             indicator_ids.push(id);
    |             -------------      -- this argument has type `SceneActorId`...
    |             |
    |             ... which causes `indicator_ids` to have type `Vec<SceneActorId>`
...
202 |             indicator_ids,
    |             ^^^^^^^^^^^^^ expected `Vec<LightId>`, found `Vec<SceneActorId>`
    |
    = note: expected struct `Vec<LightId>`
               found struct `Vec<SceneActorId>`

For more information about this error, try `rustc --explain E0308`.
warning: `helio-web-demos` (lib) generated 2 warnings
error: could not compile `helio-web-demos` (lib) due to 1 previous error; 2 warnings emitted
warning: unused variable: `name`
   --> crates\helio-v3\src\profiling\cpu.rs:121:29
    |
121 |     pub fn scope(&mut self, name: &'static str) -> ScopeGuard {
    |                             ^^^^ help: if this is intentional, prefix it with an underscore: `_name`
    |
    = note: `#[warn(unused_variables)]` (part of `#[warn(unused)]`) on by default

warning: field `profiler` is never read
   --> crates\helio-v3\src\context.rs:194:16
    |
165 | pub struct PassContext<'a> {
    |            ----------- field in this struct
...
194 |     pub(crate) profiler: &'a mut Profiler,
    |                ^^^^^^^^
    |
    = note: `#[warn(dead_code)]` (part of `#[warn(unused)]`) on by default

warning: fields `texture` and `name` are never read
  --> crates\helio-v3\src\graph\executor.rs:89:5
   |
87 | struct TransientTexture {
   |        ---------------- fields in this struct
88 |     /// The GPU texture (owned by the graph)
89 |     texture: wgpu::Texture,
   |     ^^^^^^^
...
93 |     name: &'static str,
   |     ^^^^

warning: method `finish` is never used
   --> crates\helio-v3\src\graph\resource.rs:303:19
    |
192 | impl ResourceBuilder {
    | -------------------- method in this implementation
...
303 |     pub(crate) fn finish(self) -> Vec<ResourceDecl> {
    |                   ^^^^^^

warning: hiding a lifetime that's elided elsewhere is confusing
   --> crates\helio-v3\src\profiling\mod.rs:200:18
    |
200 |     pub fn scope(&mut self, name: &'static str) -> ScopeGuard {
    |                  ^^^^^^^^^                         ^^^^^^^^^^ the same lifetime is hidden here
    |                  |
    |                  the lifetime is elided here
    |
    = help: the same lifetime is referred to in inconsistent ways, making the signature confusing
    = note: `#[warn(mismatched_lifetime_syntaxes)]` on by default
help: use `'_` for type paths
    |
200 |     pub fn scope(&mut self, name: &'static str) -> ScopeGuard<'_> {
    |                                                              ++++

warning: hiding a lifetime that's elided elsewhere is confusing
   --> crates\helio-v3\src\profiling\cpu.rs:121:18
    |
121 |     pub fn scope(&mut self, name: &'static str) -> ScopeGuard {
    |                  ^^^^^^^^^                         ^^^^^^^^^^ the same lifetime is hidden here
    |                  |
    |                  the lifetime is elided here
    |
    = help: the same lifetime is referred to in inconsistent ways, making the signature confusing
help: use `'_` for type paths
    |
121 |     pub fn scope(&mut self, name: &'static str) -> ScopeGuard<'_> {
    |                                                              ++++

warning: `helio-v3` (lib) generated 6 warnings (run `cargo fix --lib -p helio-v3` to apply 3 suggestions)
warning: fields `grid_resolution`, `world_bounds_min`, `world_bounds_max`, and `mip_count` are never read
  --> crates\helio-pass-hiz\src\lib.rs:39:5
   |
38 | struct StaticHizMetadata {
   |        ----------------- fields in this struct
39 |     grid_resolution: [u32; 3],
   |     ^^^^^^^^^^^^^^^
40 |     world_bounds_min: [f32; 3],
   |     ^^^^^^^^^^^^^^^^
41 |     world_bounds_max: [f32; 3],
   |     ^^^^^^^^^^^^^^^^
42 |     mip_count: u32,
   |     ^^^^^^^^^
   |
   = note: `StaticHizMetadata` has derived impls for the traits `Debug` and `Clone`, but these are intentionally ignored during dead code analysis
   = note: `#[warn(dead_code)]` (part of `#[warn(unused)]`) on by default

warning: fields `bgl_2`, `globals_buf`, `sample_kernel_buf`, `noise_texture`, and `noise_sampler` are never read
  --> crates\helio-pass-ssao\src\lib.rs:56:5
   |
50 | pub struct SsaoPass {
   |            -------- fields in this struct
...
56 |     bgl_2: wgpu::BindGroupLayout,
   |     ^^^^^
...
61 |     globals_buf: wgpu::Buffer,
   |     ^^^^^^^^^^^
62 |     ssao_uniform_buf: wgpu::Buffer,
63 |     sample_kernel_buf: wgpu::Buffer,
   |     ^^^^^^^^^^^^^^^^^
64 |     noise_texture: wgpu::Texture,
   |     ^^^^^^^^^^^^^
65 |     noise_sampler: wgpu::Sampler,
   |     ^^^^^^^^^^^^^
   |
   = note: `#[warn(dead_code)]` (part of `#[warn(unused)]`) on by default

warning: unused variable: `sm_ptr`
   --> crates\helio-pass-shadow\src\lib.rs:411:13
    |
411 |         let sm_ptr = ctx.scene.shadow_matrices as *const _ as usize;
    |             ^^^^^^ help: if this is intentional, prefix it with an underscore: `_sm_ptr`
    |
    = note: `#[warn(unused_variables)]` (part of `#[warn(unused)]`) on by default

warning: fields `width`, `height`, `target_format`, and `pre_aa_tex` are never read
  --> crates\helio-pass-sky\src\lib.rs:82:5
   |
73 | pub struct SkyPass {
   |            ------- fields in this struct
...
82 |     width: u32,
   |     ^^^^^
83 |     height: u32,
   |     ^^^^^^
84 |     target_format: wgpu::TextureFormat,
   |     ^^^^^^^^^^^^^
85 |     /// Owned pre-AA render target —...
86 |     pre_aa_tex: wgpu::Texture,
   |     ^^^^^^^^^^
   |
   = note: `#[warn(dead_code)]` (part of `#[warn(unused)]`) on by default

warning: unused variable: `fallback_env_texture`
   --> crates\helio-pass-deferred-light\src\lib.rs:347:14
    |
347 |         let (fallback_env_texture, fallback_env_view) = black_cube_texture(device...
    |              ^^^^^^^^^^^^^^^^^^^^ help: if this is intentional, prefix it with an underscore: `_fallback_env_texture`
    |
    = note: `#[warn(unused_variables)]` (part of `#[warn(unused)]`) on by default

warning: unused variable: `fallback_rc_texture`
   --> crates\helio-pass-deferred-light\src\lib.rs:358:14
    |
358 |         let (fallback_rc_texture, fallback_rc_view) =
    |              ^^^^^^^^^^^^^^^^^^^ help: if this is intentional, prefix it with an underscore: `_fallback_rc_texture`

warning: unused variable: `fallback_caustics_texture`
   --> crates\helio-pass-deferred-light\src\lib.rs:362:14
    |
362 |         let (fallback_caustics_texture, fallback_caustics_view) =
    |              ^^^^^^^^^^^^^^^^^^^^^^^^^ help: if this is intentional, prefix it with an underscore: `_fallback_caustics_texture`

warning: unused variable: `fallback_lightmap_tex`
   --> crates\helio-pass-deferred-light\src\lib.rs:421:14
    |
421 |         let (fallback_lightmap_tex, fallback_lightmap_view) =
    |              ^^^^^^^^^^^^^^^^^^^^^ help: if this is intentional, prefix it with an underscore: `_fallback_lightmap_tex`

warning: field `bgl_0` is never read
  --> crates\helio-pass-deferred-light\src\lib.rs:26:5
   |
22 | pub struct DeferredLightPass {
   |            ----------------- field in this struct
...
26 |     bgl_0: wgpu::BindGroupLayout,
   |     ^^^^^
   |
   = note: `#[warn(dead_code)]` (part of `#[warn(unused)]`) on by default

warning: type `MaterialTimingEntry` is more private than the item `MaterialProfiler::get_timing_table`
   --> crates\helio-pass-perf-overlay\src\lib.rs:553:5
    |
553 |     pub fn get_timing_table(&self) -> &[MaterialTimingEntry] {
    |     ^^^^^^^^^^^^^^^^^^^^^^^^^^^^^^^^^^^^^^^^^^^^^^^^^^^^^^^^ method `MaterialProfiler::get_timing_table` is reachable at visibility `pub`
    |
note: but type `MaterialTimingEntry` is only usable at visibility `pub(crate)`
   --> crates\helio-pass-perf-overlay\src\lib.rs:117:1
    |
117 | struct MaterialTimingEntry {
    | ^^^^^^^^^^^^^^^^^^^^^^^^^^
    = note: `#[warn(private_interfaces)]` on by default

warning: type `MaterialTimingEntry` is more private than the item `PerfOverlayShared::get_material_timings`
   --> crates\helio-pass-perf-overlay\src\lib.rs:902:5
    |
902 |     pub fn get_material_timings(&self) -> &[MaterialTimingEntry] {
    |     ^^^^^^^^^^^^^^^^^^^^^^^^^^^^^^^^^^^^^^^^^^^^^^^^^^^^^^^^^^^^ method `PerfOverlayShared::get_material_timings` is reachable at visibility `pub`
    |
note: but type `MaterialTimingEntry` is only usable at visibility `pub(crate)`
   --> crates\helio-pass-perf-overlay\src\lib.rs:117:1
    |
117 | struct MaterialTimingEntry {
    | ^^^^^^^^^^^^^^^^^^^^^^^^^^

warning: field `color_snapshot_prev` is never read
   --> crates\helio-pass-perf-overlay\src\lib.rs:139:5
    |
129 | pub struct PerfOverlayShared {
    |            ----------------- field in this struct
...
139 |     color_snapshot_prev: wgpu::Texture,
    |     ^^^^^^^^^^^^^^^^^^^
    |
    = note: `#[warn(dead_code)]` (part of `#[warn(unused)]`) on by default

warning: field `test_texture` is never read
   --> crates\helio-pass-perf-overlay\src\lib.rs:204:5
    |
200 | pub struct MaterialProfiler {
    |            ---------------- field in this struct
...
204 |     test_texture: wgpu::Texture,
    |     ^^^^^^^^^^^^

warning: unused `Result` that must be used
   --> crates\helio-pass-perf-overlay\src\lib.rs:501:9
    |
501 |         device.poll(wgpu::PollType::wait_indefinitely());
    |         ^^^^^^^^^^^^^^^^^^^^^^^^^^^^^^^^^^^^^^^^^^^^^^^^
    |
    = note: this `Result` may be an `Err` variant, which should be handled
    = note: `#[warn(unused_must_use)]` (part of `#[warn(unused)]`) on by default
help: use `let _ = ...` to ignore the resulting value
    |
501 |         let _ = device.poll(wgpu::PollType::wait_indefinitely());
    |         +++++++

warning: unused variable: `count`
   --> crates\helio-pass-virtual-geometry\src\lib.rs:933:9
    |
933 |     let count = NonZeroU32::new(MAX_TEXTURES as u32).expect("non-zero");
    |         ^^^^^ help: if this is intentional, prefix it with an underscore: `_count`
    |
    = note: `#[warn(unused_variables)]` (part of `#[warn(unused)]`) on by default

warning: unused variable: `texture_array_count`
   --> crates\helio-pass-gbuffer\src\lib.rs:745:9
    |
745 |     let texture_array_count =
    |         ^^^^^^^^^^^^^^^^^^^ help: if this is intentional, prefix it with an underscore: `_texture_array_count`
    |
    = note: `#[warn(unused_variables)]` (part of `#[warn(unused)]`) on by default

warning: field `velocity_fallback_texture` is never read
   --> crates\helio-pass-taa\src\lib.rs:131:5
    |
113 | pub struct TaaPass {
    |            ------- field in this struct
...
131 |     velocity_fallback_texture: wgpu::Texture,
    |     ^^^^^^^^^^^^^^^^^^^^^^^^^
    |
    = note: `#[warn(dead_code)]` (part of `#[warn(unused)]`) on by default

warning: `helio-pass-hiz` (lib) generated 1 warning
warning: `helio-pass-ssao` (lib) generated 1 warning
warning: `helio-pass-shadow` (lib) generated 1 warning (run `cargo fix --lib -p helio-pass-shadow` to apply 1 suggestion)
warning: `helio-pass-sky` (lib) generated 1 warning
warning: `helio-pass-deferred-light` (lib) generated 5 warnings (run `cargo fix --lib -p helio-pass-deferred-light` to apply 4 suggestions)
warning: `helio-pass-perf-overlay` (lib) generated 5 warnings
warning: `helio-pass-virtual-geometry` (lib) generated 1 warning (run `cargo fix --lib -p helio-pass-virtual-geometry` to apply 1 suggestion)
warning: `helio-pass-gbuffer` (lib) generated 1 warning (run `cargo fix --lib -p helio-pass-gbuffer` to apply 1 suggestion)
warning: `helio-pass-taa` (lib) generated 1 warning
warning: unused imports: `LightId` and `ObjectId`
  --> crates\helio\src\picking.rs:53:22
   |
53 | use crate::handles::{LightId, MeshId, ObjectId};
   |                      ^^^^^^^          ^^^^^^^^
   |
   = note: `#[warn(unused_imports)]` (part of `#[warn(unused)]`) on by default

warning: unused import: `MeshId`
 --> crates\helio\src\scene\objects\update.rs:8:34
  |
8 | use crate::handles::{MaterialId, MeshId, ObjectId};
  |                                  ^^^^^^

warning: variable does not need to be mutable
   --> crates\helio\src\renderer\renderer_impl.rs:173:13
    |
173 |         let mut renderer = Self {
    |             ----^^^^^^^^
    |             |
    |             help: remove this `mut`
    |
    = note: `#[warn(unused_mut)]` (part of `#[warn(unused)]`) on by default

warning: type `DenseSlotMeta` is more private than the item `DenseArena::slots`
  --> crates\helio\src\arena.rs:41:5
   |
41 |     pub slots: Vec<DenseSlotMeta>,
   |     ^^^^^^^^^^^^^^^^^^^^^^^^^^^^^ field `DenseArena::slots` is reachable at visibility `pub(crate)`
   |
note: but type `DenseSlotMeta` is only usable at visibility `pub(self)`
  --> crates\helio\src\arena.rs:13:1
   |
13 | struct DenseSlotMeta {
   | ^^^^^^^^^^^^^^^^^^^^
   = note: `#[warn(private_interfaces)]` on by default

warning: methods `get_mut_by_slot` and `live_len` are never used
   --> crates\helio\src\arena.rs:245:12
    |
201 | impl<T, H: Handle> SparsePool<T, H> {
    | ----------------------------------- methods in this implementation
...
245 |     pub fn get_mut_by_slot(&mut self, slot_index: usize) -> Option<&mut T> {
    |            ^^^^^^^^^^^^^^^
...
274 |     pub fn live_len(&self) -> usize {
    |            ^^^^^^^^
    |
    = note: `#[warn(dead_code)]` (part of `#[warn(unused)]`) on by default

warning: method `extract_mesh_data` is never used
   --> crates\helio\src\mesh.rs:140:19
    |
 78 | impl MeshPool {
    | ------------- method in this implementation
...
140 |     pub(crate) fn extract_mesh_data(&self, id: MeshId) -> Option<MeshUpload> {
    |                   ^^^^^^^^^^^^^^^^^

warning: method `consume_water_hitboxes_dirty_range` is never used
  --> crates\helio\src\scene\hitbox.rs:97:19
   |
16 | impl Scene {
   | ---------- method in this implementation
...
97 |     pub(crate) fn consume_water_hitboxes_dirty_range(&mut self) -> Option<(usize, usize)> {
   |                   ^^^^^^^^^^^^^^^^^^^^^^^^^^^^^^^^^^

warning: method `insert_light` is never used
  --> crates\helio\src\scene\resources\lights.rs:50:29
   |
14 | impl super::super::Scene {
   | ------------------------ method in this implementation
...
50 |     pub(in crate::scene) fn insert_light(&mut self, light: GpuLight) -> LightId {
   |                             ^^^^^^^^^^^^

warning: field `groups` is never read
   --> crates\helio\src\scene\types.rs:199:9
    |
194 | pub(crate) struct VirtualObjectRecord {
    |                   ------------------- field in this struct
...
199 |     pub groups: GroupMask,
    |         ^^^^^^
    |
    = note: `VirtualObjectRecord` has derived impls for the traits `Clone` and `Debug`, but these are intentionally ignored during dead code analysis

warning: method `consume_water_volumes_dirty_range` is never used
   --> crates\helio\src\scene\water.rs:179:19
    |
 15 | impl Scene {
    | ---------- method in this implementation
...
179 |     pub(crate) fn consume_water_volumes_dirty_range(&mut self) -> Option<(usize, usize)> {
    |                   ^^^^^^^^^^^^^^^^^^^^^^^^^^^^^^^^^

warning: function `unpack_normal` is never used
  --> crates\helio\src\vg.rs:59:4
   |
59 | fn unpack_normal(packed: u32) -> Vec3 {
   |    ^^^^^^^^^^^^^

warning: `helio` (lib) generated 11 warnings (run `cargo fix --lib -p helio` to apply 3 suggestions)
warning: unused import: `std::collections::HashMap`
  --> crates\helio-asset-compat\src\lib.rs:17:5
   |
17 | use std::collections::HashMap;
   |     ^^^^^^^^^^^^^^^^^^^^^^^^^
   |
   = note: `#[warn(unused_imports)]` (part of `#[warn(unused)]`) on by default

warning: struct `AnimationState` is never constructed
  --> crates\helio-asset-compat\src\animation_system.rs:11:12
   |
11 | pub struct AnimationState {
   |            ^^^^^^^^^^^^^^
   |
   = note: `#[warn(dead_code)]` (part of `#[warn(unused)]`) on by default

warning: associated items `new`, `play`, `stop`, `update`, and `get_matrices` are never used
  --> crates\helio-asset-compat\src\animation_system.rs:31:12
   |
29 | impl AnimationState {
   | ------------------- associated items in this implementation
30 |     /// Create a new animation state from a skin and animations
31 |     pub fn new(skin: Skin, animations: Vec<Animation>) -> Self {
   |            ^^^
...
45 |     pub fn play(&mut self, animation_index: usize, looping: bool) {
   |            ^^^^
...
55 |     pub fn stop(&mut self) {
   |            ^^^^
...
60 |     pub fn update(&mut self, delta_time: f32) {
   |            ^^^^^^
...
71 |     pub fn get_matrices(&self) -> &[Mat4] {
   |            ^^^^^^^^^^^^

warning: unused import: `Camera`
  --> crates\helio-wasm\src\runner.rs:18:13
   |
18 | use helio::{Camera, Renderer, RendererConfig};
   |             ^^^^^^
   |
   = note: `#[warn(unused_imports)]` (part of `#[warn(unused)]`) on by default

warning: variable does not need to be mutable
   --> crates\helio-wasm\src\runner.rs:434:9
    |
434 |     let mut runner = WasmRunner::<T>::new();
    |         ----^^^^^^
    |         |
    |         help: remove this `mut`
    |
    = note: `#[warn(unused_mut)]` (part of `#[warn(unused)]`) on by default

warning: field `queue` is never read
  --> crates\helio-wasm\src\runner.rs:78:5
   |
74 | struct RunnerState<T: HelioWasmApp> {
   |        ----------- field in this struct
...
78 |     queue: Arc<wgpu::Queue>,
   |     ^^^^^
   |
   = note: `#[warn(dead_code)]` (part of `#[warn(unused)]`) on by default

warning: `helio-asset-compat` (lib) generated 3 warnings (run `cargo fix --lib -p helio-asset-compat` to apply 1 suggestion)
warning: `helio-wasm` (lib) generated 3 warnings (run `cargo fix --lib -p helio-wasm` to apply 2 suggestions)
   Compiling helio-web-demos v0.1.0 (E:\Documents\GitHub\Helio\crates\helio-web-demos)
warning: unused import: `MeshId`
 --> crates\helio-web-demos\src\common.rs:7:51
  |
7 |     GpuLight, GpuMaterial, LightType, MaterialId, MeshId, MeshUpload, ObjectDescriptor,
  |                                                   ^^^^^^
  |
  = note: `#[warn(unused_imports)]` (part of `#[warn(unused)]`) on by default

error[E0308]: mismatched types
   --> crates\helio-web-demos\src\..\examples-wasm\outdoor_city.rs:177:13
    |
151 |                 window_ids.push(id);
    |                 ----------      -- this argument has type `SceneActorId`...
    |                 |
    |                 ... which causes `window_ids` to have type `Vec<SceneActorId>`
...
177 |             window_ids,
    |             ^^^^^^^^^^ expected `Vec<LightId>`, found `Vec<SceneActorId>`
    |
    = note: expected struct `Vec<LightId>`
               found struct `Vec<SceneActorId>`

For more information about this error, try `rustc --explain E0308`.
warning: `helio-web-demos` (lib) generated 1 warning
error: could not compile `helio-web-demos` (lib) due to 1 previous error; 1 warning emitted
warning: unused variable: `name`
   --> crates\helio-v3\src\profiling\cpu.rs:121:29
    |
121 |     pub fn scope(&mut self, name: &'static str) -> ScopeGuard {
    |                             ^^^^ help: if this is intentional, prefix it with an underscore: `_name`
    |
    = note: `#[warn(unused_variables)]` (part of `#[warn(unused)]`) on by default

warning: field `profiler` is never read
   --> crates\helio-v3\src\context.rs:194:16
    |
165 | pub struct PassContext<'a> {
    |            ----------- field in this struct
...
194 |     pub(crate) profiler: &'a mut Profiler,
    |                ^^^^^^^^
    |
    = note: `#[warn(dead_code)]` (part of `#[warn(unused)]`) on by default

warning: fields `texture` and `name` are never read
  --> crates\helio-v3\src\graph\executor.rs:89:5
   |
87 | struct TransientTexture {
   |        ---------------- fields in this struct
88 |     /// The GPU texture (owned by the graph)
89 |     texture: wgpu::Texture,
   |     ^^^^^^^
...
93 |     name: &'static str,
   |     ^^^^

warning: method `finish` is never used
   --> crates\helio-v3\src\graph\resource.rs:303:19
    |
192 | impl ResourceBuilder {
    | -------------------- method in this implementation
...
303 |     pub(crate) fn finish(self) -> Vec<ResourceDecl> {
    |                   ^^^^^^

warning: hiding a lifetime that's elided elsewhere is confusing
   --> crates\helio-v3\src\profiling\mod.rs:200:18
    |
200 |     pub fn scope(&mut self, name: &'static str) -> ScopeGuard {
    |                  ^^^^^^^^^                         ^^^^^^^^^^ the same lifetime is hidden here
    |                  |
    |                  the lifetime is elided here
    |
    = help: the same lifetime is referred to in inconsistent ways, making the signature confusing
    = note: `#[warn(mismatched_lifetime_syntaxes)]` on by default
help: use `'_` for type paths
    |
200 |     pub fn scope(&mut self, name: &'static str) -> ScopeGuard<'_> {
    |                                                              ++++

warning: hiding a lifetime that's elided elsewhere is confusing
   --> crates\helio-v3\src\profiling\cpu.rs:121:18
    |
121 |     pub fn scope(&mut self, name: &'static str) -> ScopeGuard {
    |                  ^^^^^^^^^                         ^^^^^^^^^^ the same lifetime is hidden here
    |                  |
    |                  the lifetime is elided here
    |
    = help: the same lifetime is referred to in inconsistent ways, making the signature confusing
help: use `'_` for type paths
    |
121 |     pub fn scope(&mut self, name: &'static str) -> ScopeGuard<'_> {
    |                                                              ++++

warning: `helio-v3` (lib) generated 6 warnings (run `cargo fix --lib -p helio-v3` to apply 3 suggestions)
warning: fields `grid_resolution`, `world_bounds_min`, `world_bounds_max`, and `mip_count` are never read
  --> crates\helio-pass-hiz\src\lib.rs:39:5
   |
38 | struct StaticHizMetadata {
   |        ----------------- fields in this struct
39 |     grid_resolution: [u32; 3],
   |     ^^^^^^^^^^^^^^^
40 |     world_bounds_min: [f32; 3],
   |     ^^^^^^^^^^^^^^^^
41 |     world_bounds_max: [f32; 3],
   |     ^^^^^^^^^^^^^^^^
42 |     mip_count: u32,
   |     ^^^^^^^^^
   |
   = note: `StaticHizMetadata` has derived impls for the traits `Debug` and `Clone`, but these are intentionally ignored during dead code analysis
   = note: `#[warn(dead_code)]` (part of `#[warn(unused)]`) on by default

warning: unused variable: `texture_array_count`
   --> crates\helio-pass-gbuffer\src\lib.rs:745:9
    |
745 |     let texture_array_count =
    |         ^^^^^^^^^^^^^^^^^^^ help: if this is intentional, prefix it with an underscore: `_texture_array_count`
    |
    = note: `#[warn(unused_variables)]` (part of `#[warn(unused)]`) on by default

warning: unused variable: `sm_ptr`
   --> crates\helio-pass-shadow\src\lib.rs:411:13
    |
411 |         let sm_ptr = ctx.scene.shadow_matrices as *const _ as usize;
    |             ^^^^^^ help: if this is intentional, prefix it with an underscore: `_sm_ptr`
    |
    = note: `#[warn(unused_variables)]` (part of `#[warn(unused)]`) on by default

warning: type `MaterialTimingEntry` is more private than the item `MaterialProfiler::get_timing_table`
   --> crates\helio-pass-perf-overlay\src\lib.rs:553:5
    |
553 |     pub fn get_timing_table(&self) -> &[MaterialTimingEntry] {
    |     ^^^^^^^^^^^^^^^^^^^^^^^^^^^^^^^^^^^^^^^^^^^^^^^^^^^^^^^^ method `MaterialProfiler::get_timing_table` is reachable at visibility `pub`
    |
note: but type `MaterialTimingEntry` is only usable at visibility `pub(crate)`
   --> crates\helio-pass-perf-overlay\src\lib.rs:117:1
    |
117 | struct MaterialTimingEntry {
    | ^^^^^^^^^^^^^^^^^^^^^^^^^^
    = note: `#[warn(private_interfaces)]` on by default

warning: type `MaterialTimingEntry` is more private than the item `PerfOverlayShared::get_material_timings`
   --> crates\helio-pass-perf-overlay\src\lib.rs:902:5
    |
902 |     pub fn get_material_timings(&self) -> &[MaterialTimingEntry] {
    |     ^^^^^^^^^^^^^^^^^^^^^^^^^^^^^^^^^^^^^^^^^^^^^^^^^^^^^^^^^^^^ method `PerfOverlayShared::get_material_timings` is reachable at visibility `pub`
    |
note: but type `MaterialTimingEntry` is only usable at visibility `pub(crate)`
   --> crates\helio-pass-perf-overlay\src\lib.rs:117:1
    |
117 | struct MaterialTimingEntry {
    | ^^^^^^^^^^^^^^^^^^^^^^^^^^

warning: field `color_snapshot_prev` is never read
   --> crates\helio-pass-perf-overlay\src\lib.rs:139:5
    |
129 | pub struct PerfOverlayShared {
    |            ----------------- field in this struct
...
139 |     color_snapshot_prev: wgpu::Texture,
    |     ^^^^^^^^^^^^^^^^^^^
    |
    = note: `#[warn(dead_code)]` (part of `#[warn(unused)]`) on by default

warning: field `test_texture` is never read
   --> crates\helio-pass-perf-overlay\src\lib.rs:204:5
    |
200 | pub struct MaterialProfiler {
    |            ---------------- field in this struct
...
204 |     test_texture: wgpu::Texture,
    |     ^^^^^^^^^^^^

warning: unused `Result` that must be used
   --> crates\helio-pass-perf-overlay\src\lib.rs:501:9
    |
501 |         device.poll(wgpu::PollType::wait_indefinitely());
    |         ^^^^^^^^^^^^^^^^^^^^^^^^^^^^^^^^^^^^^^^^^^^^^^^^
    |
    = note: this `Result` may be an `Err` variant, which should be handled
    = note: `#[warn(unused_must_use)]` (part of `#[warn(unused)]`) on by default
help: use `let _ = ...` to ignore the resulting value
    |
501 |         let _ = device.poll(wgpu::PollType::wait_indefinitely());
    |         +++++++

warning: unused variable: `fallback_env_texture`
   --> crates\helio-pass-deferred-light\src\lib.rs:347:14
    |
347 |         let (fallback_env_texture, fallback_env_view) = black_cube_texture(device...
    |              ^^^^^^^^^^^^^^^^^^^^ help: if this is intentional, prefix it with an underscore: `_fallback_env_texture`
    |
    = note: `#[warn(unused_variables)]` (part of `#[warn(unused)]`) on by default

warning: unused variable: `fallback_rc_texture`
   --> crates\helio-pass-deferred-light\src\lib.rs:358:14
    |
358 |         let (fallback_rc_texture, fallback_rc_view) =
    |              ^^^^^^^^^^^^^^^^^^^ help: if this is intentional, prefix it with an underscore: `_fallback_rc_texture`

warning: unused variable: `fallback_caustics_texture`
   --> crates\helio-pass-deferred-light\src\lib.rs:362:14
    |
362 |         let (fallback_caustics_texture, fallback_caustics_view) =
    |              ^^^^^^^^^^^^^^^^^^^^^^^^^ help: if this is intentional, prefix it with an underscore: `_fallback_caustics_texture`

warning: unused variable: `fallback_lightmap_tex`
   --> crates\helio-pass-deferred-light\src\lib.rs:421:14
    |
421 |         let (fallback_lightmap_tex, fallback_lightmap_view) =
    |              ^^^^^^^^^^^^^^^^^^^^^ help: if this is intentional, prefix it with an underscore: `_fallback_lightmap_tex`

warning: field `bgl_0` is never read
  --> crates\helio-pass-deferred-light\src\lib.rs:26:5
   |
22 | pub struct DeferredLightPass {
   |            ----------------- field in this struct
...
26 |     bgl_0: wgpu::BindGroupLayout,
   |     ^^^^^
   |
   = note: `#[warn(dead_code)]` (part of `#[warn(unused)]`) on by default

warning: fields `width`, `height`, `target_format`, and `pre_aa_tex` are never read
  --> crates\helio-pass-sky\src\lib.rs:82:5
   |
73 | pub struct SkyPass {
   |            ------- fields in this struct
...
82 |     width: u32,
   |     ^^^^^
83 |     height: u32,
   |     ^^^^^^
84 |     target_format: wgpu::TextureFormat,
   |     ^^^^^^^^^^^^^
85 |     /// Owned pre-AA render target —...
86 |     pre_aa_tex: wgpu::Texture,
   |     ^^^^^^^^^^
   |
   = note: `#[warn(dead_code)]` (part of `#[warn(unused)]`) on by default

warning: unused variable: `count`
   --> crates\helio-pass-virtual-geometry\src\lib.rs:933:9
    |
933 |     let count = NonZeroU32::new(MAX_TEXTURES as u32).expect("non-zero");
    |         ^^^^^ help: if this is intentional, prefix it with an underscore: `_count`
    |
    = note: `#[warn(unused_variables)]` (part of `#[warn(unused)]`) on by default

warning: fields `bgl_2`, `globals_buf`, `sample_kernel_buf`, `noise_texture`, and `noise_sampler` are never read
  --> crates\helio-pass-ssao\src\lib.rs:56:5
   |
50 | pub struct SsaoPass {
   |            -------- fields in this struct
...
56 |     bgl_2: wgpu::BindGroupLayout,
   |     ^^^^^
...
61 |     globals_buf: wgpu::Buffer,
   |     ^^^^^^^^^^^
62 |     ssao_uniform_buf: wgpu::Buffer,
63 |     sample_kernel_buf: wgpu::Buffer,
   |     ^^^^^^^^^^^^^^^^^
64 |     noise_texture: wgpu::Texture,
   |     ^^^^^^^^^^^^^
65 |     noise_sampler: wgpu::Sampler,
   |     ^^^^^^^^^^^^^
   |
   = note: `#[warn(dead_code)]` (part of `#[warn(unused)]`) on by default

warning: field `velocity_fallback_texture` is never read
   --> crates\helio-pass-taa\src\lib.rs:131:5
    |
113 | pub struct TaaPass {
    |            ------- field in this struct
...
131 |     velocity_fallback_texture: wgpu::Texture,
    |     ^^^^^^^^^^^^^^^^^^^^^^^^^
    |
    = note: `#[warn(dead_code)]` (part of `#[warn(unused)]`) on by default

warning: `helio-pass-hiz` (lib) generated 1 warning
warning: `helio-pass-gbuffer` (lib) generated 1 warning (run `cargo fix --lib -p helio-pass-gbuffer` to apply 1 suggestion)
warning: `helio-pass-shadow` (lib) generated 1 warning (run `cargo fix --lib -p helio-pass-shadow` to apply 1 suggestion)
warning: `helio-pass-perf-overlay` (lib) generated 5 warnings
warning: `helio-pass-deferred-light` (lib) generated 5 warnings (run `cargo fix --lib -p helio-pass-deferred-light` to apply 4 suggestions)
warning: `helio-pass-sky` (lib) generated 1 warning
warning: `helio-pass-virtual-geometry` (lib) generated 1 warning (run `cargo fix --lib -p helio-pass-virtual-geometry` to apply 1 suggestion)
warning: `helio-pass-ssao` (lib) generated 1 warning
warning: `helio-pass-taa` (lib) generated 1 warning
warning: unused imports: `LightId` and `ObjectId`
  --> crates\helio\src\picking.rs:53:22
   |
53 | use crate::handles::{LightId, MeshId, ObjectId};
   |                      ^^^^^^^          ^^^^^^^^
   |
   = note: `#[warn(unused_imports)]` (part of `#[warn(unused)]`) on by default

warning: unused import: `MeshId`
 --> crates\helio\src\scene\objects\update.rs:8:34
  |
8 | use crate::handles::{MaterialId, MeshId, ObjectId};
  |                                  ^^^^^^

warning: variable does not need to be mutable
   --> crates\helio\src\renderer\renderer_impl.rs:173:13
    |
173 |         let mut renderer = Self {
    |             ----^^^^^^^^
    |             |
    |             help: remove this `mut`
    |
    = note: `#[warn(unused_mut)]` (part of `#[warn(unused)]`) on by default

warning: type `DenseSlotMeta` is more private than the item `DenseArena::slots`
  --> crates\helio\src\arena.rs:41:5
   |
41 |     pub slots: Vec<DenseSlotMeta>,
   |     ^^^^^^^^^^^^^^^^^^^^^^^^^^^^^ field `DenseArena::slots` is reachable at visibility `pub(crate)`
   |
note: but type `DenseSlotMeta` is only usable at visibility `pub(self)`
  --> crates\helio\src\arena.rs:13:1
   |
13 | struct DenseSlotMeta {
   | ^^^^^^^^^^^^^^^^^^^^
   = note: `#[warn(private_interfaces)]` on by default

warning: methods `get_mut_by_slot` and `live_len` are never used
   --> crates\helio\src\arena.rs:245:12
    |
201 | impl<T, H: Handle> SparsePool<T, H> {
    | ----------------------------------- methods in this implementation
...
245 |     pub fn get_mut_by_slot(&mut self, slot_index: usize) -> Option<&mut T> {
    |            ^^^^^^^^^^^^^^^
...
274 |     pub fn live_len(&self) -> usize {
    |            ^^^^^^^^
    |
    = note: `#[warn(dead_code)]` (part of `#[warn(unused)]`) on by default

warning: method `extract_mesh_data` is never used
   --> crates\helio\src\mesh.rs:140:19
    |
 78 | impl MeshPool {
    | ------------- method in this implementation
...
140 |     pub(crate) fn extract_mesh_data(&self, id: MeshId) -> Option<MeshUpload> {
    |                   ^^^^^^^^^^^^^^^^^

warning: method `consume_water_hitboxes_dirty_range` is never used
  --> crates\helio\src\scene\hitbox.rs:97:19
   |
16 | impl Scene {
   | ---------- method in this implementation
...
97 |     pub(crate) fn consume_water_hitboxes_dirty_range(&mut self) -> Option<(usize, usize)> {
   |                   ^^^^^^^^^^^^^^^^^^^^^^^^^^^^^^^^^^

warning: method `insert_light` is never used
  --> crates\helio\src\scene\resources\lights.rs:50:29
   |
14 | impl super::super::Scene {
   | ------------------------ method in this implementation
...
50 |     pub(in crate::scene) fn insert_light(&mut self, light: GpuLight) -> LightId {
   |                             ^^^^^^^^^^^^

warning: field `groups` is never read
   --> crates\helio\src\scene\types.rs:199:9
    |
194 | pub(crate) struct VirtualObjectRecord {
    |                   ------------------- field in this struct
...
199 |     pub groups: GroupMask,
    |         ^^^^^^
    |
    = note: `VirtualObjectRecord` has derived impls for the traits `Clone` and `Debug`, but these are intentionally ignored during dead code analysis

warning: method `consume_water_volumes_dirty_range` is never used
   --> crates\helio\src\scene\water.rs:179:19
    |
 15 | impl Scene {
    | ---------- method in this implementation
...
179 |     pub(crate) fn consume_water_volumes_dirty_range(&mut self) -> Option<(usize, usize)> {
    |                   ^^^^^^^^^^^^^^^^^^^^^^^^^^^^^^^^^

warning: function `unpack_normal` is never used
  --> crates\helio\src\vg.rs:59:4
   |
59 | fn unpack_normal(packed: u32) -> Vec3 {
   |    ^^^^^^^^^^^^^

warning: `helio` (lib) generated 11 warnings (run `cargo fix --lib -p helio` to apply 3 suggestions)
warning: unused import: `Camera`
  --> crates\helio-wasm\src\runner.rs:18:13
   |
18 | use helio::{Camera, Renderer, RendererConfig};
   |             ^^^^^^
   |
   = note: `#[warn(unused_imports)]` (part of `#[warn(unused)]`) on by default

warning: variable does not need to be mutable
   --> crates\helio-wasm\src\runner.rs:434:9
    |
434 |     let mut runner = WasmRunner::<T>::new();
    |         ----^^^^^^
    |         |
    |         help: remove this `mut`
    |
    = note: `#[warn(unused_mut)]` (part of `#[warn(unused)]`) on by default

warning: field `queue` is never read
  --> crates\helio-wasm\src\runner.rs:78:5
   |
74 | struct RunnerState<T: HelioWasmApp> {
   |        ----------- field in this struct
...
78 |     queue: Arc<wgpu::Queue>,
   |     ^^^^^
   |
   = note: `#[warn(dead_code)]` (part of `#[warn(unused)]`) on by default

warning: unused import: `std::collections::HashMap`
  --> crates\helio-asset-compat\src\lib.rs:17:5
   |
17 | use std::collections::HashMap;
   |     ^^^^^^^^^^^^^^^^^^^^^^^^^
   |
   = note: `#[warn(unused_imports)]` (part of `#[warn(unused)]`) on by default

warning: struct `AnimationState` is never constructed
  --> crates\helio-asset-compat\src\animation_system.rs:11:12
   |
11 | pub struct AnimationState {
   |            ^^^^^^^^^^^^^^
   |
   = note: `#[warn(dead_code)]` (part of `#[warn(unused)]`) on by default

warning: associated items `new`, `play`, `stop`, `update`, and `get_matrices` are never used
  --> crates\helio-asset-compat\src\animation_system.rs:31:12
   |
29 | impl AnimationState {
   | ------------------- associated items in this implementation
30 |     /// Create a new animation state from a skin and animations
31 |     pub fn new(skin: Skin, animations: Vec<Animation>) -> Self {
   |            ^^^
...
45 |     pub fn play(&mut self, animation_index: usize, looping: bool) {
   |            ^^^^
...
55 |     pub fn stop(&mut self) {
   |            ^^^^
...
60 |     pub fn update(&mut self, delta_time: f32) {
   |            ^^^^^^
...
71 |     pub fn get_matrices(&self) -> &[Mat4] {
   |            ^^^^^^^^^^^^

warning: `helio-wasm` (lib) generated 3 warnings (run `cargo fix --lib -p helio-wasm` to apply 2 suggestions)
warning: `helio-asset-compat` (lib) generated 3 warnings (run `cargo fix --lib -p helio-asset-compat` to apply 1 suggestion)
   Compiling helio-web-demos v0.1.0 (E:\Documents\GitHub\Helio\crates\helio-web-demos)
warning: unused import: `MeshId`
 --> crates\helio-web-demos\src\common.rs:7:51
  |
7 |     GpuLight, GpuMaterial, LightType, MaterialId, MeshId, MeshUpload, ObjectDescriptor,
  |                                                   ^^^^^^
  |
  = note: `#[warn(unused_imports)]` (part of `#[warn(unused)]`) on by default

error[E0308]: mismatched types
   --> crates\helio-web-demos\src\..\examples-wasm\outdoor_volcano.rs:183:13
    |
160 |             lava_lights.push(id);
    |             -----------      -- this argument has type `SceneActorId`...
    |             |
    |             ... which causes `lava_lights` to have type `Vec<SceneActorId>`
...
183 |             lava_lights,
    |             ^^^^^^^^^^^ expected `Vec<LightId>`, found `Vec<SceneActorId>`
    |
    = note: expected struct `Vec<LightId>`
               found struct `Vec<SceneActorId>`

For more information about this error, try `rustc --explain E0308`.
warning: `helio-web-demos` (lib) generated 1 warning
error: could not compile `helio-web-demos` (lib) due to 1 previous error; 1 warning emitted
warning: unused variable: `name`
   --> crates\helio-v3\src\profiling\cpu.rs:121:29
    |
121 |     pub fn scope(&mut self, name: &'static str) -> ScopeGuard {
    |                             ^^^^ help: if this is intentional, prefix it with an underscore: `_name`
    |
    = note: `#[warn(unused_variables)]` (part of `#[warn(unused)]`) on by default

warning: field `profiler` is never read
   --> crates\helio-v3\src\context.rs:194:16
    |
165 | pub struct PassContext<'a> {
    |            ----------- field in this struct
...
194 |     pub(crate) profiler: &'a mut Profiler,
    |                ^^^^^^^^
    |
    = note: `#[warn(dead_code)]` (part of `#[warn(unused)]`) on by default

warning: fields `texture` and `name` are never read
  --> crates\helio-v3\src\graph\executor.rs:89:5
   |
87 | struct TransientTexture {
   |        ---------------- fields in this struct
88 |     /// The GPU texture (owned by the graph)
89 |     texture: wgpu::Texture,
   |     ^^^^^^^
...
93 |     name: &'static str,
   |     ^^^^

warning: method `finish` is never used
   --> crates\helio-v3\src\graph\resource.rs:303:19
    |
192 | impl ResourceBuilder {
    | -------------------- method in this implementation
...
303 |     pub(crate) fn finish(self) -> Vec<ResourceDecl> {
    |                   ^^^^^^

warning: hiding a lifetime that's elided elsewhere is confusing
   --> crates\helio-v3\src\profiling\mod.rs:200:18
    |
200 |     pub fn scope(&mut self, name: &'static str) -> ScopeGuard {
    |                  ^^^^^^^^^                         ^^^^^^^^^^ the same lifetime is hidden here
    |                  |
    |                  the lifetime is elided here
    |
    = help: the same lifetime is referred to in inconsistent ways, making the signature confusing
    = note: `#[warn(mismatched_lifetime_syntaxes)]` on by default
help: use `'_` for type paths
    |
200 |     pub fn scope(&mut self, name: &'static str) -> ScopeGuard<'_> {
    |                                                              ++++

warning: hiding a lifetime that's elided elsewhere is confusing
   --> crates\helio-v3\src\profiling\cpu.rs:121:18
    |
121 |     pub fn scope(&mut self, name: &'static str) -> ScopeGuard {
    |                  ^^^^^^^^^                         ^^^^^^^^^^ the same lifetime is hidden here
    |                  |
    |                  the lifetime is elided here
    |
    = help: the same lifetime is referred to in inconsistent ways, making the signature confusing
help: use `'_` for type paths
    |
121 |     pub fn scope(&mut self, name: &'static str) -> ScopeGuard<'_> {
    |                                                              ++++

warning: `helio-v3` (lib) generated 6 warnings (run `cargo fix --lib -p helio-v3` to apply 3 suggestions)
warning: fields `grid_resolution`, `world_bounds_min`, `world_bounds_max`, and `mip_count` are never read
  --> crates\helio-pass-hiz\src\lib.rs:39:5
   |
38 | struct StaticHizMetadata {
   |        ----------------- fields in this struct
39 |     grid_resolution: [u32; 3],
   |     ^^^^^^^^^^^^^^^
40 |     world_bounds_min: [f32; 3],
   |     ^^^^^^^^^^^^^^^^
41 |     world_bounds_max: [f32; 3],
   |     ^^^^^^^^^^^^^^^^
42 |     mip_count: u32,
   |     ^^^^^^^^^
   |
   = note: `StaticHizMetadata` has derived impls for the traits `Debug` and `Clone`, but these are intentionally ignored during dead code analysis
   = note: `#[warn(dead_code)]` (part of `#[warn(unused)]`) on by default

warning: fields `bgl_2`, `globals_buf`, `sample_kernel_buf`, `noise_texture`, and `noise_sampler` are never read
  --> crates\helio-pass-ssao\src\lib.rs:56:5
   |
50 | pub struct SsaoPass {
   |            -------- fields in this struct
...
56 |     bgl_2: wgpu::BindGroupLayout,
   |     ^^^^^
...
61 |     globals_buf: wgpu::Buffer,
   |     ^^^^^^^^^^^
62 |     ssao_uniform_buf: wgpu::Buffer,
63 |     sample_kernel_buf: wgpu::Buffer,
   |     ^^^^^^^^^^^^^^^^^
64 |     noise_texture: wgpu::Texture,
   |     ^^^^^^^^^^^^^
65 |     noise_sampler: wgpu::Sampler,
   |     ^^^^^^^^^^^^^
   |
   = note: `#[warn(dead_code)]` (part of `#[warn(unused)]`) on by default

warning: type `MaterialTimingEntry` is more private than the item `MaterialProfiler::get_timing_table`
   --> crates\helio-pass-perf-overlay\src\lib.rs:553:5
    |
553 |     pub fn get_timing_table(&self) -> &[MaterialTimingEntry] {
    |     ^^^^^^^^^^^^^^^^^^^^^^^^^^^^^^^^^^^^^^^^^^^^^^^^^^^^^^^^ method `MaterialProfiler::get_timing_table` is reachable at visibility `pub`
    |
note: but type `MaterialTimingEntry` is only usable at visibility `pub(crate)`
   --> crates\helio-pass-perf-overlay\src\lib.rs:117:1
    |
117 | struct MaterialTimingEntry {
    | ^^^^^^^^^^^^^^^^^^^^^^^^^^
    = note: `#[warn(private_interfaces)]` on by default

warning: type `MaterialTimingEntry` is more private than the item `PerfOverlayShared::get_material_timings`
   --> crates\helio-pass-perf-overlay\src\lib.rs:902:5
    |
902 |     pub fn get_material_timings(&self) -> &[MaterialTimingEntry] {
    |     ^^^^^^^^^^^^^^^^^^^^^^^^^^^^^^^^^^^^^^^^^^^^^^^^^^^^^^^^^^^^ method `PerfOverlayShared::get_material_timings` is reachable at visibility `pub`
    |
note: but type `MaterialTimingEntry` is only usable at visibility `pub(crate)`
   --> crates\helio-pass-perf-overlay\src\lib.rs:117:1
    |
117 | struct MaterialTimingEntry {
    | ^^^^^^^^^^^^^^^^^^^^^^^^^^

warning: field `color_snapshot_prev` is never read
   --> crates\helio-pass-perf-overlay\src\lib.rs:139:5
    |
129 | pub struct PerfOverlayShared {
    |            ----------------- field in this struct
...
139 |     color_snapshot_prev: wgpu::Texture,
    |     ^^^^^^^^^^^^^^^^^^^
    |
    = note: `#[warn(dead_code)]` (part of `#[warn(unused)]`) on by default

warning: field `test_texture` is never read
   --> crates\helio-pass-perf-overlay\src\lib.rs:204:5
    |
200 | pub struct MaterialProfiler {
    |            ---------------- field in this struct
...
204 |     test_texture: wgpu::Texture,
    |     ^^^^^^^^^^^^

warning: unused `Result` that must be used
   --> crates\helio-pass-perf-overlay\src\lib.rs:501:9
    |
501 |         device.poll(wgpu::PollType::wait_indefinitely());
    |         ^^^^^^^^^^^^^^^^^^^^^^^^^^^^^^^^^^^^^^^^^^^^^^^^
    |
    = note: this `Result` may be an `Err` variant, which should be handled
    = note: `#[warn(unused_must_use)]` (part of `#[warn(unused)]`) on by default
help: use `let _ = ...` to ignore the resulting value
    |
501 |         let _ = device.poll(wgpu::PollType::wait_indefinitely());
    |         +++++++

warning: unused variable: `texture_array_count`
   --> crates\helio-pass-gbuffer\src\lib.rs:745:9
    |
745 |     let texture_array_count =
    |         ^^^^^^^^^^^^^^^^^^^ help: if this is intentional, prefix it with an underscore: `_texture_array_count`
    |
    = note: `#[warn(unused_variables)]` (part of `#[warn(unused)]`) on by default

warning: fields `width`, `height`, `target_format`, and `pre_aa_tex` are never read
  --> crates\helio-pass-sky\src\lib.rs:82:5
   |
73 | pub struct SkyPass {
   |            ------- fields in this struct
...
82 |     width: u32,
   |     ^^^^^
83 |     height: u32,
   |     ^^^^^^
84 |     target_format: wgpu::TextureFormat,
   |     ^^^^^^^^^^^^^
85 |     /// Owned pre-AA render target —...
86 |     pre_aa_tex: wgpu::Texture,
   |     ^^^^^^^^^^
   |
   = note: `#[warn(dead_code)]` (part of `#[warn(unused)]`) on by default

warning: unused variable: `count`
   --> crates\helio-pass-virtual-geometry\src\lib.rs:933:9
    |
933 |     let count = NonZeroU32::new(MAX_TEXTURES as u32).expect("non-zero");
    |         ^^^^^ help: if this is intentional, prefix it with an underscore: `_count`
    |
    = note: `#[warn(unused_variables)]` (part of `#[warn(unused)]`) on by default

warning: field `velocity_fallback_texture` is never read
   --> crates\helio-pass-taa\src\lib.rs:131:5
    |
113 | pub struct TaaPass {
    |            ------- field in this struct
...
131 |     velocity_fallback_texture: wgpu::Texture,
    |     ^^^^^^^^^^^^^^^^^^^^^^^^^
    |
    = note: `#[warn(dead_code)]` (part of `#[warn(unused)]`) on by default

warning: unused variable: `fallback_env_texture`
   --> crates\helio-pass-deferred-light\src\lib.rs:347:14
    |
347 |         let (fallback_env_texture, fallback_env_view) = black_cube_texture(device...
    |              ^^^^^^^^^^^^^^^^^^^^ help: if this is intentional, prefix it with an underscore: `_fallback_env_texture`
    |
    = note: `#[warn(unused_variables)]` (part of `#[warn(unused)]`) on by default

warning: unused variable: `fallback_rc_texture`
   --> crates\helio-pass-deferred-light\src\lib.rs:358:14
    |
358 |         let (fallback_rc_texture, fallback_rc_view) =
    |              ^^^^^^^^^^^^^^^^^^^ help: if this is intentional, prefix it with an underscore: `_fallback_rc_texture`

warning: unused variable: `fallback_caustics_texture`
   --> crates\helio-pass-deferred-light\src\lib.rs:362:14
    |
362 |         let (fallback_caustics_texture, fallback_caustics_view) =
    |              ^^^^^^^^^^^^^^^^^^^^^^^^^ help: if this is intentional, prefix it with an underscore: `_fallback_caustics_texture`

warning: unused variable: `fallback_lightmap_tex`
   --> crates\helio-pass-deferred-light\src\lib.rs:421:14
    |
421 |         let (fallback_lightmap_tex, fallback_lightmap_view) =
    |              ^^^^^^^^^^^^^^^^^^^^^ help: if this is intentional, prefix it with an underscore: `_fallback_lightmap_tex`

warning: field `bgl_0` is never read
  --> crates\helio-pass-deferred-light\src\lib.rs:26:5
   |
22 | pub struct DeferredLightPass {
   |            ----------------- field in this struct
...
26 |     bgl_0: wgpu::BindGroupLayout,
   |     ^^^^^
   |
   = note: `#[warn(dead_code)]` (part of `#[warn(unused)]`) on by default

warning: unused variable: `sm_ptr`
   --> crates\helio-pass-shadow\src\lib.rs:411:13
    |
411 |         let sm_ptr = ctx.scene.shadow_matrices as *const _ as usize;
    |             ^^^^^^ help: if this is intentional, prefix it with an underscore: `_sm_ptr`
    |
    = note: `#[warn(unused_variables)]` (part of `#[warn(unused)]`) on by default

warning: `helio-pass-hiz` (lib) generated 1 warning
warning: `helio-pass-ssao` (lib) generated 1 warning
warning: `helio-pass-perf-overlay` (lib) generated 5 warnings
warning: `helio-pass-gbuffer` (lib) generated 1 warning (run `cargo fix --lib -p helio-pass-gbuffer` to apply 1 suggestion)
warning: `helio-pass-sky` (lib) generated 1 warning
warning: `helio-pass-virtual-geometry` (lib) generated 1 warning (run `cargo fix --lib -p helio-pass-virtual-geometry` to apply 1 suggestion)
warning: `helio-pass-taa` (lib) generated 1 warning
warning: `helio-pass-deferred-light` (lib) generated 5 warnings (run `cargo fix --lib -p helio-pass-deferred-light` to apply 4 suggestions)
warning: `helio-pass-shadow` (lib) generated 1 warning (run `cargo fix --lib -p helio-pass-shadow` to apply 1 suggestion)
warning: unused imports: `LightId` and `ObjectId`
  --> crates\helio\src\picking.rs:53:22
   |
53 | use crate::handles::{LightId, MeshId, ObjectId};
   |                      ^^^^^^^          ^^^^^^^^
   |
   = note: `#[warn(unused_imports)]` (part of `#[warn(unused)]`) on by default

warning: unused import: `MeshId`
 --> crates\helio\src\scene\objects\update.rs:8:34
  |
8 | use crate::handles::{MaterialId, MeshId, ObjectId};
  |                                  ^^^^^^

warning: variable does not need to be mutable
   --> crates\helio\src\renderer\renderer_impl.rs:173:13
    |
173 |         let mut renderer = Self {
    |             ----^^^^^^^^
    |             |
    |             help: remove this `mut`
    |
    = note: `#[warn(unused_mut)]` (part of `#[warn(unused)]`) on by default

warning: type `DenseSlotMeta` is more private than the item `DenseArena::slots`
  --> crates\helio\src\arena.rs:41:5
   |
41 |     pub slots: Vec<DenseSlotMeta>,
   |     ^^^^^^^^^^^^^^^^^^^^^^^^^^^^^ field `DenseArena::slots` is reachable at visibility `pub(crate)`
   |
note: but type `DenseSlotMeta` is only usable at visibility `pub(self)`
  --> crates\helio\src\arena.rs:13:1
   |
13 | struct DenseSlotMeta {
   | ^^^^^^^^^^^^^^^^^^^^
   = note: `#[warn(private_interfaces)]` on by default

warning: methods `get_mut_by_slot` and `live_len` are never used
   --> crates\helio\src\arena.rs:245:12
    |
201 | impl<T, H: Handle> SparsePool<T, H> {
    | ----------------------------------- methods in this implementation
...
245 |     pub fn get_mut_by_slot(&mut self, slot_index: usize) -> Option<&mut T> {
    |            ^^^^^^^^^^^^^^^
...
274 |     pub fn live_len(&self) -> usize {
    |            ^^^^^^^^
    |
    = note: `#[warn(dead_code)]` (part of `#[warn(unused)]`) on by default

warning: method `extract_mesh_data` is never used
   --> crates\helio\src\mesh.rs:140:19
    |
 78 | impl MeshPool {
    | ------------- method in this implementation
...
140 |     pub(crate) fn extract_mesh_data(&self, id: MeshId) -> Option<MeshUpload> {
    |                   ^^^^^^^^^^^^^^^^^

warning: method `consume_water_hitboxes_dirty_range` is never used
  --> crates\helio\src\scene\hitbox.rs:97:19
   |
16 | impl Scene {
   | ---------- method in this implementation
...
97 |     pub(crate) fn consume_water_hitboxes_dirty_range(&mut self) -> Option<(usize, usize)> {
   |                   ^^^^^^^^^^^^^^^^^^^^^^^^^^^^^^^^^^

warning: method `insert_light` is never used
  --> crates\helio\src\scene\resources\lights.rs:50:29
   |
14 | impl super::super::Scene {
   | ------------------------ method in this implementation
...
50 |     pub(in crate::scene) fn insert_light(&mut self, light: GpuLight) -> LightId {
   |                             ^^^^^^^^^^^^

warning: field `groups` is never read
   --> crates\helio\src\scene\types.rs:199:9
    |
194 | pub(crate) struct VirtualObjectRecord {
    |                   ------------------- field in this struct
...
199 |     pub groups: GroupMask,
    |         ^^^^^^
    |
    = note: `VirtualObjectRecord` has derived impls for the traits `Clone` and `Debug`, but these are intentionally ignored during dead code analysis

warning: method `consume_water_volumes_dirty_range` is never used
   --> crates\helio\src\scene\water.rs:179:19
    |
 15 | impl Scene {
    | ---------- method in this implementation
...
179 |     pub(crate) fn consume_water_volumes_dirty_range(&mut self) -> Option<(usize, usize)> {
    |                   ^^^^^^^^^^^^^^^^^^^^^^^^^^^^^^^^^

warning: function `unpack_normal` is never used
  --> crates\helio\src\vg.rs:59:4
   |
59 | fn unpack_normal(packed: u32) -> Vec3 {
   |    ^^^^^^^^^^^^^

warning: `helio` (lib) generated 11 warnings (run `cargo fix --lib -p helio` to apply 3 suggestions)
warning: unused import: `Camera`
  --> crates\helio-wasm\src\runner.rs:18:13
   |
18 | use helio::{Camera, Renderer, RendererConfig};
   |             ^^^^^^
   |
   = note: `#[warn(unused_imports)]` (part of `#[warn(unused)]`) on by default

warning: variable does not need to be mutable
   --> crates\helio-wasm\src\runner.rs:434:9
    |
434 |     let mut runner = WasmRunner::<T>::new();
    |         ----^^^^^^
    |         |
    |         help: remove this `mut`
    |
    = note: `#[warn(unused_mut)]` (part of `#[warn(unused)]`) on by default

warning: field `queue` is never read
  --> crates\helio-wasm\src\runner.rs:78:5
   |
74 | struct RunnerState<T: HelioWasmApp> {
   |        ----------- field in this struct
...
78 |     queue: Arc<wgpu::Queue>,
   |     ^^^^^
   |
   = note: `#[warn(dead_code)]` (part of `#[warn(unused)]`) on by default

warning: unused import: `std::collections::HashMap`
  --> crates\helio-asset-compat\src\lib.rs:17:5
   |
17 | use std::collections::HashMap;
   |     ^^^^^^^^^^^^^^^^^^^^^^^^^
   |
   = note: `#[warn(unused_imports)]` (part of `#[warn(unused)]`) on by default

warning: struct `AnimationState` is never constructed
  --> crates\helio-asset-compat\src\animation_system.rs:11:12
   |
11 | pub struct AnimationState {
   |            ^^^^^^^^^^^^^^
   |
   = note: `#[warn(dead_code)]` (part of `#[warn(unused)]`) on by default

warning: associated items `new`, `play`, `stop`, `update`, and `get_matrices` are never used
  --> crates\helio-asset-compat\src\animation_system.rs:31:12
   |
29 | impl AnimationState {
   | ------------------- associated items in this implementation
30 |     /// Create a new animation state from a skin and animations
31 |     pub fn new(skin: Skin, animations: Vec<Animation>) -> Self {
   |            ^^^
...
45 |     pub fn play(&mut self, animation_index: usize, looping: bool) {
   |            ^^^^
...
55 |     pub fn stop(&mut self) {
   |            ^^^^
...
60 |     pub fn update(&mut self, delta_time: f32) {
   |            ^^^^^^
...
71 |     pub fn get_matrices(&self) -> &[Mat4] {
   |            ^^^^^^^^^^^^

warning: `helio-wasm` (lib) generated 3 warnings (run `cargo fix --lib -p helio-wasm` to apply 2 suggestions)
warning: `helio-asset-compat` (lib) generated 3 warnings (run `cargo fix --lib -p helio-asset-compat` to apply 1 suggestion)
   Compiling helio-web-demos v0.1.0 (E:\Documents\GitHub\Helio\crates\helio-web-demos)
warning: unused import: `MeshId`
 --> crates\helio-web-demos\src\common.rs:7:51
  |
7 |     GpuLight, GpuMaterial, LightType, MaterialId, MeshId, MeshUpload, ObjectDescriptor,
  |                                                   ^^^^^^
  |
  = note: `#[warn(unused_imports)]` (part of `#[warn(unused)]`) on by default

error[E0308]: mismatched types
   --> crates\helio-web-demos\src\..\examples-wasm\space_station.rs:188:13
    |
188 |             port_light,
    |             ^^^^^^^^^^ expected `LightId`, found `SceneActorId`

error[E0308]: mismatched types
   --> crates\helio-web-demos\src\..\examples-wasm\space_station.rs:189:13
    |
189 |             star_light,
    |             ^^^^^^^^^^ expected `LightId`, found `SceneActorId`

For more information about this error, try `rustc --explain E0308`.
warning: `helio-web-demos` (lib) generated 1 warning
error: could not compile `helio-web-demos` (lib) due to 2 previous errors; 1 warning emitted
warning: unused variable: `name`
   --> crates\helio-v3\src\profiling\cpu.rs:121:29
    |
121 |     pub fn scope(&mut self, name: &'static str) -> ScopeGuard {
    |                             ^^^^ help: if this is intentional, prefix it with an underscore: `_name`
    |
    = note: `#[warn(unused_variables)]` (part of `#[warn(unused)]`) on by default

warning: field `profiler` is never read
   --> crates\helio-v3\src\context.rs:194:16
    |
165 | pub struct PassContext<'a> {
    |            ----------- field in this struct
...
194 |     pub(crate) profiler: &'a mut Profiler,
    |                ^^^^^^^^
    |
    = note: `#[warn(dead_code)]` (part of `#[warn(unused)]`) on by default

warning: fields `texture` and `name` are never read
  --> crates\helio-v3\src\graph\executor.rs:89:5
   |
87 | struct TransientTexture {
   |        ---------------- fields in this struct
88 |     /// The GPU texture (owned by the graph)
89 |     texture: wgpu::Texture,
   |     ^^^^^^^
...
93 |     name: &'static str,
   |     ^^^^

warning: method `finish` is never used
   --> crates\helio-v3\src\graph\resource.rs:303:19
    |
192 | impl ResourceBuilder {
    | -------------------- method in this implementation
...
303 |     pub(crate) fn finish(self) -> Vec<ResourceDecl> {
    |                   ^^^^^^

warning: hiding a lifetime that's elided elsewhere is confusing
   --> crates\helio-v3\src\profiling\mod.rs:200:18
    |
200 |     pub fn scope(&mut self, name: &'static str) -> ScopeGuard {
    |                  ^^^^^^^^^                         ^^^^^^^^^^ the same lifetime is hidden here
    |                  |
    |                  the lifetime is elided here
    |
    = help: the same lifetime is referred to in inconsistent ways, making the signature confusing
    = note: `#[warn(mismatched_lifetime_syntaxes)]` on by default
help: use `'_` for type paths
    |
200 |     pub fn scope(&mut self, name: &'static str) -> ScopeGuard<'_> {
    |                                                              ++++

warning: hiding a lifetime that's elided elsewhere is confusing
   --> crates\helio-v3\src\profiling\cpu.rs:121:18
    |
121 |     pub fn scope(&mut self, name: &'static str) -> ScopeGuard {
    |                  ^^^^^^^^^                         ^^^^^^^^^^ the same lifetime is hidden here
    |                  |
    |                  the lifetime is elided here
    |
    = help: the same lifetime is referred to in inconsistent ways, making the signature confusing
help: use `'_` for type paths
    |
121 |     pub fn scope(&mut self, name: &'static str) -> ScopeGuard<'_> {
    |                                                              ++++

warning: `helio-v3` (lib) generated 6 warnings (run `cargo fix --lib -p helio-v3` to apply 3 suggestions)
warning: unused variable: `fallback_env_texture`
   --> crates\helio-pass-deferred-light\src\lib.rs:347:14
    |
347 |         let (fallback_env_texture, fallback_env_view) = black_cube_texture(device...
    |              ^^^^^^^^^^^^^^^^^^^^ help: if this is intentional, prefix it with an underscore: `_fallback_env_texture`
    |
    = note: `#[warn(unused_variables)]` (part of `#[warn(unused)]`) on by default

warning: unused variable: `fallback_rc_texture`
   --> crates\helio-pass-deferred-light\src\lib.rs:358:14
    |
358 |         let (fallback_rc_texture, fallback_rc_view) =
    |              ^^^^^^^^^^^^^^^^^^^ help: if this is intentional, prefix it with an underscore: `_fallback_rc_texture`

warning: unused variable: `fallback_caustics_texture`
   --> crates\helio-pass-deferred-light\src\lib.rs:362:14
    |
362 |         let (fallback_caustics_texture, fallback_caustics_view) =
    |              ^^^^^^^^^^^^^^^^^^^^^^^^^ help: if this is intentional, prefix it with an underscore: `_fallback_caustics_texture`

warning: unused variable: `fallback_lightmap_tex`
   --> crates\helio-pass-deferred-light\src\lib.rs:421:14
    |
421 |         let (fallback_lightmap_tex, fallback_lightmap_view) =
    |              ^^^^^^^^^^^^^^^^^^^^^ help: if this is intentional, prefix it with an underscore: `_fallback_lightmap_tex`

warning: field `bgl_0` is never read
  --> crates\helio-pass-deferred-light\src\lib.rs:26:5
   |
22 | pub struct DeferredLightPass {
   |            ----------------- field in this struct
...
26 |     bgl_0: wgpu::BindGroupLayout,
   |     ^^^^^
   |
   = note: `#[warn(dead_code)]` (part of `#[warn(unused)]`) on by default

warning: field `velocity_fallback_texture` is never read
   --> crates\helio-pass-taa\src\lib.rs:131:5
    |
113 | pub struct TaaPass {
    |            ------- field in this struct
...
131 |     velocity_fallback_texture: wgpu::Texture,
    |     ^^^^^^^^^^^^^^^^^^^^^^^^^
    |
    = note: `#[warn(dead_code)]` (part of `#[warn(unused)]`) on by default

warning: unused variable: `count`
   --> crates\helio-pass-virtual-geometry\src\lib.rs:933:9
    |
933 |     let count = NonZeroU32::new(MAX_TEXTURES as u32).expect("non-zero");
    |         ^^^^^ help: if this is intentional, prefix it with an underscore: `_count`
    |
    = note: `#[warn(unused_variables)]` (part of `#[warn(unused)]`) on by default

warning: type `MaterialTimingEntry` is more private than the item `MaterialProfiler::get_timing_table`
   --> crates\helio-pass-perf-overlay\src\lib.rs:553:5
    |
553 |     pub fn get_timing_table(&self) -> &[MaterialTimingEntry] {
    |     ^^^^^^^^^^^^^^^^^^^^^^^^^^^^^^^^^^^^^^^^^^^^^^^^^^^^^^^^ method `MaterialProfiler::get_timing_table` is reachable at visibility `pub`
    |
note: but type `MaterialTimingEntry` is only usable at visibility `pub(crate)`
   --> crates\helio-pass-perf-overlay\src\lib.rs:117:1
    |
117 | struct MaterialTimingEntry {
    | ^^^^^^^^^^^^^^^^^^^^^^^^^^
    = note: `#[warn(private_interfaces)]` on by default

warning: type `MaterialTimingEntry` is more private than the item `PerfOverlayShared::get_material_timings`
   --> crates\helio-pass-perf-overlay\src\lib.rs:902:5
    |
902 |     pub fn get_material_timings(&self) -> &[MaterialTimingEntry] {
    |     ^^^^^^^^^^^^^^^^^^^^^^^^^^^^^^^^^^^^^^^^^^^^^^^^^^^^^^^^^^^^ method `PerfOverlayShared::get_material_timings` is reachable at visibility `pub`
    |
note: but type `MaterialTimingEntry` is only usable at visibility `pub(crate)`
   --> crates\helio-pass-perf-overlay\src\lib.rs:117:1
    |
117 | struct MaterialTimingEntry {
    | ^^^^^^^^^^^^^^^^^^^^^^^^^^

warning: field `color_snapshot_prev` is never read
   --> crates\helio-pass-perf-overlay\src\lib.rs:139:5
    |
129 | pub struct PerfOverlayShared {
    |            ----------------- field in this struct
...
139 |     color_snapshot_prev: wgpu::Texture,
    |     ^^^^^^^^^^^^^^^^^^^
    |
    = note: `#[warn(dead_code)]` (part of `#[warn(unused)]`) on by default

warning: field `test_texture` is never read
   --> crates\helio-pass-perf-overlay\src\lib.rs:204:5
    |
200 | pub struct MaterialProfiler {
    |            ---------------- field in this struct
...
204 |     test_texture: wgpu::Texture,
    |     ^^^^^^^^^^^^

warning: unused `Result` that must be used
   --> crates\helio-pass-perf-overlay\src\lib.rs:501:9
    |
501 |         device.poll(wgpu::PollType::wait_indefinitely());
    |         ^^^^^^^^^^^^^^^^^^^^^^^^^^^^^^^^^^^^^^^^^^^^^^^^
    |
    = note: this `Result` may be an `Err` variant, which should be handled
    = note: `#[warn(unused_must_use)]` (part of `#[warn(unused)]`) on by default
help: use `let _ = ...` to ignore the resulting value
    |
501 |         let _ = device.poll(wgpu::PollType::wait_indefinitely());
    |         +++++++

warning: fields `bgl_2`, `globals_buf`, `sample_kernel_buf`, `noise_texture`, and `noise_sampler` are never read
  --> crates\helio-pass-ssao\src\lib.rs:56:5
   |
50 | pub struct SsaoPass {
   |            -------- fields in this struct
...
56 |     bgl_2: wgpu::BindGroupLayout,
   |     ^^^^^
...
61 |     globals_buf: wgpu::Buffer,
   |     ^^^^^^^^^^^
62 |     ssao_uniform_buf: wgpu::Buffer,
63 |     sample_kernel_buf: wgpu::Buffer,
   |     ^^^^^^^^^^^^^^^^^
64 |     noise_texture: wgpu::Texture,
   |     ^^^^^^^^^^^^^
65 |     noise_sampler: wgpu::Sampler,
   |     ^^^^^^^^^^^^^
   |
   = note: `#[warn(dead_code)]` (part of `#[warn(unused)]`) on by default

warning: unused variable: `sm_ptr`
   --> crates\helio-pass-shadow\src\lib.rs:411:13
    |
411 |         let sm_ptr = ctx.scene.shadow_matrices as *const _ as usize;
    |             ^^^^^^ help: if this is intentional, prefix it with an underscore: `_sm_ptr`
    |
    = note: `#[warn(unused_variables)]` (part of `#[warn(unused)]`) on by default

warning: fields `grid_resolution`, `world_bounds_min`, `world_bounds_max`, and `mip_count` are never read
  --> crates\helio-pass-hiz\src\lib.rs:39:5
   |
38 | struct StaticHizMetadata {
   |        ----------------- fields in this struct
39 |     grid_resolution: [u32; 3],
   |     ^^^^^^^^^^^^^^^
40 |     world_bounds_min: [f32; 3],
   |     ^^^^^^^^^^^^^^^^
41 |     world_bounds_max: [f32; 3],
   |     ^^^^^^^^^^^^^^^^
42 |     mip_count: u32,
   |     ^^^^^^^^^
   |
   = note: `StaticHizMetadata` has derived impls for the traits `Debug` and `Clone`, but these are intentionally ignored during dead code analysis
   = note: `#[warn(dead_code)]` (part of `#[warn(unused)]`) on by default

warning: unused variable: `texture_array_count`
   --> crates\helio-pass-gbuffer\src\lib.rs:745:9
    |
745 |     let texture_array_count =
    |         ^^^^^^^^^^^^^^^^^^^ help: if this is intentional, prefix it with an underscore: `_texture_array_count`
    |
    = note: `#[warn(unused_variables)]` (part of `#[warn(unused)]`) on by default

warning: fields `width`, `height`, `target_format`, and `pre_aa_tex` are never read
  --> crates\helio-pass-sky\src\lib.rs:82:5
   |
73 | pub struct SkyPass {
   |            ------- fields in this struct
...
82 |     width: u32,
   |     ^^^^^
83 |     height: u32,
   |     ^^^^^^
84 |     target_format: wgpu::TextureFormat,
   |     ^^^^^^^^^^^^^
85 |     /// Owned pre-AA render target —...
86 |     pre_aa_tex: wgpu::Texture,
   |     ^^^^^^^^^^
   |
   = note: `#[warn(dead_code)]` (part of `#[warn(unused)]`) on by default

warning: `helio-pass-deferred-light` (lib) generated 5 warnings (run `cargo fix --lib -p helio-pass-deferred-light` to apply 4 suggestions)
warning: `helio-pass-taa` (lib) generated 1 warning
warning: `helio-pass-virtual-geometry` (lib) generated 1 warning (run `cargo fix --lib -p helio-pass-virtual-geometry` to apply 1 suggestion)
warning: `helio-pass-perf-overlay` (lib) generated 5 warnings
warning: `helio-pass-ssao` (lib) generated 1 warning
warning: `helio-pass-shadow` (lib) generated 1 warning (run `cargo fix --lib -p helio-pass-shadow` to apply 1 suggestion)
warning: `helio-pass-hiz` (lib) generated 1 warning
warning: `helio-pass-gbuffer` (lib) generated 1 warning (run `cargo fix --lib -p helio-pass-gbuffer` to apply 1 suggestion)
warning: `helio-pass-sky` (lib) generated 1 warning
warning: unused imports: `LightId` and `ObjectId`
  --> crates\helio\src\picking.rs:53:22
   |
53 | use crate::handles::{LightId, MeshId, ObjectId};
   |                      ^^^^^^^          ^^^^^^^^
   |
   = note: `#[warn(unused_imports)]` (part of `#[warn(unused)]`) on by default

warning: unused import: `MeshId`
 --> crates\helio\src\scene\objects\update.rs:8:34
  |
8 | use crate::handles::{MaterialId, MeshId, ObjectId};
  |                                  ^^^^^^

warning: variable does not need to be mutable
   --> crates\helio\src\renderer\renderer_impl.rs:173:13
    |
173 |         let mut renderer = Self {
    |             ----^^^^^^^^
    |             |
    |             help: remove this `mut`
    |
    = note: `#[warn(unused_mut)]` (part of `#[warn(unused)]`) on by default

warning: type `DenseSlotMeta` is more private than the item `DenseArena::slots`
  --> crates\helio\src\arena.rs:41:5
   |
41 |     pub slots: Vec<DenseSlotMeta>,
   |     ^^^^^^^^^^^^^^^^^^^^^^^^^^^^^ field `DenseArena::slots` is reachable at visibility `pub(crate)`
   |
note: but type `DenseSlotMeta` is only usable at visibility `pub(self)`
  --> crates\helio\src\arena.rs:13:1
   |
13 | struct DenseSlotMeta {
   | ^^^^^^^^^^^^^^^^^^^^
   = note: `#[warn(private_interfaces)]` on by default

warning: methods `get_mut_by_slot` and `live_len` are never used
   --> crates\helio\src\arena.rs:245:12
    |
201 | impl<T, H: Handle> SparsePool<T, H> {
    | ----------------------------------- methods in this implementation
...
245 |     pub fn get_mut_by_slot(&mut self, slot_index: usize) -> Option<&mut T> {
    |            ^^^^^^^^^^^^^^^
...
274 |     pub fn live_len(&self) -> usize {
    |            ^^^^^^^^
    |
    = note: `#[warn(dead_code)]` (part of `#[warn(unused)]`) on by default

warning: method `extract_mesh_data` is never used
   --> crates\helio\src\mesh.rs:140:19
    |
 78 | impl MeshPool {
    | ------------- method in this implementation
...
140 |     pub(crate) fn extract_mesh_data(&self, id: MeshId) -> Option<MeshUpload> {
    |                   ^^^^^^^^^^^^^^^^^

warning: method `consume_water_hitboxes_dirty_range` is never used
  --> crates\helio\src\scene\hitbox.rs:97:19
   |
16 | impl Scene {
   | ---------- method in this implementation
...
97 |     pub(crate) fn consume_water_hitboxes_dirty_range(&mut self) -> Option<(usize, usize)> {
   |                   ^^^^^^^^^^^^^^^^^^^^^^^^^^^^^^^^^^

warning: method `insert_light` is never used
  --> crates\helio\src\scene\resources\lights.rs:50:29
   |
14 | impl super::super::Scene {
   | ------------------------ method in this implementation
...
50 |     pub(in crate::scene) fn insert_light(&mut self, light: GpuLight) -> LightId {
   |                             ^^^^^^^^^^^^

warning: field `groups` is never read
   --> crates\helio\src\scene\types.rs:199:9
    |
194 | pub(crate) struct VirtualObjectRecord {
    |                   ------------------- field in this struct
...
199 |     pub groups: GroupMask,
    |         ^^^^^^
    |
    = note: `VirtualObjectRecord` has derived impls for the traits `Clone` and `Debug`, but these are intentionally ignored during dead code analysis

warning: method `consume_water_volumes_dirty_range` is never used
   --> crates\helio\src\scene\water.rs:179:19
    |
 15 | impl Scene {
    | ---------- method in this implementation
...
179 |     pub(crate) fn consume_water_volumes_dirty_range(&mut self) -> Option<(usize, usize)> {
    |                   ^^^^^^^^^^^^^^^^^^^^^^^^^^^^^^^^^

warning: function `unpack_normal` is never used
  --> crates\helio\src\vg.rs:59:4
   |
59 | fn unpack_normal(packed: u32) -> Vec3 {
   |    ^^^^^^^^^^^^^

warning: `helio` (lib) generated 11 warnings (run `cargo fix --lib -p helio` to apply 3 suggestions)
warning: unused import: `std::collections::HashMap`
  --> crates\helio-asset-compat\src\lib.rs:17:5
   |
17 | use std::collections::HashMap;
   |     ^^^^^^^^^^^^^^^^^^^^^^^^^
   |
   = note: `#[warn(unused_imports)]` (part of `#[warn(unused)]`) on by default

warning: struct `AnimationState` is never constructed
  --> crates\helio-asset-compat\src\animation_system.rs:11:12
   |
11 | pub struct AnimationState {
   |            ^^^^^^^^^^^^^^
   |
   = note: `#[warn(dead_code)]` (part of `#[warn(unused)]`) on by default

warning: associated items `new`, `play`, `stop`, `update`, and `get_matrices` are never used
  --> crates\helio-asset-compat\src\animation_system.rs:31:12
   |
29 | impl AnimationState {
   | ------------------- associated items in this implementation
30 |     /// Create a new animation state from a skin and animations
31 |     pub fn new(skin: Skin, animations: Vec<Animation>) -> Self {
   |            ^^^
...
45 |     pub fn play(&mut self, animation_index: usize, looping: bool) {
   |            ^^^^
...
55 |     pub fn stop(&mut self) {
   |            ^^^^
...
60 |     pub fn update(&mut self, delta_time: f32) {
   |            ^^^^^^
...
71 |     pub fn get_matrices(&self) -> &[Mat4] {
   |            ^^^^^^^^^^^^

warning: unused import: `Camera`
  --> crates\helio-wasm\src\runner.rs:18:13
   |
18 | use helio::{Camera, Renderer, RendererConfig};
   |             ^^^^^^
   |
   = note: `#[warn(unused_imports)]` (part of `#[warn(unused)]`) on by default

warning: variable does not need to be mutable
   --> crates\helio-wasm\src\runner.rs:434:9
    |
434 |     let mut runner = WasmRunner::<T>::new();
    |         ----^^^^^^
    |         |
    |         help: remove this `mut`
    |
    = note: `#[warn(unused_mut)]` (part of `#[warn(unused)]`) on by default

warning: field `queue` is never read
  --> crates\helio-wasm\src\runner.rs:78:5
   |
74 | struct RunnerState<T: HelioWasmApp> {
   |        ----------- field in this struct
...
78 |     queue: Arc<wgpu::Queue>,
   |     ^^^^^
   |
   = note: `#[warn(dead_code)]` (part of `#[warn(unused)]`) on by default

warning: `helio-asset-compat` (lib) generated 3 warnings (run `cargo fix --lib -p helio-asset-compat` to apply 1 suggestion)
warning: `helio-wasm` (lib) generated 3 warnings (run `cargo fix --lib -p helio-wasm` to apply 2 suggestions)
   Compiling helio-web-demos v0.1.0 (E:\Documents\GitHub\Helio\crates\helio-web-demos)
warning: unused import: `MeshId`
 --> crates\helio-web-demos\src\common.rs:7:51
  |
7 |     GpuLight, GpuMaterial, LightType, MaterialId, MeshId, MeshUpload, ObjectDescriptor,
  |                                                   ^^^^^^
  |
  = note: `#[warn(unused_imports)]` (part of `#[warn(unused)]`) on by default

error[E0308]: mismatched types
  --> crates\helio-web-demos\src\..\examples-wasm\light_benchmark.rs:99:13
   |
90 |             light_ids.push(id);
   |             ---------      -- this argument has type `SceneActorId`...
   |             |
   |             ... which causes `light_ids` to have type `Vec<SceneActorId>`
...
99 |             light_ids,
   |             ^^^^^^^^^ expected `Vec<LightId>`, found `Vec<SceneActorId>`
   |
   = note: expected struct `Vec<LightId>`
              found struct `Vec<SceneActorId>`

For more information about this error, try `rustc --explain E0308`.
warning: `helio-web-demos` (lib) generated 1 warning
error: could not compile `helio-web-demos` (lib) due to 1 previous error; 1 warning emitted
warning: unused variable: `name`
   --> crates\helio-v3\src\profiling\cpu.rs:121:29
    |
121 |     pub fn scope(&mut self, name: &'static str) -> ScopeGuard {
    |                             ^^^^ help: if this is intentional, prefix it with an underscore: `_name`
    |
    = note: `#[warn(unused_variables)]` (part of `#[warn(unused)]`) on by default

warning: field `profiler` is never read
   --> crates\helio-v3\src\context.rs:194:16
    |
165 | pub struct PassContext<'a> {
    |            ----------- field in this struct
...
194 |     pub(crate) profiler: &'a mut Profiler,
    |                ^^^^^^^^
    |
    = note: `#[warn(dead_code)]` (part of `#[warn(unused)]`) on by default

warning: fields `texture` and `name` are never read
  --> crates\helio-v3\src\graph\executor.rs:89:5
   |
87 | struct TransientTexture {
   |        ---------------- fields in this struct
88 |     /// The GPU texture (owned by the graph)
89 |     texture: wgpu::Texture,
   |     ^^^^^^^
...
93 |     name: &'static str,
   |     ^^^^

warning: method `finish` is never used
   --> crates\helio-v3\src\graph\resource.rs:303:19
    |
192 | impl ResourceBuilder {
    | -------------------- method in this implementation
...
303 |     pub(crate) fn finish(self) -> Vec<ResourceDecl> {
    |                   ^^^^^^

warning: hiding a lifetime that's elided elsewhere is confusing
   --> crates\helio-v3\src\profiling\mod.rs:200:18
    |
200 |     pub fn scope(&mut self, name: &'static str) -> ScopeGuard {
    |                  ^^^^^^^^^                         ^^^^^^^^^^ the same lifetime is hidden here
    |                  |
    |                  the lifetime is elided here
    |
    = help: the same lifetime is referred to in inconsistent ways, making the signature confusing
    = note: `#[warn(mismatched_lifetime_syntaxes)]` on by default
help: use `'_` for type paths
    |
200 |     pub fn scope(&mut self, name: &'static str) -> ScopeGuard<'_> {
    |                                                              ++++

warning: hiding a lifetime that's elided elsewhere is confusing
   --> crates\helio-v3\src\profiling\cpu.rs:121:18
    |
121 |     pub fn scope(&mut self, name: &'static str) -> ScopeGuard {
    |                  ^^^^^^^^^                         ^^^^^^^^^^ the same lifetime is hidden here
    |                  |
    |                  the lifetime is elided here
    |
    = help: the same lifetime is referred to in inconsistent ways, making the signature confusing
help: use `'_` for type paths
    |
121 |     pub fn scope(&mut self, name: &'static str) -> ScopeGuard<'_> {
    |                                                              ++++

warning: `helio-v3` (lib) generated 6 warnings (run `cargo fix --lib -p helio-v3` to apply 3 suggestions)
warning: unused variable: `count`
   --> crates\helio-pass-virtual-geometry\src\lib.rs:933:9
    |
933 |     let count = NonZeroU32::new(MAX_TEXTURES as u32).expect("non-zero");
    |         ^^^^^ help: if this is intentional, prefix it with an underscore: `_count`
    |
    = note: `#[warn(unused_variables)]` (part of `#[warn(unused)]`) on by default

warning: unused variable: `sm_ptr`
   --> crates\helio-pass-shadow\src\lib.rs:411:13
    |
411 |         let sm_ptr = ctx.scene.shadow_matrices as *const _ as usize;
    |             ^^^^^^ help: if this is intentional, prefix it with an underscore: `_sm_ptr`
    |
    = note: `#[warn(unused_variables)]` (part of `#[warn(unused)]`) on by default

warning: fields `grid_resolution`, `world_bounds_min`, `world_bounds_max`, and `mip_count` are never read
  --> crates\helio-pass-hiz\src\lib.rs:39:5
   |
38 | struct StaticHizMetadata {
   |        ----------------- fields in this struct
39 |     grid_resolution: [u32; 3],
   |     ^^^^^^^^^^^^^^^
40 |     world_bounds_min: [f32; 3],
   |     ^^^^^^^^^^^^^^^^
41 |     world_bounds_max: [f32; 3],
   |     ^^^^^^^^^^^^^^^^
42 |     mip_count: u32,
   |     ^^^^^^^^^
   |
   = note: `StaticHizMetadata` has derived impls for the traits `Debug` and `Clone`, but these are intentionally ignored during dead code analysis
   = note: `#[warn(dead_code)]` (part of `#[warn(unused)]`) on by default

warning: unused variable: `texture_array_count`
   --> crates\helio-pass-gbuffer\src\lib.rs:745:9
    |
745 |     let texture_array_count =
    |         ^^^^^^^^^^^^^^^^^^^ help: if this is intentional, prefix it with an underscore: `_texture_array_count`
    |
    = note: `#[warn(unused_variables)]` (part of `#[warn(unused)]`) on by default

warning: field `velocity_fallback_texture` is never read
   --> crates\helio-pass-taa\src\lib.rs:131:5
    |
113 | pub struct TaaPass {
    |            ------- field in this struct
...
131 |     velocity_fallback_texture: wgpu::Texture,
    |     ^^^^^^^^^^^^^^^^^^^^^^^^^
    |
    = note: `#[warn(dead_code)]` (part of `#[warn(unused)]`) on by default

warning: fields `width`, `height`, `target_format`, and `pre_aa_tex` are never read
  --> crates\helio-pass-sky\src\lib.rs:82:5
   |
73 | pub struct SkyPass {
   |            ------- fields in this struct
...
82 |     width: u32,
   |     ^^^^^
83 |     height: u32,
   |     ^^^^^^
84 |     target_format: wgpu::TextureFormat,
   |     ^^^^^^^^^^^^^
85 |     /// Owned pre-AA render target —...
86 |     pre_aa_tex: wgpu::Texture,
   |     ^^^^^^^^^^
   |
   = note: `#[warn(dead_code)]` (part of `#[warn(unused)]`) on by default

warning: unused variable: `fallback_env_texture`
   --> crates\helio-pass-deferred-light\src\lib.rs:347:14
    |
347 |         let (fallback_env_texture, fallback_env_view) = black_cube_texture(device...
    |              ^^^^^^^^^^^^^^^^^^^^ help: if this is intentional, prefix it with an underscore: `_fallback_env_texture`
    |
    = note: `#[warn(unused_variables)]` (part of `#[warn(unused)]`) on by default

warning: unused variable: `fallback_rc_texture`
   --> crates\helio-pass-deferred-light\src\lib.rs:358:14
    |
358 |         let (fallback_rc_texture, fallback_rc_view) =
    |              ^^^^^^^^^^^^^^^^^^^ help: if this is intentional, prefix it with an underscore: `_fallback_rc_texture`

warning: unused variable: `fallback_caustics_texture`
   --> crates\helio-pass-deferred-light\src\lib.rs:362:14
    |
362 |         let (fallback_caustics_texture, fallback_caustics_view) =
    |              ^^^^^^^^^^^^^^^^^^^^^^^^^ help: if this is intentional, prefix it with an underscore: `_fallback_caustics_texture`

warning: unused variable: `fallback_lightmap_tex`
   --> crates\helio-pass-deferred-light\src\lib.rs:421:14
    |
421 |         let (fallback_lightmap_tex, fallback_lightmap_view) =
    |              ^^^^^^^^^^^^^^^^^^^^^ help: if this is intentional, prefix it with an underscore: `_fallback_lightmap_tex`

warning: field `bgl_0` is never read
  --> crates\helio-pass-deferred-light\src\lib.rs:26:5
   |
22 | pub struct DeferredLightPass {
   |            ----------------- field in this struct
...
26 |     bgl_0: wgpu::BindGroupLayout,
   |     ^^^^^
   |
   = note: `#[warn(dead_code)]` (part of `#[warn(unused)]`) on by default

warning: fields `bgl_2`, `globals_buf`, `sample_kernel_buf`, `noise_texture`, and `noise_sampler` are never read
  --> crates\helio-pass-ssao\src\lib.rs:56:5
   |
50 | pub struct SsaoPass {
   |            -------- fields in this struct
...
56 |     bgl_2: wgpu::BindGroupLayout,
   |     ^^^^^
...
61 |     globals_buf: wgpu::Buffer,
   |     ^^^^^^^^^^^
62 |     ssao_uniform_buf: wgpu::Buffer,
63 |     sample_kernel_buf: wgpu::Buffer,
   |     ^^^^^^^^^^^^^^^^^
64 |     noise_texture: wgpu::Texture,
   |     ^^^^^^^^^^^^^
65 |     noise_sampler: wgpu::Sampler,
   |     ^^^^^^^^^^^^^
   |
   = note: `#[warn(dead_code)]` (part of `#[warn(unused)]`) on by default

warning: type `MaterialTimingEntry` is more private than the item `MaterialProfiler::get_timing_table`
   --> crates\helio-pass-perf-overlay\src\lib.rs:553:5
    |
553 |     pub fn get_timing_table(&self) -> &[MaterialTimingEntry] {
    |     ^^^^^^^^^^^^^^^^^^^^^^^^^^^^^^^^^^^^^^^^^^^^^^^^^^^^^^^^ method `MaterialProfiler::get_timing_table` is reachable at visibility `pub`
    |
note: but type `MaterialTimingEntry` is only usable at visibility `pub(crate)`
   --> crates\helio-pass-perf-overlay\src\lib.rs:117:1
    |
117 | struct MaterialTimingEntry {
    | ^^^^^^^^^^^^^^^^^^^^^^^^^^
    = note: `#[warn(private_interfaces)]` on by default

warning: type `MaterialTimingEntry` is more private than the item `PerfOverlayShared::get_material_timings`
   --> crates\helio-pass-perf-overlay\src\lib.rs:902:5
    |
902 |     pub fn get_material_timings(&self) -> &[MaterialTimingEntry] {
    |     ^^^^^^^^^^^^^^^^^^^^^^^^^^^^^^^^^^^^^^^^^^^^^^^^^^^^^^^^^^^^ method `PerfOverlayShared::get_material_timings` is reachable at visibility `pub`
    |
note: but type `MaterialTimingEntry` is only usable at visibility `pub(crate)`
   --> crates\helio-pass-perf-overlay\src\lib.rs:117:1
    |
117 | struct MaterialTimingEntry {
    | ^^^^^^^^^^^^^^^^^^^^^^^^^^

warning: field `color_snapshot_prev` is never read
   --> crates\helio-pass-perf-overlay\src\lib.rs:139:5
    |
129 | pub struct PerfOverlayShared {
    |            ----------------- field in this struct
...
139 |     color_snapshot_prev: wgpu::Texture,
    |     ^^^^^^^^^^^^^^^^^^^
    |
    = note: `#[warn(dead_code)]` (part of `#[warn(unused)]`) on by default

warning: field `test_texture` is never read
   --> crates\helio-pass-perf-overlay\src\lib.rs:204:5
    |
200 | pub struct MaterialProfiler {
    |            ---------------- field in this struct
...
204 |     test_texture: wgpu::Texture,
    |     ^^^^^^^^^^^^

warning: unused `Result` that must be used
   --> crates\helio-pass-perf-overlay\src\lib.rs:501:9
    |
501 |         device.poll(wgpu::PollType::wait_indefinitely());
    |         ^^^^^^^^^^^^^^^^^^^^^^^^^^^^^^^^^^^^^^^^^^^^^^^^
    |
    = note: this `Result` may be an `Err` variant, which should be handled
    = note: `#[warn(unused_must_use)]` (part of `#[warn(unused)]`) on by default
help: use `let _ = ...` to ignore the resulting value
    |
501 |         let _ = device.poll(wgpu::PollType::wait_indefinitely());
    |         +++++++

warning: `helio-pass-virtual-geometry` (lib) generated 1 warning (run `cargo fix --lib -p helio-pass-virtual-geometry` to apply 1 suggestion)
warning: `helio-pass-shadow` (lib) generated 1 warning (run `cargo fix --lib -p helio-pass-shadow` to apply 1 suggestion)
warning: `helio-pass-hiz` (lib) generated 1 warning
warning: `helio-pass-gbuffer` (lib) generated 1 warning (run `cargo fix --lib -p helio-pass-gbuffer` to apply 1 suggestion)
warning: `helio-pass-taa` (lib) generated 1 warning
warning: `helio-pass-sky` (lib) generated 1 warning
warning: `helio-pass-deferred-light` (lib) generated 5 warnings (run `cargo fix --lib -p helio-pass-deferred-light` to apply 4 suggestions)
warning: `helio-pass-ssao` (lib) generated 1 warning
warning: `helio-pass-perf-overlay` (lib) generated 5 warnings
warning: unused imports: `LightId` and `ObjectId`
  --> crates\helio\src\picking.rs:53:22
   |
53 | use crate::handles::{LightId, MeshId, ObjectId};
   |                      ^^^^^^^          ^^^^^^^^
   |
   = note: `#[warn(unused_imports)]` (part of `#[warn(unused)]`) on by default

warning: unused import: `MeshId`
 --> crates\helio\src\scene\objects\update.rs:8:34
  |
8 | use crate::handles::{MaterialId, MeshId, ObjectId};
  |                                  ^^^^^^

warning: variable does not need to be mutable
   --> crates\helio\src\renderer\renderer_impl.rs:173:13
    |
173 |         let mut renderer = Self {
    |             ----^^^^^^^^
    |             |
    |             help: remove this `mut`
    |
    = note: `#[warn(unused_mut)]` (part of `#[warn(unused)]`) on by default

warning: type `DenseSlotMeta` is more private than the item `DenseArena::slots`
  --> crates\helio\src\arena.rs:41:5
   |
41 |     pub slots: Vec<DenseSlotMeta>,
   |     ^^^^^^^^^^^^^^^^^^^^^^^^^^^^^ field `DenseArena::slots` is reachable at visibility `pub(crate)`
   |
note: but type `DenseSlotMeta` is only usable at visibility `pub(self)`
  --> crates\helio\src\arena.rs:13:1
   |
13 | struct DenseSlotMeta {
   | ^^^^^^^^^^^^^^^^^^^^
   = note: `#[warn(private_interfaces)]` on by default

warning: methods `get_mut_by_slot` and `live_len` are never used
   --> crates\helio\src\arena.rs:245:12
    |
201 | impl<T, H: Handle> SparsePool<T, H> {
    | ----------------------------------- methods in this implementation
...
245 |     pub fn get_mut_by_slot(&mut self, slot_index: usize) -> Option<&mut T> {
    |            ^^^^^^^^^^^^^^^
...
274 |     pub fn live_len(&self) -> usize {
    |            ^^^^^^^^
    |
    = note: `#[warn(dead_code)]` (part of `#[warn(unused)]`) on by default

warning: method `extract_mesh_data` is never used
   --> crates\helio\src\mesh.rs:140:19
    |
 78 | impl MeshPool {
    | ------------- method in this implementation
...
140 |     pub(crate) fn extract_mesh_data(&self, id: MeshId) -> Option<MeshUpload> {
    |                   ^^^^^^^^^^^^^^^^^

warning: method `consume_water_hitboxes_dirty_range` is never used
  --> crates\helio\src\scene\hitbox.rs:97:19
   |
16 | impl Scene {
   | ---------- method in this implementation
...
97 |     pub(crate) fn consume_water_hitboxes_dirty_range(&mut self) -> Option<(usize, usize)> {
   |                   ^^^^^^^^^^^^^^^^^^^^^^^^^^^^^^^^^^

warning: method `insert_light` is never used
  --> crates\helio\src\scene\resources\lights.rs:50:29
   |
14 | impl super::super::Scene {
   | ------------------------ method in this implementation
...
50 |     pub(in crate::scene) fn insert_light(&mut self, light: GpuLight) -> LightId {
   |                             ^^^^^^^^^^^^

warning: field `groups` is never read
   --> crates\helio\src\scene\types.rs:199:9
    |
194 | pub(crate) struct VirtualObjectRecord {
    |                   ------------------- field in this struct
...
199 |     pub groups: GroupMask,
    |         ^^^^^^
    |
    = note: `VirtualObjectRecord` has derived impls for the traits `Clone` and `Debug`, but these are intentionally ignored during dead code analysis

warning: method `consume_water_volumes_dirty_range` is never used
   --> crates\helio\src\scene\water.rs:179:19
    |
 15 | impl Scene {
    | ---------- method in this implementation
...
179 |     pub(crate) fn consume_water_volumes_dirty_range(&mut self) -> Option<(usize, usize)> {
    |                   ^^^^^^^^^^^^^^^^^^^^^^^^^^^^^^^^^

warning: function `unpack_normal` is never used
  --> crates\helio\src\vg.rs:59:4
   |
59 | fn unpack_normal(packed: u32) -> Vec3 {
   |    ^^^^^^^^^^^^^

warning: `helio` (lib) generated 11 warnings (run `cargo fix --lib -p helio` to apply 3 suggestions)
warning: unused import: `Camera`
  --> crates\helio-wasm\src\runner.rs:18:13
   |
18 | use helio::{Camera, Renderer, RendererConfig};
   |             ^^^^^^
   |
   = note: `#[warn(unused_imports)]` (part of `#[warn(unused)]`) on by default

warning: variable does not need to be mutable
   --> crates\helio-wasm\src\runner.rs:434:9
    |
434 |     let mut runner = WasmRunner::<T>::new();
    |         ----^^^^^^
    |         |
    |         help: remove this `mut`
    |
    = note: `#[warn(unused_mut)]` (part of `#[warn(unused)]`) on by default

warning: field `queue` is never read
  --> crates\helio-wasm\src\runner.rs:78:5
   |
74 | struct RunnerState<T: HelioWasmApp> {
   |        ----------- field in this struct
...
78 |     queue: Arc<wgpu::Queue>,
   |     ^^^^^
   |
   = note: `#[warn(dead_code)]` (part of `#[warn(unused)]`) on by default

warning: unused import: `std::collections::HashMap`
  --> crates\helio-asset-compat\src\lib.rs:17:5
   |
17 | use std::collections::HashMap;
   |     ^^^^^^^^^^^^^^^^^^^^^^^^^
   |
   = note: `#[warn(unused_imports)]` (part of `#[warn(unused)]`) on by default

warning: struct `AnimationState` is never constructed
  --> crates\helio-asset-compat\src\animation_system.rs:11:12
   |
11 | pub struct AnimationState {
   |            ^^^^^^^^^^^^^^
   |
   = note: `#[warn(dead_code)]` (part of `#[warn(unused)]`) on by default

warning: associated items `new`, `play`, `stop`, `update`, and `get_matrices` are never used
  --> crates\helio-asset-compat\src\animation_system.rs:31:12
   |
29 | impl AnimationState {
   | ------------------- associated items in this implementation
30 |     /// Create a new animation state from a skin and animations
31 |     pub fn new(skin: Skin, animations: Vec<Animation>) -> Self {
   |            ^^^
...
45 |     pub fn play(&mut self, animation_index: usize, looping: bool) {
   |            ^^^^
...
55 |     pub fn stop(&mut self) {
   |            ^^^^
...
60 |     pub fn update(&mut self, delta_time: f32) {
   |            ^^^^^^
...
71 |     pub fn get_matrices(&self) -> &[Mat4] {
   |            ^^^^^^^^^^^^

warning: `helio-wasm` (lib) generated 3 warnings (run `cargo fix --lib -p helio-wasm` to apply 2 suggestions)
warning: `helio-asset-compat` (lib) generated 3 warnings (run `cargo fix --lib -p helio-asset-compat` to apply 1 suggestion)
   Compiling helio-web-demos v0.1.0 (E:\Documents\GitHub\Helio\crates\helio-web-demos)
warning: unused import: `MeshId`
 --> crates\helio-web-demos\src\common.rs:7:51
  |
7 |     GpuLight, GpuMaterial, LightType, MaterialId, MeshId, MeshUpload, ObjectDescriptor,
  |                                                   ^^^^^^
  |
  = note: `#[warn(unused_imports)]` (part of `#[warn(unused)]`) on by default

error[E0599]: `SceneActorId` is not an iterator
  --> crates\helio-web-demos\src\..\examples-wasm\rc_benchmark.rs:81:14
   |
80 |               .map(|&(pos, col, int, rng)| renderer.scene_mut().insert_actor(helio::SceneActor::light(point_light(pos, col, int, rng)))
   |  __________________________________________-
81 | |             .collect());
   | |             -^^^^^^^ `SceneActorId` is not an iterator
   | |_____________|
   |
   |
  ::: E:\Documents\GitHub\Helio\crates\helio\src\scene\actor.rs:10:1
   |
10 |   pub enum SceneActorId {
   |   --------------------- doesn't satisfy `SceneActorId: std::iter::Iterator`
   |
   = note: the following trait bounds were not satisfied:
           `SceneActorId: std::iter::Iterator`
           which is required by `&mut SceneActorId: std::iter::Iterator`

For more information about this error, try `rustc --explain E0599`.
warning: `helio-web-demos` (lib) generated 1 warning
error: could not compile `helio-web-demos` (lib) due to 1 previous error; 1 warning emitted
warning: unused variable: `name`
   --> crates\helio-v3\src\profiling\cpu.rs:121:29
    |
121 |     pub fn scope(&mut self, name: &'static str) -> ScopeGuard {
    |                             ^^^^ help: if this is intentional, prefix it with an underscore: `_name`
    |
    = note: `#[warn(unused_variables)]` (part of `#[warn(unused)]`) on by default

warning: field `profiler` is never read
   --> crates\helio-v3\src\context.rs:194:16
    |
165 | pub struct PassContext<'a> {
    |            ----------- field in this struct
...
194 |     pub(crate) profiler: &'a mut Profiler,
    |                ^^^^^^^^
    |
    = note: `#[warn(dead_code)]` (part of `#[warn(unused)]`) on by default

warning: fields `texture` and `name` are never read
  --> crates\helio-v3\src\graph\executor.rs:89:5
   |
87 | struct TransientTexture {
   |        ---------------- fields in this struct
88 |     /// The GPU texture (owned by the graph)
89 |     texture: wgpu::Texture,
   |     ^^^^^^^
...
93 |     name: &'static str,
   |     ^^^^

warning: method `finish` is never used
   --> crates\helio-v3\src\graph\resource.rs:303:19
    |
192 | impl ResourceBuilder {
    | -------------------- method in this implementation
...
303 |     pub(crate) fn finish(self) -> Vec<ResourceDecl> {
    |                   ^^^^^^

warning: hiding a lifetime that's elided elsewhere is confusing
   --> crates\helio-v3\src\profiling\mod.rs:200:18
    |
200 |     pub fn scope(&mut self, name: &'static str) -> ScopeGuard {
    |                  ^^^^^^^^^                         ^^^^^^^^^^ the same lifetime is hidden here
    |                  |
    |                  the lifetime is elided here
    |
    = help: the same lifetime is referred to in inconsistent ways, making the signature confusing
    = note: `#[warn(mismatched_lifetime_syntaxes)]` on by default
help: use `'_` for type paths
    |
200 |     pub fn scope(&mut self, name: &'static str) -> ScopeGuard<'_> {
    |                                                              ++++

warning: hiding a lifetime that's elided elsewhere is confusing
   --> crates\helio-v3\src\profiling\cpu.rs:121:18
    |
121 |     pub fn scope(&mut self, name: &'static str) -> ScopeGuard {
    |                  ^^^^^^^^^                         ^^^^^^^^^^ the same lifetime is hidden here
    |                  |
    |                  the lifetime is elided here
    |
    = help: the same lifetime is referred to in inconsistent ways, making the signature confusing
help: use `'_` for type paths
    |
121 |     pub fn scope(&mut self, name: &'static str) -> ScopeGuard<'_> {
    |                                                              ++++

warning: `helio-v3` (lib) generated 6 warnings (run `cargo fix --lib -p helio-v3` to apply 3 suggestions)
warning: fields `width`, `height`, `target_format`, and `pre_aa_tex` are never read
  --> crates\helio-pass-sky\src\lib.rs:82:5
   |
73 | pub struct SkyPass {
   |            ------- fields in this struct
...
82 |     width: u32,
   |     ^^^^^
83 |     height: u32,
   |     ^^^^^^
84 |     target_format: wgpu::TextureFormat,
   |     ^^^^^^^^^^^^^
85 |     /// Owned pre-AA render target —...
86 |     pre_aa_tex: wgpu::Texture,
   |     ^^^^^^^^^^
   |
   = note: `#[warn(dead_code)]` (part of `#[warn(unused)]`) on by default

warning: field `velocity_fallback_texture` is never read
   --> crates\helio-pass-taa\src\lib.rs:131:5
    |
113 | pub struct TaaPass {
    |            ------- field in this struct
...
131 |     velocity_fallback_texture: wgpu::Texture,
    |     ^^^^^^^^^^^^^^^^^^^^^^^^^
    |
    = note: `#[warn(dead_code)]` (part of `#[warn(unused)]`) on by default

warning: unused variable: `count`
   --> crates\helio-pass-virtual-geometry\src\lib.rs:933:9
    |
933 |     let count = NonZeroU32::new(MAX_TEXTURES as u32).expect("non-zero");
    |         ^^^^^ help: if this is intentional, prefix it with an underscore: `_count`
    |
    = note: `#[warn(unused_variables)]` (part of `#[warn(unused)]`) on by default

warning: unused variable: `fallback_env_texture`
   --> crates\helio-pass-deferred-light\src\lib.rs:347:14
    |
347 |         let (fallback_env_texture, fallback_env_view) = black_cube_texture(device...
    |              ^^^^^^^^^^^^^^^^^^^^ help: if this is intentional, prefix it with an underscore: `_fallback_env_texture`
    |
    = note: `#[warn(unused_variables)]` (part of `#[warn(unused)]`) on by default

warning: unused variable: `fallback_rc_texture`
   --> crates\helio-pass-deferred-light\src\lib.rs:358:14
    |
358 |         let (fallback_rc_texture, fallback_rc_view) =
    |              ^^^^^^^^^^^^^^^^^^^ help: if this is intentional, prefix it with an underscore: `_fallback_rc_texture`

warning: unused variable: `fallback_caustics_texture`
   --> crates\helio-pass-deferred-light\src\lib.rs:362:14
    |
362 |         let (fallback_caustics_texture, fallback_caustics_view) =
    |              ^^^^^^^^^^^^^^^^^^^^^^^^^ help: if this is intentional, prefix it with an underscore: `_fallback_caustics_texture`

warning: unused variable: `fallback_lightmap_tex`
   --> crates\helio-pass-deferred-light\src\lib.rs:421:14
    |
421 |         let (fallback_lightmap_tex, fallback_lightmap_view) =
    |              ^^^^^^^^^^^^^^^^^^^^^ help: if this is intentional, prefix it with an underscore: `_fallback_lightmap_tex`

warning: field `bgl_0` is never read
  --> crates\helio-pass-deferred-light\src\lib.rs:26:5
   |
22 | pub struct DeferredLightPass {
   |            ----------------- field in this struct
...
26 |     bgl_0: wgpu::BindGroupLayout,
   |     ^^^^^
   |
   = note: `#[warn(dead_code)]` (part of `#[warn(unused)]`) on by default

warning: fields `grid_resolution`, `world_bounds_min`, `world_bounds_max`, and `mip_count` are never read
  --> crates\helio-pass-hiz\src\lib.rs:39:5
   |
38 | struct StaticHizMetadata {
   |        ----------------- fields in this struct
39 |     grid_resolution: [u32; 3],
   |     ^^^^^^^^^^^^^^^
40 |     world_bounds_min: [f32; 3],
   |     ^^^^^^^^^^^^^^^^
41 |     world_bounds_max: [f32; 3],
   |     ^^^^^^^^^^^^^^^^
42 |     mip_count: u32,
   |     ^^^^^^^^^
   |
   = note: `StaticHizMetadata` has derived impls for the traits `Debug` and `Clone`, but these are intentionally ignored during dead code analysis
   = note: `#[warn(dead_code)]` (part of `#[warn(unused)]`) on by default

warning: unused variable: `texture_array_count`
   --> crates\helio-pass-gbuffer\src\lib.rs:745:9
    |
745 |     let texture_array_count =
    |         ^^^^^^^^^^^^^^^^^^^ help: if this is intentional, prefix it with an underscore: `_texture_array_count`
    |
    = note: `#[warn(unused_variables)]` (part of `#[warn(unused)]`) on by default

warning: unused variable: `sm_ptr`
   --> crates\helio-pass-shadow\src\lib.rs:411:13
    |
411 |         let sm_ptr = ctx.scene.shadow_matrices as *const _ as usize;
    |             ^^^^^^ help: if this is intentional, prefix it with an underscore: `_sm_ptr`
    |
    = note: `#[warn(unused_variables)]` (part of `#[warn(unused)]`) on by default

warning: type `MaterialTimingEntry` is more private than the item `MaterialProfiler::get_timing_table`
   --> crates\helio-pass-perf-overlay\src\lib.rs:553:5
    |
553 |     pub fn get_timing_table(&self) -> &[MaterialTimingEntry] {
    |     ^^^^^^^^^^^^^^^^^^^^^^^^^^^^^^^^^^^^^^^^^^^^^^^^^^^^^^^^ method `MaterialProfiler::get_timing_table` is reachable at visibility `pub`
    |
note: but type `MaterialTimingEntry` is only usable at visibility `pub(crate)`
   --> crates\helio-pass-perf-overlay\src\lib.rs:117:1
    |
117 | struct MaterialTimingEntry {
    | ^^^^^^^^^^^^^^^^^^^^^^^^^^
    = note: `#[warn(private_interfaces)]` on by default

warning: type `MaterialTimingEntry` is more private than the item `PerfOverlayShared::get_material_timings`
   --> crates\helio-pass-perf-overlay\src\lib.rs:902:5
    |
902 |     pub fn get_material_timings(&self) -> &[MaterialTimingEntry] {
    |     ^^^^^^^^^^^^^^^^^^^^^^^^^^^^^^^^^^^^^^^^^^^^^^^^^^^^^^^^^^^^ method `PerfOverlayShared::get_material_timings` is reachable at visibility `pub`
    |
note: but type `MaterialTimingEntry` is only usable at visibility `pub(crate)`
   --> crates\helio-pass-perf-overlay\src\lib.rs:117:1
    |
117 | struct MaterialTimingEntry {
    | ^^^^^^^^^^^^^^^^^^^^^^^^^^

warning: field `color_snapshot_prev` is never read
   --> crates\helio-pass-perf-overlay\src\lib.rs:139:5
    |
129 | pub struct PerfOverlayShared {
    |            ----------------- field in this struct
...
139 |     color_snapshot_prev: wgpu::Texture,
    |     ^^^^^^^^^^^^^^^^^^^
    |
    = note: `#[warn(dead_code)]` (part of `#[warn(unused)]`) on by default

warning: field `test_texture` is never read
   --> crates\helio-pass-perf-overlay\src\lib.rs:204:5
    |
200 | pub struct MaterialProfiler {
    |            ---------------- field in this struct
...
204 |     test_texture: wgpu::Texture,
    |     ^^^^^^^^^^^^

warning: unused `Result` that must be used
   --> crates\helio-pass-perf-overlay\src\lib.rs:501:9
    |
501 |         device.poll(wgpu::PollType::wait_indefinitely());
    |         ^^^^^^^^^^^^^^^^^^^^^^^^^^^^^^^^^^^^^^^^^^^^^^^^
    |
    = note: this `Result` may be an `Err` variant, which should be handled
    = note: `#[warn(unused_must_use)]` (part of `#[warn(unused)]`) on by default
help: use `let _ = ...` to ignore the resulting value
    |
501 |         let _ = device.poll(wgpu::PollType::wait_indefinitely());
    |         +++++++

warning: fields `bgl_2`, `globals_buf`, `sample_kernel_buf`, `noise_texture`, and `noise_sampler` are never read
  --> crates\helio-pass-ssao\src\lib.rs:56:5
   |
50 | pub struct SsaoPass {
   |            -------- fields in this struct
...
56 |     bgl_2: wgpu::BindGroupLayout,
   |     ^^^^^
...
61 |     globals_buf: wgpu::Buffer,
   |     ^^^^^^^^^^^
62 |     ssao_uniform_buf: wgpu::Buffer,
63 |     sample_kernel_buf: wgpu::Buffer,
   |     ^^^^^^^^^^^^^^^^^
64 |     noise_texture: wgpu::Texture,
   |     ^^^^^^^^^^^^^
65 |     noise_sampler: wgpu::Sampler,
   |     ^^^^^^^^^^^^^
   |
   = note: `#[warn(dead_code)]` (part of `#[warn(unused)]`) on by default

warning: `helio-pass-sky` (lib) generated 1 warning
warning: `helio-pass-taa` (lib) generated 1 warning
warning: `helio-pass-virtual-geometry` (lib) generated 1 warning (run `cargo fix --lib -p helio-pass-virtual-geometry` to apply 1 suggestion)
warning: `helio-pass-deferred-light` (lib) generated 5 warnings (run `cargo fix --lib -p helio-pass-deferred-light` to apply 4 suggestions)
warning: `helio-pass-hiz` (lib) generated 1 warning
warning: `helio-pass-gbuffer` (lib) generated 1 warning (run `cargo fix --lib -p helio-pass-gbuffer` to apply 1 suggestion)
warning: `helio-pass-shadow` (lib) generated 1 warning (run `cargo fix --lib -p helio-pass-shadow` to apply 1 suggestion)
warning: `helio-pass-perf-overlay` (lib) generated 5 warnings
warning: `helio-pass-ssao` (lib) generated 1 warning
warning: unused imports: `LightId` and `ObjectId`
  --> crates\helio\src\picking.rs:53:22
   |
53 | use crate::handles::{LightId, MeshId, ObjectId};
   |                      ^^^^^^^          ^^^^^^^^
   |
   = note: `#[warn(unused_imports)]` (part of `#[warn(unused)]`) on by default

warning: unused import: `MeshId`
 --> crates\helio\src\scene\objects\update.rs:8:34
  |
8 | use crate::handles::{MaterialId, MeshId, ObjectId};
  |                                  ^^^^^^

warning: variable does not need to be mutable
   --> crates\helio\src\renderer\renderer_impl.rs:173:13
    |
173 |         let mut renderer = Self {
    |             ----^^^^^^^^
    |             |
    |             help: remove this `mut`
    |
    = note: `#[warn(unused_mut)]` (part of `#[warn(unused)]`) on by default

warning: type `DenseSlotMeta` is more private than the item `DenseArena::slots`
  --> crates\helio\src\arena.rs:41:5
   |
41 |     pub slots: Vec<DenseSlotMeta>,
   |     ^^^^^^^^^^^^^^^^^^^^^^^^^^^^^ field `DenseArena::slots` is reachable at visibility `pub(crate)`
   |
note: but type `DenseSlotMeta` is only usable at visibility `pub(self)`
  --> crates\helio\src\arena.rs:13:1
   |
13 | struct DenseSlotMeta {
   | ^^^^^^^^^^^^^^^^^^^^
   = note: `#[warn(private_interfaces)]` on by default

warning: methods `get_mut_by_slot` and `live_len` are never used
   --> crates\helio\src\arena.rs:245:12
    |
201 | impl<T, H: Handle> SparsePool<T, H> {
    | ----------------------------------- methods in this implementation
...
245 |     pub fn get_mut_by_slot(&mut self, slot_index: usize) -> Option<&mut T> {
    |            ^^^^^^^^^^^^^^^
...
274 |     pub fn live_len(&self) -> usize {
    |            ^^^^^^^^
    |
    = note: `#[warn(dead_code)]` (part of `#[warn(unused)]`) on by default

warning: method `extract_mesh_data` is never used
   --> crates\helio\src\mesh.rs:140:19
    |
 78 | impl MeshPool {
    | ------------- method in this implementation
...
140 |     pub(crate) fn extract_mesh_data(&self, id: MeshId) -> Option<MeshUpload> {
    |                   ^^^^^^^^^^^^^^^^^

warning: method `consume_water_hitboxes_dirty_range` is never used
  --> crates\helio\src\scene\hitbox.rs:97:19
   |
16 | impl Scene {
   | ---------- method in this implementation
...
97 |     pub(crate) fn consume_water_hitboxes_dirty_range(&mut self) -> Option<(usize, usize)> {
   |                   ^^^^^^^^^^^^^^^^^^^^^^^^^^^^^^^^^^

warning: method `insert_light` is never used
  --> crates\helio\src\scene\resources\lights.rs:50:29
   |
14 | impl super::super::Scene {
   | ------------------------ method in this implementation
...
50 |     pub(in crate::scene) fn insert_light(&mut self, light: GpuLight) -> LightId {
   |                             ^^^^^^^^^^^^

warning: field `groups` is never read
   --> crates\helio\src\scene\types.rs:199:9
    |
194 | pub(crate) struct VirtualObjectRecord {
    |                   ------------------- field in this struct
...
199 |     pub groups: GroupMask,
    |         ^^^^^^
    |
    = note: `VirtualObjectRecord` has derived impls for the traits `Clone` and `Debug`, but these are intentionally ignored during dead code analysis

warning: method `consume_water_volumes_dirty_range` is never used
   --> crates\helio\src\scene\water.rs:179:19
    |
 15 | impl Scene {
    | ---------- method in this implementation
...
179 |     pub(crate) fn consume_water_volumes_dirty_range(&mut self) -> Option<(usize, usize)> {
    |                   ^^^^^^^^^^^^^^^^^^^^^^^^^^^^^^^^^

warning: function `unpack_normal` is never used
  --> crates\helio\src\vg.rs:59:4
   |
59 | fn unpack_normal(packed: u32) -> Vec3 {
   |    ^^^^^^^^^^^^^

warning: `helio` (lib) generated 11 warnings (run `cargo fix --lib -p helio` to apply 3 suggestions)
warning: unused import: `Camera`
  --> crates\helio-wasm\src\runner.rs:18:13
   |
18 | use helio::{Camera, Renderer, RendererConfig};
   |             ^^^^^^
   |
   = note: `#[warn(unused_imports)]` (part of `#[warn(unused)]`) on by default

warning: variable does not need to be mutable
   --> crates\helio-wasm\src\runner.rs:434:9
    |
434 |     let mut runner = WasmRunner::<T>::new();
    |         ----^^^^^^
    |         |
    |         help: remove this `mut`
    |
    = note: `#[warn(unused_mut)]` (part of `#[warn(unused)]`) on by default

warning: field `queue` is never read
  --> crates\helio-wasm\src\runner.rs:78:5
   |
74 | struct RunnerState<T: HelioWasmApp> {
   |        ----------- field in this struct
...
78 |     queue: Arc<wgpu::Queue>,
   |     ^^^^^
   |
   = note: `#[warn(dead_code)]` (part of `#[warn(unused)]`) on by default

warning: unused import: `std::collections::HashMap`
  --> crates\helio-asset-compat\src\lib.rs:17:5
   |
17 | use std::collections::HashMap;
   |     ^^^^^^^^^^^^^^^^^^^^^^^^^
   |
   = note: `#[warn(unused_imports)]` (part of `#[warn(unused)]`) on by default

warning: struct `AnimationState` is never constructed
  --> crates\helio-asset-compat\src\animation_system.rs:11:12
   |
11 | pub struct AnimationState {
   |            ^^^^^^^^^^^^^^
   |
   = note: `#[warn(dead_code)]` (part of `#[warn(unused)]`) on by default

warning: associated items `new`, `play`, `stop`, `update`, and `get_matrices` are never used
  --> crates\helio-asset-compat\src\animation_system.rs:31:12
   |
29 | impl AnimationState {
   | ------------------- associated items in this implementation
30 |     /// Create a new animation state from a skin and animations
31 |     pub fn new(skin: Skin, animations: Vec<Animation>) -> Self {
   |            ^^^
...
45 |     pub fn play(&mut self, animation_index: usize, looping: bool) {
   |            ^^^^
...
55 |     pub fn stop(&mut self) {
   |            ^^^^
...
60 |     pub fn update(&mut self, delta_time: f32) {
   |            ^^^^^^
...
71 |     pub fn get_matrices(&self) -> &[Mat4] {
   |            ^^^^^^^^^^^^

warning: `helio-wasm` (lib) generated 3 warnings (run `cargo fix --lib -p helio-wasm` to apply 2 suggestions)
warning: `helio-asset-compat` (lib) generated 3 warnings (run `cargo fix --lib -p helio-asset-compat` to apply 1 suggestion)
   Compiling helio-web-demos v0.1.0 (E:\Documents\GitHub\Helio\crates\helio-web-demos)
error[E0432]: unresolved import `helio_pass_sdf::SdfClipmapPass`
  --> crates\helio-web-demos\src\..\examples-wasm\sdf_demo.rs:13:5
   |
13 |     SdfClipmapPass,
   |     ^^^^^^^^^^^^^^ no `SdfClipmapPass` in the root

warning: unused import: `MeshId`
 --> crates\helio-web-demos\src\common.rs:7:51
  |
7 |     GpuLight, GpuMaterial, LightType, MaterialId, MeshId, MeshUpload, ObjectDescriptor,
  |                                                   ^^^^^^
  |
  = note: `#[warn(unused_imports)]` (part of `#[warn(unused)]`) on by default

For more information about this error, try `rustc --explain E0432`.
warning: `helio-web-demos` (lib) generated 1 warning
error: could not compile `helio-web-demos` (lib) due to 1 previous error; 1 warning emitted
warning: unused variable: `name`
   --> crates\helio-v3\src\profiling\cpu.rs:121:29
    |
121 |     pub fn scope(&mut self, name: &'static str) -> ScopeGuard {
    |                             ^^^^ help: if this is intentional, prefix it with an underscore: `_name`
    |
    = note: `#[warn(unused_variables)]` (part of `#[warn(unused)]`) on by default

warning: field `profiler` is never read
   --> crates\helio-v3\src\context.rs:194:16
    |
165 | pub struct PassContext<'a> {
    |            ----------- field in this struct
...
194 |     pub(crate) profiler: &'a mut Profiler,
    |                ^^^^^^^^
    |
    = note: `#[warn(dead_code)]` (part of `#[warn(unused)]`) on by default

warning: fields `texture` and `name` are never read
  --> crates\helio-v3\src\graph\executor.rs:89:5
   |
87 | struct TransientTexture {
   |        ---------------- fields in this struct
88 |     /// The GPU texture (owned by the graph)
89 |     texture: wgpu::Texture,
   |     ^^^^^^^
...
93 |     name: &'static str,
   |     ^^^^

warning: method `finish` is never used
   --> crates\helio-v3\src\graph\resource.rs:303:19
    |
192 | impl ResourceBuilder {
    | -------------------- method in this implementation
...
303 |     pub(crate) fn finish(self) -> Vec<ResourceDecl> {
    |                   ^^^^^^

warning: hiding a lifetime that's elided elsewhere is confusing
   --> crates\helio-v3\src\profiling\mod.rs:200:18
    |
200 |     pub fn scope(&mut self, name: &'static str) -> ScopeGuard {
    |                  ^^^^^^^^^                         ^^^^^^^^^^ the same lifetime is hidden here
    |                  |
    |                  the lifetime is elided here
    |
    = help: the same lifetime is referred to in inconsistent ways, making the signature confusing
    = note: `#[warn(mismatched_lifetime_syntaxes)]` on by default
help: use `'_` for type paths
    |
200 |     pub fn scope(&mut self, name: &'static str) -> ScopeGuard<'_> {
    |                                                              ++++

warning: hiding a lifetime that's elided elsewhere is confusing
   --> crates\helio-v3\src\profiling\cpu.rs:121:18
    |
121 |     pub fn scope(&mut self, name: &'static str) -> ScopeGuard {
    |                  ^^^^^^^^^                         ^^^^^^^^^^ the same lifetime is hidden here
    |                  |
    |                  the lifetime is elided here
    |
    = help: the same lifetime is referred to in inconsistent ways, making the signature confusing
help: use `'_` for type paths
    |
121 |     pub fn scope(&mut self, name: &'static str) -> ScopeGuard<'_> {
    |                                                              ++++

warning: `helio-v3` (lib) generated 6 warnings (run `cargo fix --lib -p helio-v3` to apply 3 suggestions)
warning: type `MaterialTimingEntry` is more private than the item `MaterialProfiler::get_timing_table`
   --> crates\helio-pass-perf-overlay\src\lib.rs:553:5
    |
553 |     pub fn get_timing_table(&self) -> &[MaterialTimingEntry] {
    |     ^^^^^^^^^^^^^^^^^^^^^^^^^^^^^^^^^^^^^^^^^^^^^^^^^^^^^^^^ method `MaterialProfiler::get_timing_table` is reachable at visibility `pub`
    |
note: but type `MaterialTimingEntry` is only usable at visibility `pub(crate)`
   --> crates\helio-pass-perf-overlay\src\lib.rs:117:1
    |
117 | struct MaterialTimingEntry {
    | ^^^^^^^^^^^^^^^^^^^^^^^^^^
    = note: `#[warn(private_interfaces)]` on by default

warning: type `MaterialTimingEntry` is more private than the item `PerfOverlayShared::get_material_timings`
   --> crates\helio-pass-perf-overlay\src\lib.rs:902:5
    |
902 |     pub fn get_material_timings(&self) -> &[MaterialTimingEntry] {
    |     ^^^^^^^^^^^^^^^^^^^^^^^^^^^^^^^^^^^^^^^^^^^^^^^^^^^^^^^^^^^^ method `PerfOverlayShared::get_material_timings` is reachable at visibility `pub`
    |
note: but type `MaterialTimingEntry` is only usable at visibility `pub(crate)`
   --> crates\helio-pass-perf-overlay\src\lib.rs:117:1
    |
117 | struct MaterialTimingEntry {
    | ^^^^^^^^^^^^^^^^^^^^^^^^^^

warning: field `color_snapshot_prev` is never read
   --> crates\helio-pass-perf-overlay\src\lib.rs:139:5
    |
129 | pub struct PerfOverlayShared {
    |            ----------------- field in this struct
...
139 |     color_snapshot_prev: wgpu::Texture,
    |     ^^^^^^^^^^^^^^^^^^^
    |
    = note: `#[warn(dead_code)]` (part of `#[warn(unused)]`) on by default

warning: field `test_texture` is never read
   --> crates\helio-pass-perf-overlay\src\lib.rs:204:5
    |
200 | pub struct MaterialProfiler {
    |            ---------------- field in this struct
...
204 |     test_texture: wgpu::Texture,
    |     ^^^^^^^^^^^^

warning: unused `Result` that must be used
   --> crates\helio-pass-perf-overlay\src\lib.rs:501:9
    |
501 |         device.poll(wgpu::PollType::wait_indefinitely());
    |         ^^^^^^^^^^^^^^^^^^^^^^^^^^^^^^^^^^^^^^^^^^^^^^^^
    |
    = note: this `Result` may be an `Err` variant, which should be handled
    = note: `#[warn(unused_must_use)]` (part of `#[warn(unused)]`) on by default
help: use `let _ = ...` to ignore the resulting value
    |
501 |         let _ = device.poll(wgpu::PollType::wait_indefinitely());
    |         +++++++

warning: fields `bgl_2`, `globals_buf`, `sample_kernel_buf`, `noise_texture`, and `noise_sampler` are never read
  --> crates\helio-pass-ssao\src\lib.rs:56:5
   |
50 | pub struct SsaoPass {
   |            -------- fields in this struct
...
56 |     bgl_2: wgpu::BindGroupLayout,
   |     ^^^^^
...
61 |     globals_buf: wgpu::Buffer,
   |     ^^^^^^^^^^^
62 |     ssao_uniform_buf: wgpu::Buffer,
63 |     sample_kernel_buf: wgpu::Buffer,
   |     ^^^^^^^^^^^^^^^^^
64 |     noise_texture: wgpu::Texture,
   |     ^^^^^^^^^^^^^
65 |     noise_sampler: wgpu::Sampler,
   |     ^^^^^^^^^^^^^
   |
   = note: `#[warn(dead_code)]` (part of `#[warn(unused)]`) on by default

warning: field `velocity_fallback_texture` is never read
   --> crates\helio-pass-taa\src\lib.rs:131:5
    |
113 | pub struct TaaPass {
    |            ------- field in this struct
...
131 |     velocity_fallback_texture: wgpu::Texture,
    |     ^^^^^^^^^^^^^^^^^^^^^^^^^
    |
    = note: `#[warn(dead_code)]` (part of `#[warn(unused)]`) on by default

warning: unused variable: `count`
   --> crates\helio-pass-virtual-geometry\src\lib.rs:933:9
    |
933 |     let count = NonZeroU32::new(MAX_TEXTURES as u32).expect("non-zero");
    |         ^^^^^ help: if this is intentional, prefix it with an underscore: `_count`
    |
    = note: `#[warn(unused_variables)]` (part of `#[warn(unused)]`) on by default

warning: unused variable: `texture_array_count`
   --> crates\helio-pass-gbuffer\src\lib.rs:745:9
    |
745 |     let texture_array_count =
    |         ^^^^^^^^^^^^^^^^^^^ help: if this is intentional, prefix it with an underscore: `_texture_array_count`
    |
    = note: `#[warn(unused_variables)]` (part of `#[warn(unused)]`) on by default

warning: unused variable: `sm_ptr`
   --> crates\helio-pass-shadow\src\lib.rs:411:13
    |
411 |         let sm_ptr = ctx.scene.shadow_matrices as *const _ as usize;
    |             ^^^^^^ help: if this is intentional, prefix it with an underscore: `_sm_ptr`
    |
    = note: `#[warn(unused_variables)]` (part of `#[warn(unused)]`) on by default

warning: fields `width`, `height`, `target_format`, and `pre_aa_tex` are never read
  --> crates\helio-pass-sky\src\lib.rs:82:5
   |
73 | pub struct SkyPass {
   |            ------- fields in this struct
...
82 |     width: u32,
   |     ^^^^^
83 |     height: u32,
   |     ^^^^^^
84 |     target_format: wgpu::TextureFormat,
   |     ^^^^^^^^^^^^^
85 |     /// Owned pre-AA render target —...
86 |     pre_aa_tex: wgpu::Texture,
   |     ^^^^^^^^^^
   |
   = note: `#[warn(dead_code)]` (part of `#[warn(unused)]`) on by default

warning: unused variable: `fallback_env_texture`
   --> crates\helio-pass-deferred-light\src\lib.rs:347:14
    |
347 |         let (fallback_env_texture, fallback_env_view) = black_cube_texture(device...
    |              ^^^^^^^^^^^^^^^^^^^^ help: if this is intentional, prefix it with an underscore: `_fallback_env_texture`
    |
    = note: `#[warn(unused_variables)]` (part of `#[warn(unused)]`) on by default

warning: unused variable: `fallback_rc_texture`
   --> crates\helio-pass-deferred-light\src\lib.rs:358:14
    |
358 |         let (fallback_rc_texture, fallback_rc_view) =
    |              ^^^^^^^^^^^^^^^^^^^ help: if this is intentional, prefix it with an underscore: `_fallback_rc_texture`

warning: unused variable: `fallback_caustics_texture`
   --> crates\helio-pass-deferred-light\src\lib.rs:362:14
    |
362 |         let (fallback_caustics_texture, fallback_caustics_view) =
    |              ^^^^^^^^^^^^^^^^^^^^^^^^^ help: if this is intentional, prefix it with an underscore: `_fallback_caustics_texture`

warning: unused variable: `fallback_lightmap_tex`
   --> crates\helio-pass-deferred-light\src\lib.rs:421:14
    |
421 |         let (fallback_lightmap_tex, fallback_lightmap_view) =
    |              ^^^^^^^^^^^^^^^^^^^^^ help: if this is intentional, prefix it with an underscore: `_fallback_lightmap_tex`

warning: field `bgl_0` is never read
  --> crates\helio-pass-deferred-light\src\lib.rs:26:5
   |
22 | pub struct DeferredLightPass {
   |            ----------------- field in this struct
...
26 |     bgl_0: wgpu::BindGroupLayout,
   |     ^^^^^
   |
   = note: `#[warn(dead_code)]` (part of `#[warn(unused)]`) on by default

warning: fields `grid_resolution`, `world_bounds_min`, `world_bounds_max`, and `mip_count` are never read
  --> crates\helio-pass-hiz\src\lib.rs:39:5
   |
38 | struct StaticHizMetadata {
   |        ----------------- fields in this struct
39 |     grid_resolution: [u32; 3],
   |     ^^^^^^^^^^^^^^^
40 |     world_bounds_min: [f32; 3],
   |     ^^^^^^^^^^^^^^^^
41 |     world_bounds_max: [f32; 3],
   |     ^^^^^^^^^^^^^^^^
42 |     mip_count: u32,
   |     ^^^^^^^^^
   |
   = note: `StaticHizMetadata` has derived impls for the traits `Debug` and `Clone`, but these are intentionally ignored during dead code analysis
   = note: `#[warn(dead_code)]` (part of `#[warn(unused)]`) on by default

warning: `helio-pass-perf-overlay` (lib) generated 5 warnings
warning: `helio-pass-ssao` (lib) generated 1 warning
warning: `helio-pass-taa` (lib) generated 1 warning
warning: `helio-pass-virtual-geometry` (lib) generated 1 warning (run `cargo fix --lib -p helio-pass-virtual-geometry` to apply 1 suggestion)
warning: `helio-pass-gbuffer` (lib) generated 1 warning (run `cargo fix --lib -p helio-pass-gbuffer` to apply 1 suggestion)
warning: `helio-pass-shadow` (lib) generated 1 warning (run `cargo fix --lib -p helio-pass-shadow` to apply 1 suggestion)
warning: `helio-pass-sky` (lib) generated 1 warning
warning: `helio-pass-deferred-light` (lib) generated 5 warnings (run `cargo fix --lib -p helio-pass-deferred-light` to apply 4 suggestions)
warning: `helio-pass-hiz` (lib) generated 1 warning
warning: unused imports: `LightId` and `ObjectId`
  --> crates\helio\src\picking.rs:53:22
   |
53 | use crate::handles::{LightId, MeshId, ObjectId};
   |                      ^^^^^^^          ^^^^^^^^
   |
   = note: `#[warn(unused_imports)]` (part of `#[warn(unused)]`) on by default

warning: unused import: `MeshId`
 --> crates\helio\src\scene\objects\update.rs:8:34
  |
8 | use crate::handles::{MaterialId, MeshId, ObjectId};
  |                                  ^^^^^^

warning: variable does not need to be mutable
   --> crates\helio\src\renderer\renderer_impl.rs:173:13
    |
173 |         let mut renderer = Self {
    |             ----^^^^^^^^
    |             |
    |             help: remove this `mut`
    |
    = note: `#[warn(unused_mut)]` (part of `#[warn(unused)]`) on by default

warning: type `DenseSlotMeta` is more private than the item `DenseArena::slots`
  --> crates\helio\src\arena.rs:41:5
   |
41 |     pub slots: Vec<DenseSlotMeta>,
   |     ^^^^^^^^^^^^^^^^^^^^^^^^^^^^^ field `DenseArena::slots` is reachable at visibility `pub(crate)`
   |
note: but type `DenseSlotMeta` is only usable at visibility `pub(self)`
  --> crates\helio\src\arena.rs:13:1
   |
13 | struct DenseSlotMeta {
   | ^^^^^^^^^^^^^^^^^^^^
   = note: `#[warn(private_interfaces)]` on by default

warning: methods `get_mut_by_slot` and `live_len` are never used
   --> crates\helio\src\arena.rs:245:12
    |
201 | impl<T, H: Handle> SparsePool<T, H> {
    | ----------------------------------- methods in this implementation
...
245 |     pub fn get_mut_by_slot(&mut self, slot_index: usize) -> Option<&mut T> {
    |            ^^^^^^^^^^^^^^^
...
274 |     pub fn live_len(&self) -> usize {
    |            ^^^^^^^^
    |
    = note: `#[warn(dead_code)]` (part of `#[warn(unused)]`) on by default

warning: method `extract_mesh_data` is never used
   --> crates\helio\src\mesh.rs:140:19
    |
 78 | impl MeshPool {
    | ------------- method in this implementation
...
140 |     pub(crate) fn extract_mesh_data(&self, id: MeshId) -> Option<MeshUpload> {
    |                   ^^^^^^^^^^^^^^^^^

warning: method `consume_water_hitboxes_dirty_range` is never used
  --> crates\helio\src\scene\hitbox.rs:97:19
   |
16 | impl Scene {
   | ---------- method in this implementation
...
97 |     pub(crate) fn consume_water_hitboxes_dirty_range(&mut self) -> Option<(usize, usize)> {
   |                   ^^^^^^^^^^^^^^^^^^^^^^^^^^^^^^^^^^

warning: method `insert_light` is never used
  --> crates\helio\src\scene\resources\lights.rs:50:29
   |
14 | impl super::super::Scene {
   | ------------------------ method in this implementation
...
50 |     pub(in crate::scene) fn insert_light(&mut self, light: GpuLight) -> LightId {
   |                             ^^^^^^^^^^^^

warning: field `groups` is never read
   --> crates\helio\src\scene\types.rs:199:9
    |
194 | pub(crate) struct VirtualObjectRecord {
    |                   ------------------- field in this struct
...
199 |     pub groups: GroupMask,
    |         ^^^^^^
    |
    = note: `VirtualObjectRecord` has derived impls for the traits `Clone` and `Debug`, but these are intentionally ignored during dead code analysis

warning: method `consume_water_volumes_dirty_range` is never used
   --> crates\helio\src\scene\water.rs:179:19
    |
 15 | impl Scene {
    | ---------- method in this implementation
...
179 |     pub(crate) fn consume_water_volumes_dirty_range(&mut self) -> Option<(usize, usize)> {
    |                   ^^^^^^^^^^^^^^^^^^^^^^^^^^^^^^^^^

warning: function `unpack_normal` is never used
  --> crates\helio\src\vg.rs:59:4
   |
59 | fn unpack_normal(packed: u32) -> Vec3 {
   |    ^^^^^^^^^^^^^

warning: `helio` (lib) generated 11 warnings (run `cargo fix --lib -p helio` to apply 3 suggestions)
warning: unused import: `std::collections::HashMap`
  --> crates\helio-asset-compat\src\lib.rs:17:5
   |
17 | use std::collections::HashMap;
   |     ^^^^^^^^^^^^^^^^^^^^^^^^^
   |
   = note: `#[warn(unused_imports)]` (part of `#[warn(unused)]`) on by default

warning: struct `AnimationState` is never constructed
  --> crates\helio-asset-compat\src\animation_system.rs:11:12
   |
11 | pub struct AnimationState {
   |            ^^^^^^^^^^^^^^
   |
   = note: `#[warn(dead_code)]` (part of `#[warn(unused)]`) on by default

warning: associated items `new`, `play`, `stop`, `update`, and `get_matrices` are never used
  --> crates\helio-asset-compat\src\animation_system.rs:31:12
   |
29 | impl AnimationState {
   | ------------------- associated items in this implementation
30 |     /// Create a new animation state from a skin and animations
31 |     pub fn new(skin: Skin, animations: Vec<Animation>) -> Self {
   |            ^^^
...
45 |     pub fn play(&mut self, animation_index: usize, looping: bool) {
   |            ^^^^
...
55 |     pub fn stop(&mut self) {
   |            ^^^^
...
60 |     pub fn update(&mut self, delta_time: f32) {
   |            ^^^^^^
...
71 |     pub fn get_matrices(&self) -> &[Mat4] {
   |            ^^^^^^^^^^^^

warning: unused import: `Camera`
  --> crates\helio-wasm\src\runner.rs:18:13
   |
18 | use helio::{Camera, Renderer, RendererConfig};
   |             ^^^^^^
   |
   = note: `#[warn(unused_imports)]` (part of `#[warn(unused)]`) on by default

warning: variable does not need to be mutable
   --> crates\helio-wasm\src\runner.rs:434:9
    |
434 |     let mut runner = WasmRunner::<T>::new();
    |         ----^^^^^^
    |         |
    |         help: remove this `mut`
    |
    = note: `#[warn(unused_mut)]` (part of `#[warn(unused)]`) on by default

warning: field `queue` is never read
  --> crates\helio-wasm\src\runner.rs:78:5
   |
74 | struct RunnerState<T: HelioWasmApp> {
   |        ----------- field in this struct
...
78 |     queue: Arc<wgpu::Queue>,
   |     ^^^^^
   |
   = note: `#[warn(dead_code)]` (part of `#[warn(unused)]`) on by default

warning: `helio-asset-compat` (lib) generated 3 warnings (run `cargo fix --lib -p helio-asset-compat` to apply 1 suggestion)
warning: `helio-wasm` (lib) generated 3 warnings (run `cargo fix --lib -p helio-wasm` to apply 2 suggestions)
   Compiling helio-web-demos v0.1.0 (E:\Documents\GitHub\Helio\crates\helio-web-demos)
warning: unused import: `MeshId`
 --> crates\helio-web-demos\src\common.rs:7:51
  |
7 |     GpuLight, GpuMaterial, LightType, MaterialId, MeshId, MeshUpload, ObjectDescriptor,
  |                                                   ^^^^^^
  |
  = note: `#[warn(unused_imports)]` (part of `#[warn(unused)]`) on by default

warning: unused import: `point_light`
  --> crates\helio-web-demos\src\..\examples-wasm\load_fbx.rs:13:76
   |
13 |     box_mesh, directional_light, insert_object, make_material, plane_mesh, point_light, spot_light,
   |                                                                            ^^^^^^^^^^^

warning: function `point_light` is never used
  --> crates\helio-web-demos\src\common.rs:45:8
   |
45 | pub fn point_light(position: [f32; 3], color: [f32; 3], intensity: f32, range: f32) -> GpuLight {
   |        ^^^^^^^^^^^
   |
   = note: `#[warn(dead_code)]` (part of `#[warn(unused)]`) on by default

warning: function `cube_mesh` is never used
   --> crates\helio-web-demos\src\common.rs:106:8
    |
106 | pub fn cube_mesh(center: [f32; 3], half_extent: f32) -> MeshUpload {
    |        ^^^^^^^^^

warning: `helio-web-demos` (lib) generated 4 warnings (run `cargo fix --lib -p helio-web-demos` to apply 2 suggestions)
    Finished `release` profile [optimized] target(s) in 1.05s
warning: unused variable: `name`
   --> crates\helio-v3\src\profiling\cpu.rs:121:29
    |
121 |     pub fn scope(&mut self, name: &'static str) -> ScopeGuard {
    |                             ^^^^ help: if this is intentional, prefix it with an underscore: `_name`
    |
    = note: `#[warn(unused_variables)]` (part of `#[warn(unused)]`) on by default

warning: field `profiler` is never read
   --> crates\helio-v3\src\context.rs:194:16
    |
165 | pub struct PassContext<'a> {
    |            ----------- field in this struct
...
194 |     pub(crate) profiler: &'a mut Profiler,
    |                ^^^^^^^^
    |
    = note: `#[warn(dead_code)]` (part of `#[warn(unused)]`) on by default

warning: fields `texture` and `name` are never read
  --> crates\helio-v3\src\graph\executor.rs:89:5
   |
87 | struct TransientTexture {
   |        ---------------- fields in this struct
88 |     /// The GPU texture (owned by the graph)
89 |     texture: wgpu::Texture,
   |     ^^^^^^^
...
93 |     name: &'static str,
   |     ^^^^

warning: method `finish` is never used
   --> crates\helio-v3\src\graph\resource.rs:303:19
    |
192 | impl ResourceBuilder {
    | -------------------- method in this implementation
...
303 |     pub(crate) fn finish(self) -> Vec<ResourceDecl> {
    |                   ^^^^^^

warning: hiding a lifetime that's elided elsewhere is confusing
   --> crates\helio-v3\src\profiling\mod.rs:200:18
    |
200 |     pub fn scope(&mut self, name: &'static str) -> ScopeGuard {
    |                  ^^^^^^^^^                         ^^^^^^^^^^ the same lifetime is hidden here
    |                  |
    |                  the lifetime is elided here
    |
    = help: the same lifetime is referred to in inconsistent ways, making the signature confusing
    = note: `#[warn(mismatched_lifetime_syntaxes)]` on by default
help: use `'_` for type paths
    |
200 |     pub fn scope(&mut self, name: &'static str) -> ScopeGuard<'_> {
    |                                                              ++++

warning: hiding a lifetime that's elided elsewhere is confusing
   --> crates\helio-v3\src\profiling\cpu.rs:121:18
    |
121 |     pub fn scope(&mut self, name: &'static str) -> ScopeGuard {
    |                  ^^^^^^^^^                         ^^^^^^^^^^ the same lifetime is hidden here
    |                  |
    |                  the lifetime is elided here
    |
    = help: the same lifetime is referred to in inconsistent ways, making the signature confusing
help: use `'_` for type paths
    |
121 |     pub fn scope(&mut self, name: &'static str) -> ScopeGuard<'_> {
    |                                                              ++++

warning: `helio-v3` (lib) generated 6 warnings (run `cargo fix --lib -p helio-v3` to apply 3 suggestions)
warning: unused variable: `texture_array_count`
   --> crates\helio-pass-gbuffer\src\lib.rs:745:9
    |
745 |     let texture_array_count =
    |         ^^^^^^^^^^^^^^^^^^^ help: if this is intentional, prefix it with an underscore: `_texture_array_count`
    |
    = note: `#[warn(unused_variables)]` (part of `#[warn(unused)]`) on by default

warning: fields `grid_resolution`, `world_bounds_min`, `world_bounds_max`, and `mip_count` are never read
  --> crates\helio-pass-hiz\src\lib.rs:39:5
   |
38 | struct StaticHizMetadata {
   |        ----------------- fields in this struct
39 |     grid_resolution: [u32; 3],
   |     ^^^^^^^^^^^^^^^
40 |     world_bounds_min: [f32; 3],
   |     ^^^^^^^^^^^^^^^^
41 |     world_bounds_max: [f32; 3],
   |     ^^^^^^^^^^^^^^^^
42 |     mip_count: u32,
   |     ^^^^^^^^^
   |
   = note: `StaticHizMetadata` has derived impls for the traits `Debug` and `Clone`, but these are intentionally ignored during dead code analysis
   = note: `#[warn(dead_code)]` (part of `#[warn(unused)]`) on by default

warning: unused variable: `fallback_env_texture`
   --> crates\helio-pass-deferred-light\src\lib.rs:347:14
    |
347 |         let (fallback_env_texture, fallback_env_view) = black_cube_texture(device...
    |              ^^^^^^^^^^^^^^^^^^^^ help: if this is intentional, prefix it with an underscore: `_fallback_env_texture`
    |
    = note: `#[warn(unused_variables)]` (part of `#[warn(unused)]`) on by default

warning: unused variable: `fallback_rc_texture`
   --> crates\helio-pass-deferred-light\src\lib.rs:358:14
    |
358 |         let (fallback_rc_texture, fallback_rc_view) =
    |              ^^^^^^^^^^^^^^^^^^^ help: if this is intentional, prefix it with an underscore: `_fallback_rc_texture`

warning: unused variable: `fallback_caustics_texture`
   --> crates\helio-pass-deferred-light\src\lib.rs:362:14
    |
362 |         let (fallback_caustics_texture, fallback_caustics_view) =
    |              ^^^^^^^^^^^^^^^^^^^^^^^^^ help: if this is intentional, prefix it with an underscore: `_fallback_caustics_texture`

warning: unused variable: `fallback_lightmap_tex`
   --> crates\helio-pass-deferred-light\src\lib.rs:421:14
    |
421 |         let (fallback_lightmap_tex, fallback_lightmap_view) =
    |              ^^^^^^^^^^^^^^^^^^^^^ help: if this is intentional, prefix it with an underscore: `_fallback_lightmap_tex`

warning: field `bgl_0` is never read
  --> crates\helio-pass-deferred-light\src\lib.rs:26:5
   |
22 | pub struct DeferredLightPass {
   |            ----------------- field in this struct
...
26 |     bgl_0: wgpu::BindGroupLayout,
   |     ^^^^^
   |
   = note: `#[warn(dead_code)]` (part of `#[warn(unused)]`) on by default

warning: field `velocity_fallback_texture` is never read
   --> crates\helio-pass-taa\src\lib.rs:131:5
    |
113 | pub struct TaaPass {
    |            ------- field in this struct
...
131 |     velocity_fallback_texture: wgpu::Texture,
    |     ^^^^^^^^^^^^^^^^^^^^^^^^^
    |
    = note: `#[warn(dead_code)]` (part of `#[warn(unused)]`) on by default

warning: fields `width`, `height`, `target_format`, and `pre_aa_tex` are never read
  --> crates\helio-pass-sky\src\lib.rs:82:5
   |
73 | pub struct SkyPass {
   |            ------- fields in this struct
...
82 |     width: u32,
   |     ^^^^^
83 |     height: u32,
   |     ^^^^^^
84 |     target_format: wgpu::TextureFormat,
   |     ^^^^^^^^^^^^^
85 |     /// Owned pre-AA render target —...
86 |     pre_aa_tex: wgpu::Texture,
   |     ^^^^^^^^^^
   |
   = note: `#[warn(dead_code)]` (part of `#[warn(unused)]`) on by default

warning: type `MaterialTimingEntry` is more private than the item `MaterialProfiler::get_timing_table`
   --> crates\helio-pass-perf-overlay\src\lib.rs:553:5
    |
553 |     pub fn get_timing_table(&self) -> &[MaterialTimingEntry] {
    |     ^^^^^^^^^^^^^^^^^^^^^^^^^^^^^^^^^^^^^^^^^^^^^^^^^^^^^^^^ method `MaterialProfiler::get_timing_table` is reachable at visibility `pub`
    |
note: but type `MaterialTimingEntry` is only usable at visibility `pub(crate)`
   --> crates\helio-pass-perf-overlay\src\lib.rs:117:1
    |
117 | struct MaterialTimingEntry {
    | ^^^^^^^^^^^^^^^^^^^^^^^^^^
    = note: `#[warn(private_interfaces)]` on by default

warning: type `MaterialTimingEntry` is more private than the item `PerfOverlayShared::get_material_timings`
   --> crates\helio-pass-perf-overlay\src\lib.rs:902:5
    |
902 |     pub fn get_material_timings(&self) -> &[MaterialTimingEntry] {
    |     ^^^^^^^^^^^^^^^^^^^^^^^^^^^^^^^^^^^^^^^^^^^^^^^^^^^^^^^^^^^^ method `PerfOverlayShared::get_material_timings` is reachable at visibility `pub`
    |
note: but type `MaterialTimingEntry` is only usable at visibility `pub(crate)`
   --> crates\helio-pass-perf-overlay\src\lib.rs:117:1
    |
117 | struct MaterialTimingEntry {
    | ^^^^^^^^^^^^^^^^^^^^^^^^^^

warning: field `color_snapshot_prev` is never read
   --> crates\helio-pass-perf-overlay\src\lib.rs:139:5
    |
129 | pub struct PerfOverlayShared {
    |            ----------------- field in this struct
...
139 |     color_snapshot_prev: wgpu::Texture,
    |     ^^^^^^^^^^^^^^^^^^^
    |
    = note: `#[warn(dead_code)]` (part of `#[warn(unused)]`) on by default

warning: field `test_texture` is never read
   --> crates\helio-pass-perf-overlay\src\lib.rs:204:5
    |
200 | pub struct MaterialProfiler {
    |            ---------------- field in this struct
...
204 |     test_texture: wgpu::Texture,
    |     ^^^^^^^^^^^^

warning: unused `Result` that must be used
   --> crates\helio-pass-perf-overlay\src\lib.rs:501:9
    |
501 |         device.poll(wgpu::PollType::wait_indefinitely());
    |         ^^^^^^^^^^^^^^^^^^^^^^^^^^^^^^^^^^^^^^^^^^^^^^^^
    |
    = note: this `Result` may be an `Err` variant, which should be handled
    = note: `#[warn(unused_must_use)]` (part of `#[warn(unused)]`) on by default
help: use `let _ = ...` to ignore the resulting value
    |
501 |         let _ = device.poll(wgpu::PollType::wait_indefinitely());
    |         +++++++

warning: fields `bgl_2`, `globals_buf`, `sample_kernel_buf`, `noise_texture`, and `noise_sampler` are never read
  --> crates\helio-pass-ssao\src\lib.rs:56:5
   |
50 | pub struct SsaoPass {
   |            -------- fields in this struct
...
56 |     bgl_2: wgpu::BindGroupLayout,
   |     ^^^^^
...
61 |     globals_buf: wgpu::Buffer,
   |     ^^^^^^^^^^^
62 |     ssao_uniform_buf: wgpu::Buffer,
63 |     sample_kernel_buf: wgpu::Buffer,
   |     ^^^^^^^^^^^^^^^^^
64 |     noise_texture: wgpu::Texture,
   |     ^^^^^^^^^^^^^
65 |     noise_sampler: wgpu::Sampler,
   |     ^^^^^^^^^^^^^
   |
   = note: `#[warn(dead_code)]` (part of `#[warn(unused)]`) on by default

warning: unused variable: `count`
   --> crates\helio-pass-virtual-geometry\src\lib.rs:933:9
    |
933 |     let count = NonZeroU32::new(MAX_TEXTURES as u32).expect("non-zero");
    |         ^^^^^ help: if this is intentional, prefix it with an underscore: `_count`
    |
    = note: `#[warn(unused_variables)]` (part of `#[warn(unused)]`) on by default

warning: unused variable: `sm_ptr`
   --> crates\helio-pass-shadow\src\lib.rs:411:13
    |
411 |         let sm_ptr = ctx.scene.shadow_matrices as *const _ as usize;
    |             ^^^^^^ help: if this is intentional, prefix it with an underscore: `_sm_ptr`
    |
    = note: `#[warn(unused_variables)]` (part of `#[warn(unused)]`) on by default

warning: `helio-pass-gbuffer` (lib) generated 1 warning (run `cargo fix --lib -p helio-pass-gbuffer` to apply 1 suggestion)
warning: `helio-pass-hiz` (lib) generated 1 warning
warning: `helio-pass-deferred-light` (lib) generated 5 warnings (run `cargo fix --lib -p helio-pass-deferred-light` to apply 4 suggestions)
warning: `helio-pass-taa` (lib) generated 1 warning
warning: `helio-pass-sky` (lib) generated 1 warning
warning: `helio-pass-perf-overlay` (lib) generated 5 warnings
warning: `helio-pass-ssao` (lib) generated 1 warning
warning: `helio-pass-virtual-geometry` (lib) generated 1 warning (run `cargo fix --lib -p helio-pass-virtual-geometry` to apply 1 suggestion)
warning: `helio-pass-shadow` (lib) generated 1 warning (run `cargo fix --lib -p helio-pass-shadow` to apply 1 suggestion)
warning: unused imports: `LightId` and `ObjectId`
  --> crates\helio\src\picking.rs:53:22
   |
53 | use crate::handles::{LightId, MeshId, ObjectId};
   |                      ^^^^^^^          ^^^^^^^^
   |
   = note: `#[warn(unused_imports)]` (part of `#[warn(unused)]`) on by default

warning: unused import: `MeshId`
 --> crates\helio\src\scene\objects\update.rs:8:34
  |
8 | use crate::handles::{MaterialId, MeshId, ObjectId};
  |                                  ^^^^^^

warning: variable does not need to be mutable
   --> crates\helio\src\renderer\renderer_impl.rs:173:13
    |
173 |         let mut renderer = Self {
    |             ----^^^^^^^^
    |             |
    |             help: remove this `mut`
    |
    = note: `#[warn(unused_mut)]` (part of `#[warn(unused)]`) on by default

warning: type `DenseSlotMeta` is more private than the item `DenseArena::slots`
  --> crates\helio\src\arena.rs:41:5
   |
41 |     pub slots: Vec<DenseSlotMeta>,
   |     ^^^^^^^^^^^^^^^^^^^^^^^^^^^^^ field `DenseArena::slots` is reachable at visibility `pub(crate)`
   |
note: but type `DenseSlotMeta` is only usable at visibility `pub(self)`
  --> crates\helio\src\arena.rs:13:1
   |
13 | struct DenseSlotMeta {
   | ^^^^^^^^^^^^^^^^^^^^
   = note: `#[warn(private_interfaces)]` on by default

warning: methods `get_mut_by_slot` and `live_len` are never used
   --> crates\helio\src\arena.rs:245:12
    |
201 | impl<T, H: Handle> SparsePool<T, H> {
    | ----------------------------------- methods in this implementation
...
245 |     pub fn get_mut_by_slot(&mut self, slot_index: usize) -> Option<&mut T> {
    |            ^^^^^^^^^^^^^^^
...
274 |     pub fn live_len(&self) -> usize {
    |            ^^^^^^^^
    |
    = note: `#[warn(dead_code)]` (part of `#[warn(unused)]`) on by default

warning: method `extract_mesh_data` is never used
   --> crates\helio\src\mesh.rs:140:19
    |
 78 | impl MeshPool {
    | ------------- method in this implementation
...
140 |     pub(crate) fn extract_mesh_data(&self, id: MeshId) -> Option<MeshUpload> {
    |                   ^^^^^^^^^^^^^^^^^

warning: method `consume_water_hitboxes_dirty_range` is never used
  --> crates\helio\src\scene\hitbox.rs:97:19
   |
16 | impl Scene {
   | ---------- method in this implementation
...
97 |     pub(crate) fn consume_water_hitboxes_dirty_range(&mut self) -> Option<(usize, usize)> {
   |                   ^^^^^^^^^^^^^^^^^^^^^^^^^^^^^^^^^^

warning: method `insert_light` is never used
  --> crates\helio\src\scene\resources\lights.rs:50:29
   |
14 | impl super::super::Scene {
   | ------------------------ method in this implementation
...
50 |     pub(in crate::scene) fn insert_light(&mut self, light: GpuLight) -> LightId {
   |                             ^^^^^^^^^^^^

warning: field `groups` is never read
   --> crates\helio\src\scene\types.rs:199:9
    |
194 | pub(crate) struct VirtualObjectRecord {
    |                   ------------------- field in this struct
...
199 |     pub groups: GroupMask,
    |         ^^^^^^
    |
    = note: `VirtualObjectRecord` has derived impls for the traits `Clone` and `Debug`, but these are intentionally ignored during dead code analysis

warning: method `consume_water_volumes_dirty_range` is never used
   --> crates\helio\src\scene\water.rs:179:19
    |
 15 | impl Scene {
    | ---------- method in this implementation
...
179 |     pub(crate) fn consume_water_volumes_dirty_range(&mut self) -> Option<(usize, usize)> {
    |                   ^^^^^^^^^^^^^^^^^^^^^^^^^^^^^^^^^

warning: function `unpack_normal` is never used
  --> crates\helio\src\vg.rs:59:4
   |
59 | fn unpack_normal(packed: u32) -> Vec3 {
   |    ^^^^^^^^^^^^^

warning: `helio` (lib) generated 11 warnings (run `cargo fix --lib -p helio` to apply 3 suggestions)
warning: unused import: `Camera`
  --> crates\helio-wasm\src\runner.rs:18:13
   |
18 | use helio::{Camera, Renderer, RendererConfig};
   |             ^^^^^^
   |
   = note: `#[warn(unused_imports)]` (part of `#[warn(unused)]`) on by default

warning: variable does not need to be mutable
   --> crates\helio-wasm\src\runner.rs:434:9
    |
434 |     let mut runner = WasmRunner::<T>::new();
    |         ----^^^^^^
    |         |
    |         help: remove this `mut`
    |
    = note: `#[warn(unused_mut)]` (part of `#[warn(unused)]`) on by default

warning: field `queue` is never read
  --> crates\helio-wasm\src\runner.rs:78:5
   |
74 | struct RunnerState<T: HelioWasmApp> {
   |        ----------- field in this struct
...
78 |     queue: Arc<wgpu::Queue>,
   |     ^^^^^
   |
   = note: `#[warn(dead_code)]` (part of `#[warn(unused)]`) on by default

warning: unused import: `std::collections::HashMap`
  --> crates\helio-asset-compat\src\lib.rs:17:5
   |
17 | use std::collections::HashMap;
   |     ^^^^^^^^^^^^^^^^^^^^^^^^^
   |
   = note: `#[warn(unused_imports)]` (part of `#[warn(unused)]`) on by default

warning: struct `AnimationState` is never constructed
  --> crates\helio-asset-compat\src\animation_system.rs:11:12
   |
11 | pub struct AnimationState {
   |            ^^^^^^^^^^^^^^
   |
   = note: `#[warn(dead_code)]` (part of `#[warn(unused)]`) on by default

warning: associated items `new`, `play`, `stop`, `update`, and `get_matrices` are never used
  --> crates\helio-asset-compat\src\animation_system.rs:31:12
   |
29 | impl AnimationState {
   | ------------------- associated items in this implementation
30 |     /// Create a new animation state from a skin and animations
31 |     pub fn new(skin: Skin, animations: Vec<Animation>) -> Self {
   |            ^^^
...
45 |     pub fn play(&mut self, animation_index: usize, looping: bool) {
   |            ^^^^
...
55 |     pub fn stop(&mut self) {
   |            ^^^^
...
60 |     pub fn update(&mut self, delta_time: f32) {
   |            ^^^^^^
...
71 |     pub fn get_matrices(&self) -> &[Mat4] {
   |            ^^^^^^^^^^^^

warning: `helio-wasm` (lib) generated 3 warnings (run `cargo fix --lib -p helio-wasm` to apply 2 suggestions)
warning: `helio-asset-compat` (lib) generated 3 warnings (run `cargo fix --lib -p helio-asset-compat` to apply 1 suggestion)
   Compiling helio-web-demos v0.1.0 (E:\Documents\GitHub\Helio\crates\helio-web-demos)
warning: unused import: `MeshId`
 --> crates\helio-web-demos\src\common.rs:7:51
  |
7 |     GpuLight, GpuMaterial, LightType, MaterialId, MeshId, MeshUpload, ObjectDescriptor,
  |                                                   ^^^^^^
  |
  = note: `#[warn(unused_imports)]` (part of `#[warn(unused)]`) on by default

error[E0061]: this method takes 1 argument but 2 arguments were supplied
   --> crates\helio-web-demos\src\..\examples-wasm\load_fbx_embedded.rs:74:34
    |
 74 | ...                   .mesh_material(i, mesh_data)
    |                        ^^^^^^^^^^^^^ - unexpected argument #1 of type `usize`
    |
note: method defined here
   --> E:\Documents\GitHub\Helio\crates\helio-asset-compat\src\lib.rs:191:12
    |
191 |     pub fn mesh_material(
    |            ^^^^^^^^^^^^^
help: remove the extra argument
    |
 74 -                                 .mesh_material(i, mesh_data)
 74 +                                 .mesh_material(mesh_data)
    |

error[E0308]: mismatched types
  --> crates\helio-web-demos\src\..\examples-wasm\load_fbx_embedded.rs:79:37
   |
77 | ...                   let _ = insert_object(
   |                               ------------- arguments to this function are incorrect
78 | ...                       renderer,
79 | ...                       mesh_id,
   |                           ^^^^^^^ expected `SceneActorId`, found `MeshId`
   |
note: function defined here
  --> crates\helio-web-demos\src\common.rs:77:8
   |
77 | pub fn insert_object(
   |        ^^^^^^^^^^^^^
78 |     renderer: &mut Renderer,
79 |     mesh: helio::SceneActorId,
   |     -------------------------
help: try wrapping the expression in `helio::SceneActorId::Mesh`
   |
79 |                                     helio::SceneActorId::Mesh(mesh_id),
   |                                     ++++++++++++++++++++++++++       +

Some errors have detailed explanations: E0061, E0308.
For more information about an error, try `rustc --explain E0061`.
warning: `helio-web-demos` (lib) generated 1 warning
error: could not compile `helio-web-demos` (lib) due to 2 previous errors; 1 warning emitted
warning: unused variable: `name`
   --> crates\helio-v3\src\profiling\cpu.rs:121:29
    |
121 |     pub fn scope(&mut self, name: &'static str) -> ScopeGuard {
    |                             ^^^^ help: if this is intentional, prefix it with an underscore: `_name`
    |
    = note: `#[warn(unused_variables)]` (part of `#[warn(unused)]`) on by default

warning: field `profiler` is never read
   --> crates\helio-v3\src\context.rs:194:16
    |
165 | pub struct PassContext<'a> {
    |            ----------- field in this struct
...
194 |     pub(crate) profiler: &'a mut Profiler,
    |                ^^^^^^^^
    |
    = note: `#[warn(dead_code)]` (part of `#[warn(unused)]`) on by default

warning: fields `texture` and `name` are never read
  --> crates\helio-v3\src\graph\executor.rs:89:5
   |
87 | struct TransientTexture {
   |        ---------------- fields in this struct
88 |     /// The GPU texture (owned by the graph)
89 |     texture: wgpu::Texture,
   |     ^^^^^^^
...
93 |     name: &'static str,
   |     ^^^^

warning: method `finish` is never used
   --> crates\helio-v3\src\graph\resource.rs:303:19
    |
192 | impl ResourceBuilder {
    | -------------------- method in this implementation
...
303 |     pub(crate) fn finish(self) -> Vec<ResourceDecl> {
    |                   ^^^^^^

warning: hiding a lifetime that's elided elsewhere is confusing
   --> crates\helio-v3\src\profiling\mod.rs:200:18
    |
200 |     pub fn scope(&mut self, name: &'static str) -> ScopeGuard {
    |                  ^^^^^^^^^                         ^^^^^^^^^^ the same lifetime is hidden here
    |                  |
    |                  the lifetime is elided here
    |
    = help: the same lifetime is referred to in inconsistent ways, making the signature confusing
    = note: `#[warn(mismatched_lifetime_syntaxes)]` on by default
help: use `'_` for type paths
    |
200 |     pub fn scope(&mut self, name: &'static str) -> ScopeGuard<'_> {
    |                                                              ++++

warning: hiding a lifetime that's elided elsewhere is confusing
   --> crates\helio-v3\src\profiling\cpu.rs:121:18
    |
121 |     pub fn scope(&mut self, name: &'static str) -> ScopeGuard {
    |                  ^^^^^^^^^                         ^^^^^^^^^^ the same lifetime is hidden here
    |                  |
    |                  the lifetime is elided here
    |
    = help: the same lifetime is referred to in inconsistent ways, making the signature confusing
help: use `'_` for type paths
    |
121 |     pub fn scope(&mut self, name: &'static str) -> ScopeGuard<'_> {
    |                                                              ++++

warning: `helio-v3` (lib) generated 6 warnings (run `cargo fix --lib -p helio-v3` to apply 3 suggestions)
warning: field `velocity_fallback_texture` is never read
   --> crates\helio-pass-taa\src\lib.rs:131:5
    |
113 | pub struct TaaPass {
    |            ------- field in this struct
...
131 |     velocity_fallback_texture: wgpu::Texture,
    |     ^^^^^^^^^^^^^^^^^^^^^^^^^
    |
    = note: `#[warn(dead_code)]` (part of `#[warn(unused)]`) on by default

warning: fields `bgl_2`, `globals_buf`, `sample_kernel_buf`, `noise_texture`, and `noise_sampler` are never read
  --> crates\helio-pass-ssao\src\lib.rs:56:5
   |
50 | pub struct SsaoPass {
   |            -------- fields in this struct
...
56 |     bgl_2: wgpu::BindGroupLayout,
   |     ^^^^^
...
61 |     globals_buf: wgpu::Buffer,
   |     ^^^^^^^^^^^
62 |     ssao_uniform_buf: wgpu::Buffer,
63 |     sample_kernel_buf: wgpu::Buffer,
   |     ^^^^^^^^^^^^^^^^^
64 |     noise_texture: wgpu::Texture,
   |     ^^^^^^^^^^^^^
65 |     noise_sampler: wgpu::Sampler,
   |     ^^^^^^^^^^^^^
   |
   = note: `#[warn(dead_code)]` (part of `#[warn(unused)]`) on by default

warning: unused variable: `count`
   --> crates\helio-pass-virtual-geometry\src\lib.rs:933:9
    |
933 |     let count = NonZeroU32::new(MAX_TEXTURES as u32).expect("non-zero");
    |         ^^^^^ help: if this is intentional, prefix it with an underscore: `_count`
    |
    = note: `#[warn(unused_variables)]` (part of `#[warn(unused)]`) on by default

warning: unused variable: `fallback_env_texture`
   --> crates\helio-pass-deferred-light\src\lib.rs:347:14
    |
347 |         let (fallback_env_texture, fallback_env_view) = black_cube_texture(device...
    |              ^^^^^^^^^^^^^^^^^^^^ help: if this is intentional, prefix it with an underscore: `_fallback_env_texture`
    |
    = note: `#[warn(unused_variables)]` (part of `#[warn(unused)]`) on by default

warning: unused variable: `fallback_rc_texture`
   --> crates\helio-pass-deferred-light\src\lib.rs:358:14
    |
358 |         let (fallback_rc_texture, fallback_rc_view) =
    |              ^^^^^^^^^^^^^^^^^^^ help: if this is intentional, prefix it with an underscore: `_fallback_rc_texture`

warning: unused variable: `fallback_caustics_texture`
   --> crates\helio-pass-deferred-light\src\lib.rs:362:14
    |
362 |         let (fallback_caustics_texture, fallback_caustics_view) =
    |              ^^^^^^^^^^^^^^^^^^^^^^^^^ help: if this is intentional, prefix it with an underscore: `_fallback_caustics_texture`

warning: unused variable: `fallback_lightmap_tex`
   --> crates\helio-pass-deferred-light\src\lib.rs:421:14
    |
421 |         let (fallback_lightmap_tex, fallback_lightmap_view) =
    |              ^^^^^^^^^^^^^^^^^^^^^ help: if this is intentional, prefix it with an underscore: `_fallback_lightmap_tex`

warning: field `bgl_0` is never read
  --> crates\helio-pass-deferred-light\src\lib.rs:26:5
   |
22 | pub struct DeferredLightPass {
   |            ----------------- field in this struct
...
26 |     bgl_0: wgpu::BindGroupLayout,
   |     ^^^^^
   |
   = note: `#[warn(dead_code)]` (part of `#[warn(unused)]`) on by default

warning: unused variable: `sm_ptr`
   --> crates\helio-pass-shadow\src\lib.rs:411:13
    |
411 |         let sm_ptr = ctx.scene.shadow_matrices as *const _ as usize;
    |             ^^^^^^ help: if this is intentional, prefix it with an underscore: `_sm_ptr`
    |
    = note: `#[warn(unused_variables)]` (part of `#[warn(unused)]`) on by default

warning: fields `width`, `height`, `target_format`, and `pre_aa_tex` are never read
  --> crates\helio-pass-sky\src\lib.rs:82:5
   |
73 | pub struct SkyPass {
   |            ------- fields in this struct
...
82 |     width: u32,
   |     ^^^^^
83 |     height: u32,
   |     ^^^^^^
84 |     target_format: wgpu::TextureFormat,
   |     ^^^^^^^^^^^^^
85 |     /// Owned pre-AA render target —...
86 |     pre_aa_tex: wgpu::Texture,
   |     ^^^^^^^^^^
   |
   = note: `#[warn(dead_code)]` (part of `#[warn(unused)]`) on by default

warning: unused variable: `texture_array_count`
   --> crates\helio-pass-gbuffer\src\lib.rs:745:9
    |
745 |     let texture_array_count =
    |         ^^^^^^^^^^^^^^^^^^^ help: if this is intentional, prefix it with an underscore: `_texture_array_count`
    |
    = note: `#[warn(unused_variables)]` (part of `#[warn(unused)]`) on by default

warning: fields `grid_resolution`, `world_bounds_min`, `world_bounds_max`, and `mip_count` are never read
  --> crates\helio-pass-hiz\src\lib.rs:39:5
   |
38 | struct StaticHizMetadata {
   |        ----------------- fields in this struct
39 |     grid_resolution: [u32; 3],
   |     ^^^^^^^^^^^^^^^
40 |     world_bounds_min: [f32; 3],
   |     ^^^^^^^^^^^^^^^^
41 |     world_bounds_max: [f32; 3],
   |     ^^^^^^^^^^^^^^^^
42 |     mip_count: u32,
   |     ^^^^^^^^^
   |
   = note: `StaticHizMetadata` has derived impls for the traits `Debug` and `Clone`, but these are intentionally ignored during dead code analysis
   = note: `#[warn(dead_code)]` (part of `#[warn(unused)]`) on by default

warning: type `MaterialTimingEntry` is more private than the item `MaterialProfiler::get_timing_table`
   --> crates\helio-pass-perf-overlay\src\lib.rs:553:5
    |
553 |     pub fn get_timing_table(&self) -> &[MaterialTimingEntry] {
    |     ^^^^^^^^^^^^^^^^^^^^^^^^^^^^^^^^^^^^^^^^^^^^^^^^^^^^^^^^ method `MaterialProfiler::get_timing_table` is reachable at visibility `pub`
    |
note: but type `MaterialTimingEntry` is only usable at visibility `pub(crate)`
   --> crates\helio-pass-perf-overlay\src\lib.rs:117:1
    |
117 | struct MaterialTimingEntry {
    | ^^^^^^^^^^^^^^^^^^^^^^^^^^
    = note: `#[warn(private_interfaces)]` on by default

warning: type `MaterialTimingEntry` is more private than the item `PerfOverlayShared::get_material_timings`
   --> crates\helio-pass-perf-overlay\src\lib.rs:902:5
    |
902 |     pub fn get_material_timings(&self) -> &[MaterialTimingEntry] {
    |     ^^^^^^^^^^^^^^^^^^^^^^^^^^^^^^^^^^^^^^^^^^^^^^^^^^^^^^^^^^^^ method `PerfOverlayShared::get_material_timings` is reachable at visibility `pub`
    |
note: but type `MaterialTimingEntry` is only usable at visibility `pub(crate)`
   --> crates\helio-pass-perf-overlay\src\lib.rs:117:1
    |
117 | struct MaterialTimingEntry {
    | ^^^^^^^^^^^^^^^^^^^^^^^^^^

warning: field `color_snapshot_prev` is never read
   --> crates\helio-pass-perf-overlay\src\lib.rs:139:5
    |
129 | pub struct PerfOverlayShared {
    |            ----------------- field in this struct
...
139 |     color_snapshot_prev: wgpu::Texture,
    |     ^^^^^^^^^^^^^^^^^^^
    |
    = note: `#[warn(dead_code)]` (part of `#[warn(unused)]`) on by default

warning: field `test_texture` is never read
   --> crates\helio-pass-perf-overlay\src\lib.rs:204:5
    |
200 | pub struct MaterialProfiler {
    |            ---------------- field in this struct
...
204 |     test_texture: wgpu::Texture,
    |     ^^^^^^^^^^^^

warning: unused `Result` that must be used
   --> crates\helio-pass-perf-overlay\src\lib.rs:501:9
    |
501 |         device.poll(wgpu::PollType::wait_indefinitely());
    |         ^^^^^^^^^^^^^^^^^^^^^^^^^^^^^^^^^^^^^^^^^^^^^^^^
    |
    = note: this `Result` may be an `Err` variant, which should be handled
    = note: `#[warn(unused_must_use)]` (part of `#[warn(unused)]`) on by default
help: use `let _ = ...` to ignore the resulting value
    |
501 |         let _ = device.poll(wgpu::PollType::wait_indefinitely());
    |         +++++++

warning: `helio-pass-taa` (lib) generated 1 warning
warning: `helio-pass-ssao` (lib) generated 1 warning
warning: `helio-pass-virtual-geometry` (lib) generated 1 warning (run `cargo fix --lib -p helio-pass-virtual-geometry` to apply 1 suggestion)
warning: `helio-pass-deferred-light` (lib) generated 5 warnings (run `cargo fix --lib -p helio-pass-deferred-light` to apply 4 suggestions)
warning: `helio-pass-shadow` (lib) generated 1 warning (run `cargo fix --lib -p helio-pass-shadow` to apply 1 suggestion)
warning: `helio-pass-sky` (lib) generated 1 warning
warning: `helio-pass-gbuffer` (lib) generated 1 warning (run `cargo fix --lib -p helio-pass-gbuffer` to apply 1 suggestion)
warning: `helio-pass-hiz` (lib) generated 1 warning
warning: `helio-pass-perf-overlay` (lib) generated 5 warnings
warning: unused imports: `LightId` and `ObjectId`
  --> crates\helio\src\picking.rs:53:22
   |
53 | use crate::handles::{LightId, MeshId, ObjectId};
   |                      ^^^^^^^          ^^^^^^^^
   |
   = note: `#[warn(unused_imports)]` (part of `#[warn(unused)]`) on by default

warning: unused import: `MeshId`
 --> crates\helio\src\scene\objects\update.rs:8:34
  |
8 | use crate::handles::{MaterialId, MeshId, ObjectId};
  |                                  ^^^^^^

warning: variable does not need to be mutable
   --> crates\helio\src\renderer\renderer_impl.rs:173:13
    |
173 |         let mut renderer = Self {
    |             ----^^^^^^^^
    |             |
    |             help: remove this `mut`
    |
    = note: `#[warn(unused_mut)]` (part of `#[warn(unused)]`) on by default

warning: type `DenseSlotMeta` is more private than the item `DenseArena::slots`
  --> crates\helio\src\arena.rs:41:5
   |
41 |     pub slots: Vec<DenseSlotMeta>,
   |     ^^^^^^^^^^^^^^^^^^^^^^^^^^^^^ field `DenseArena::slots` is reachable at visibility `pub(crate)`
   |
note: but type `DenseSlotMeta` is only usable at visibility `pub(self)`
  --> crates\helio\src\arena.rs:13:1
   |
13 | struct DenseSlotMeta {
   | ^^^^^^^^^^^^^^^^^^^^
   = note: `#[warn(private_interfaces)]` on by default

warning: methods `get_mut_by_slot` and `live_len` are never used
   --> crates\helio\src\arena.rs:245:12
    |
201 | impl<T, H: Handle> SparsePool<T, H> {
    | ----------------------------------- methods in this implementation
...
245 |     pub fn get_mut_by_slot(&mut self, slot_index: usize) -> Option<&mut T> {
    |            ^^^^^^^^^^^^^^^
...
274 |     pub fn live_len(&self) -> usize {
    |            ^^^^^^^^
    |
    = note: `#[warn(dead_code)]` (part of `#[warn(unused)]`) on by default

warning: method `extract_mesh_data` is never used
   --> crates\helio\src\mesh.rs:140:19
    |
 78 | impl MeshPool {
    | ------------- method in this implementation
...
140 |     pub(crate) fn extract_mesh_data(&self, id: MeshId) -> Option<MeshUpload> {
    |                   ^^^^^^^^^^^^^^^^^

warning: method `consume_water_hitboxes_dirty_range` is never used
  --> crates\helio\src\scene\hitbox.rs:97:19
   |
16 | impl Scene {
   | ---------- method in this implementation
...
97 |     pub(crate) fn consume_water_hitboxes_dirty_range(&mut self) -> Option<(usize, usize)> {
   |                   ^^^^^^^^^^^^^^^^^^^^^^^^^^^^^^^^^^

warning: method `insert_light` is never used
  --> crates\helio\src\scene\resources\lights.rs:50:29
   |
14 | impl super::super::Scene {
   | ------------------------ method in this implementation
...
50 |     pub(in crate::scene) fn insert_light(&mut self, light: GpuLight) -> LightId {
   |                             ^^^^^^^^^^^^

warning: field `groups` is never read
   --> crates\helio\src\scene\types.rs:199:9
    |
194 | pub(crate) struct VirtualObjectRecord {
    |                   ------------------- field in this struct
...
199 |     pub groups: GroupMask,
    |         ^^^^^^
    |
    = note: `VirtualObjectRecord` has derived impls for the traits `Clone` and `Debug`, but these are intentionally ignored during dead code analysis

warning: method `consume_water_volumes_dirty_range` is never used
   --> crates\helio\src\scene\water.rs:179:19
    |
 15 | impl Scene {
    | ---------- method in this implementation
...
179 |     pub(crate) fn consume_water_volumes_dirty_range(&mut self) -> Option<(usize, usize)> {
    |                   ^^^^^^^^^^^^^^^^^^^^^^^^^^^^^^^^^

warning: function `unpack_normal` is never used
  --> crates\helio\src\vg.rs:59:4
   |
59 | fn unpack_normal(packed: u32) -> Vec3 {
   |    ^^^^^^^^^^^^^

warning: `helio` (lib) generated 11 warnings (run `cargo fix --lib -p helio` to apply 3 suggestions)
warning: unused import: `std::collections::HashMap`
  --> crates\helio-asset-compat\src\lib.rs:17:5
   |
17 | use std::collections::HashMap;
   |     ^^^^^^^^^^^^^^^^^^^^^^^^^
   |
   = note: `#[warn(unused_imports)]` (part of `#[warn(unused)]`) on by default

warning: struct `AnimationState` is never constructed
  --> crates\helio-asset-compat\src\animation_system.rs:11:12
   |
11 | pub struct AnimationState {
   |            ^^^^^^^^^^^^^^
   |
   = note: `#[warn(dead_code)]` (part of `#[warn(unused)]`) on by default

warning: associated items `new`, `play`, `stop`, `update`, and `get_matrices` are never used
  --> crates\helio-asset-compat\src\animation_system.rs:31:12
   |
29 | impl AnimationState {
   | ------------------- associated items in this implementation
30 |     /// Create a new animation state from a skin and animations
31 |     pub fn new(skin: Skin, animations: Vec<Animation>) -> Self {
   |            ^^^
...
45 |     pub fn play(&mut self, animation_index: usize, looping: bool) {
   |            ^^^^
...
55 |     pub fn stop(&mut self) {
   |            ^^^^
...
60 |     pub fn update(&mut self, delta_time: f32) {
   |            ^^^^^^
...
71 |     pub fn get_matrices(&self) -> &[Mat4] {
   |            ^^^^^^^^^^^^

warning: unused import: `Camera`
  --> crates\helio-wasm\src\runner.rs:18:13
   |
18 | use helio::{Camera, Renderer, RendererConfig};
   |             ^^^^^^
   |
   = note: `#[warn(unused_imports)]` (part of `#[warn(unused)]`) on by default

warning: variable does not need to be mutable
   --> crates\helio-wasm\src\runner.rs:434:9
    |
434 |     let mut runner = WasmRunner::<T>::new();
    |         ----^^^^^^
    |         |
    |         help: remove this `mut`
    |
    = note: `#[warn(unused_mut)]` (part of `#[warn(unused)]`) on by default

warning: field `queue` is never read
  --> crates\helio-wasm\src\runner.rs:78:5
   |
74 | struct RunnerState<T: HelioWasmApp> {
   |        ----------- field in this struct
...
78 |     queue: Arc<wgpu::Queue>,
   |     ^^^^^
   |
   = note: `#[warn(dead_code)]` (part of `#[warn(unused)]`) on by default

warning: `helio-asset-compat` (lib) generated 3 warnings (run `cargo fix --lib -p helio-asset-compat` to apply 1 suggestion)
warning: `helio-wasm` (lib) generated 3 warnings (run `cargo fix --lib -p helio-wasm` to apply 2 suggestions)
   Compiling helio-web-demos v0.1.0 (E:\Documents\GitHub\Helio\crates\helio-web-demos)
error: unexpected closing delimiter: `)`
   --> crates\helio-web-demos\src\..\examples-wasm\ship_flight.rs:321:11
    |
222 | impl HelioWasmApp for Demo {
    |                            - the nearest open delimiter
...
292 |             Err(e) => {
    |                       - the nearest open delimiter
...
300 |                 )));
    |                   - missing open `(` for this delimiter
...
314 |         )));
    |           - missing open `(` for this delimiter
...
321 |         )));
    |           ^ unexpected closing delimiter

error: could not compile `helio-web-demos` (lib) due to 1 previous error
warning: unused variable: `name`
   --> crates\helio-v3\src\profiling\cpu.rs:121:29
    |
121 |     pub fn scope(&mut self, name: &'static str) -> ScopeGuard {
    |                             ^^^^ help: if this is intentional, prefix it with an underscore: `_name`
    |
    = note: `#[warn(unused_variables)]` (part of `#[warn(unused)]`) on by default

warning: field `profiler` is never read
   --> crates\helio-v3\src\context.rs:194:16
    |
165 | pub struct PassContext<'a> {
    |            ----------- field in this struct
...
194 |     pub(crate) profiler: &'a mut Profiler,
    |                ^^^^^^^^
    |
    = note: `#[warn(dead_code)]` (part of `#[warn(unused)]`) on by default

warning: fields `texture` and `name` are never read
  --> crates\helio-v3\src\graph\executor.rs:89:5
   |
87 | struct TransientTexture {
   |        ---------------- fields in this struct
88 |     /// The GPU texture (owned by the graph)
89 |     texture: wgpu::Texture,
   |     ^^^^^^^
...
93 |     name: &'static str,
   |     ^^^^

warning: method `finish` is never used
   --> crates\helio-v3\src\graph\resource.rs:303:19
    |
192 | impl ResourceBuilder {
    | -------------------- method in this implementation
...
303 |     pub(crate) fn finish(self) -> Vec<ResourceDecl> {
    |                   ^^^^^^

warning: hiding a lifetime that's elided elsewhere is confusing
   --> crates\helio-v3\src\profiling\mod.rs:200:18
    |
200 |     pub fn scope(&mut self, name: &'static str) -> ScopeGuard {
    |                  ^^^^^^^^^                         ^^^^^^^^^^ the same lifetime is hidden here
    |                  |
    |                  the lifetime is elided here
    |
    = help: the same lifetime is referred to in inconsistent ways, making the signature confusing
    = note: `#[warn(mismatched_lifetime_syntaxes)]` on by default
help: use `'_` for type paths
    |
200 |     pub fn scope(&mut self, name: &'static str) -> ScopeGuard<'_> {
    |                                                              ++++

warning: hiding a lifetime that's elided elsewhere is confusing
   --> crates\helio-v3\src\profiling\cpu.rs:121:18
    |
121 |     pub fn scope(&mut self, name: &'static str) -> ScopeGuard {
    |                  ^^^^^^^^^                         ^^^^^^^^^^ the same lifetime is hidden here
    |                  |
    |                  the lifetime is elided here
    |
    = help: the same lifetime is referred to in inconsistent ways, making the signature confusing
help: use `'_` for type paths
    |
121 |     pub fn scope(&mut self, name: &'static str) -> ScopeGuard<'_> {
    |                                                              ++++

warning: `helio-v3` (lib) generated 6 warnings (run `cargo fix --lib -p helio-v3` to apply 3 suggestions)
warning: fields `grid_resolution`, `world_bounds_min`, `world_bounds_max`, and `mip_count` are never read
  --> crates\helio-pass-hiz\src\lib.rs:39:5
   |
38 | struct StaticHizMetadata {
   |        ----------------- fields in this struct
39 |     grid_resolution: [u32; 3],
   |     ^^^^^^^^^^^^^^^
40 |     world_bounds_min: [f32; 3],
   |     ^^^^^^^^^^^^^^^^
41 |     world_bounds_max: [f32; 3],
   |     ^^^^^^^^^^^^^^^^
42 |     mip_count: u32,
   |     ^^^^^^^^^
   |
   = note: `StaticHizMetadata` has derived impls for the traits `Debug` and `Clone`, but these are intentionally ignored during dead code analysis
   = note: `#[warn(dead_code)]` (part of `#[warn(unused)]`) on by default

warning: fields `width`, `height`, `target_format`, and `pre_aa_tex` are never read
  --> crates\helio-pass-sky\src\lib.rs:82:5
   |
73 | pub struct SkyPass {
   |            ------- fields in this struct
...
82 |     width: u32,
   |     ^^^^^
83 |     height: u32,
   |     ^^^^^^
84 |     target_format: wgpu::TextureFormat,
   |     ^^^^^^^^^^^^^
85 |     /// Owned pre-AA render target —...
86 |     pre_aa_tex: wgpu::Texture,
   |     ^^^^^^^^^^
   |
   = note: `#[warn(dead_code)]` (part of `#[warn(unused)]`) on by default

warning: field `velocity_fallback_texture` is never read
   --> crates\helio-pass-taa\src\lib.rs:131:5
    |
113 | pub struct TaaPass {
    |            ------- field in this struct
...
131 |     velocity_fallback_texture: wgpu::Texture,
    |     ^^^^^^^^^^^^^^^^^^^^^^^^^
    |
    = note: `#[warn(dead_code)]` (part of `#[warn(unused)]`) on by default

warning: type `MaterialTimingEntry` is more private than the item `MaterialProfiler::get_timing_table`
   --> crates\helio-pass-perf-overlay\src\lib.rs:553:5
    |
553 |     pub fn get_timing_table(&self) -> &[MaterialTimingEntry] {
    |     ^^^^^^^^^^^^^^^^^^^^^^^^^^^^^^^^^^^^^^^^^^^^^^^^^^^^^^^^ method `MaterialProfiler::get_timing_table` is reachable at visibility `pub`
    |
note: but type `MaterialTimingEntry` is only usable at visibility `pub(crate)`
   --> crates\helio-pass-perf-overlay\src\lib.rs:117:1
    |
117 | struct MaterialTimingEntry {
    | ^^^^^^^^^^^^^^^^^^^^^^^^^^
    = note: `#[warn(private_interfaces)]` on by default

warning: type `MaterialTimingEntry` is more private than the item `PerfOverlayShared::get_material_timings`
   --> crates\helio-pass-perf-overlay\src\lib.rs:902:5
    |
902 |     pub fn get_material_timings(&self) -> &[MaterialTimingEntry] {
    |     ^^^^^^^^^^^^^^^^^^^^^^^^^^^^^^^^^^^^^^^^^^^^^^^^^^^^^^^^^^^^ method `PerfOverlayShared::get_material_timings` is reachable at visibility `pub`
    |
note: but type `MaterialTimingEntry` is only usable at visibility `pub(crate)`
   --> crates\helio-pass-perf-overlay\src\lib.rs:117:1
    |
117 | struct MaterialTimingEntry {
    | ^^^^^^^^^^^^^^^^^^^^^^^^^^

warning: field `color_snapshot_prev` is never read
   --> crates\helio-pass-perf-overlay\src\lib.rs:139:5
    |
129 | pub struct PerfOverlayShared {
    |            ----------------- field in this struct
...
139 |     color_snapshot_prev: wgpu::Texture,
    |     ^^^^^^^^^^^^^^^^^^^
    |
    = note: `#[warn(dead_code)]` (part of `#[warn(unused)]`) on by default

warning: field `test_texture` is never read
   --> crates\helio-pass-perf-overlay\src\lib.rs:204:5
    |
200 | pub struct MaterialProfiler {
    |            ---------------- field in this struct
...
204 |     test_texture: wgpu::Texture,
    |     ^^^^^^^^^^^^

warning: unused `Result` that must be used
   --> crates\helio-pass-perf-overlay\src\lib.rs:501:9
    |
501 |         device.poll(wgpu::PollType::wait_indefinitely());
    |         ^^^^^^^^^^^^^^^^^^^^^^^^^^^^^^^^^^^^^^^^^^^^^^^^
    |
    = note: this `Result` may be an `Err` variant, which should be handled
    = note: `#[warn(unused_must_use)]` (part of `#[warn(unused)]`) on by default
help: use `let _ = ...` to ignore the resulting value
    |
501 |         let _ = device.poll(wgpu::PollType::wait_indefinitely());
    |         +++++++

warning: unused variable: `count`
   --> crates\helio-pass-virtual-geometry\src\lib.rs:933:9
    |
933 |     let count = NonZeroU32::new(MAX_TEXTURES as u32).expect("non-zero");
    |         ^^^^^ help: if this is intentional, prefix it with an underscore: `_count`
    |
    = note: `#[warn(unused_variables)]` (part of `#[warn(unused)]`) on by default

warning: unused variable: `texture_array_count`
   --> crates\helio-pass-gbuffer\src\lib.rs:745:9
    |
745 |     let texture_array_count =
    |         ^^^^^^^^^^^^^^^^^^^ help: if this is intentional, prefix it with an underscore: `_texture_array_count`
    |
    = note: `#[warn(unused_variables)]` (part of `#[warn(unused)]`) on by default

warning: unused variable: `fallback_env_texture`
   --> crates\helio-pass-deferred-light\src\lib.rs:347:14
    |
347 |         let (fallback_env_texture, fallback_env_view) = black_cube_texture(device...
    |              ^^^^^^^^^^^^^^^^^^^^ help: if this is intentional, prefix it with an underscore: `_fallback_env_texture`
    |
    = note: `#[warn(unused_variables)]` (part of `#[warn(unused)]`) on by default

warning: unused variable: `fallback_rc_texture`
   --> crates\helio-pass-deferred-light\src\lib.rs:358:14
    |
358 |         let (fallback_rc_texture, fallback_rc_view) =
    |              ^^^^^^^^^^^^^^^^^^^ help: if this is intentional, prefix it with an underscore: `_fallback_rc_texture`

warning: unused variable: `fallback_caustics_texture`
   --> crates\helio-pass-deferred-light\src\lib.rs:362:14
    |
362 |         let (fallback_caustics_texture, fallback_caustics_view) =
    |              ^^^^^^^^^^^^^^^^^^^^^^^^^ help: if this is intentional, prefix it with an underscore: `_fallback_caustics_texture`

warning: unused variable: `fallback_lightmap_tex`
   --> crates\helio-pass-deferred-light\src\lib.rs:421:14
    |
421 |         let (fallback_lightmap_tex, fallback_lightmap_view) =
    |              ^^^^^^^^^^^^^^^^^^^^^ help: if this is intentional, prefix it with an underscore: `_fallback_lightmap_tex`

warning: field `bgl_0` is never read
  --> crates\helio-pass-deferred-light\src\lib.rs:26:5
   |
22 | pub struct DeferredLightPass {
   |            ----------------- field in this struct
...
26 |     bgl_0: wgpu::BindGroupLayout,
   |     ^^^^^
   |
   = note: `#[warn(dead_code)]` (part of `#[warn(unused)]`) on by default

warning: fields `bgl_2`, `globals_buf`, `sample_kernel_buf`, `noise_texture`, and `noise_sampler` are never read
  --> crates\helio-pass-ssao\src\lib.rs:56:5
   |
50 | pub struct SsaoPass {
   |            -------- fields in this struct
...
56 |     bgl_2: wgpu::BindGroupLayout,
   |     ^^^^^
...
61 |     globals_buf: wgpu::Buffer,
   |     ^^^^^^^^^^^
62 |     ssao_uniform_buf: wgpu::Buffer,
63 |     sample_kernel_buf: wgpu::Buffer,
   |     ^^^^^^^^^^^^^^^^^
64 |     noise_texture: wgpu::Texture,
   |     ^^^^^^^^^^^^^
65 |     noise_sampler: wgpu::Sampler,
   |     ^^^^^^^^^^^^^
   |
   = note: `#[warn(dead_code)]` (part of `#[warn(unused)]`) on by default

warning: unused variable: `sm_ptr`
   --> crates\helio-pass-shadow\src\lib.rs:411:13
    |
411 |         let sm_ptr = ctx.scene.shadow_matrices as *const _ as usize;
    |             ^^^^^^ help: if this is intentional, prefix it with an underscore: `_sm_ptr`
    |
    = note: `#[warn(unused_variables)]` (part of `#[warn(unused)]`) on by default

warning: `helio-pass-hiz` (lib) generated 1 warning
warning: `helio-pass-sky` (lib) generated 1 warning
warning: `helio-pass-taa` (lib) generated 1 warning
warning: `helio-pass-perf-overlay` (lib) generated 5 warnings
warning: `helio-pass-virtual-geometry` (lib) generated 1 warning (run `cargo fix --lib -p helio-pass-virtual-geometry` to apply 1 suggestion)
warning: `helio-pass-gbuffer` (lib) generated 1 warning (run `cargo fix --lib -p helio-pass-gbuffer` to apply 1 suggestion)
warning: `helio-pass-deferred-light` (lib) generated 5 warnings (run `cargo fix --lib -p helio-pass-deferred-light` to apply 4 suggestions)
warning: `helio-pass-ssao` (lib) generated 1 warning
warning: `helio-pass-shadow` (lib) generated 1 warning (run `cargo fix --lib -p helio-pass-shadow` to apply 1 suggestion)
warning: unused imports: `LightId` and `ObjectId`
  --> crates\helio\src\picking.rs:53:22
   |
53 | use crate::handles::{LightId, MeshId, ObjectId};
   |                      ^^^^^^^          ^^^^^^^^
   |
   = note: `#[warn(unused_imports)]` (part of `#[warn(unused)]`) on by default

warning: unused import: `MeshId`
 --> crates\helio\src\scene\objects\update.rs:8:34
  |
8 | use crate::handles::{MaterialId, MeshId, ObjectId};
  |                                  ^^^^^^

warning: variable does not need to be mutable
   --> crates\helio\src\renderer\renderer_impl.rs:173:13
    |
173 |         let mut renderer = Self {
    |             ----^^^^^^^^
    |             |
    |             help: remove this `mut`
    |
    = note: `#[warn(unused_mut)]` (part of `#[warn(unused)]`) on by default

warning: type `DenseSlotMeta` is more private than the item `DenseArena::slots`
  --> crates\helio\src\arena.rs:41:5
   |
41 |     pub slots: Vec<DenseSlotMeta>,
   |     ^^^^^^^^^^^^^^^^^^^^^^^^^^^^^ field `DenseArena::slots` is reachable at visibility `pub(crate)`
   |
note: but type `DenseSlotMeta` is only usable at visibility `pub(self)`
  --> crates\helio\src\arena.rs:13:1
   |
13 | struct DenseSlotMeta {
   | ^^^^^^^^^^^^^^^^^^^^
   = note: `#[warn(private_interfaces)]` on by default

warning: methods `get_mut_by_slot` and `live_len` are never used
   --> crates\helio\src\arena.rs:245:12
    |
201 | impl<T, H: Handle> SparsePool<T, H> {
    | ----------------------------------- methods in this implementation
...
245 |     pub fn get_mut_by_slot(&mut self, slot_index: usize) -> Option<&mut T> {
    |            ^^^^^^^^^^^^^^^
...
274 |     pub fn live_len(&self) -> usize {
    |            ^^^^^^^^
    |
    = note: `#[warn(dead_code)]` (part of `#[warn(unused)]`) on by default

warning: method `extract_mesh_data` is never used
   --> crates\helio\src\mesh.rs:140:19
    |
 78 | impl MeshPool {
    | ------------- method in this implementation
...
140 |     pub(crate) fn extract_mesh_data(&self, id: MeshId) -> Option<MeshUpload> {
    |                   ^^^^^^^^^^^^^^^^^

warning: method `consume_water_hitboxes_dirty_range` is never used
  --> crates\helio\src\scene\hitbox.rs:97:19
   |
16 | impl Scene {
   | ---------- method in this implementation
...
97 |     pub(crate) fn consume_water_hitboxes_dirty_range(&mut self) -> Option<(usize, usize)> {
   |                   ^^^^^^^^^^^^^^^^^^^^^^^^^^^^^^^^^^

warning: method `insert_light` is never used
  --> crates\helio\src\scene\resources\lights.rs:50:29
   |
14 | impl super::super::Scene {
   | ------------------------ method in this implementation
...
50 |     pub(in crate::scene) fn insert_light(&mut self, light: GpuLight) -> LightId {
   |                             ^^^^^^^^^^^^

warning: field `groups` is never read
   --> crates\helio\src\scene\types.rs:199:9
    |
194 | pub(crate) struct VirtualObjectRecord {
    |                   ------------------- field in this struct
...
199 |     pub groups: GroupMask,
    |         ^^^^^^
    |
    = note: `VirtualObjectRecord` has derived impls for the traits `Clone` and `Debug`, but these are intentionally ignored during dead code analysis

warning: method `consume_water_volumes_dirty_range` is never used
   --> crates\helio\src\scene\water.rs:179:19
    |
 15 | impl Scene {
    | ---------- method in this implementation
...
179 |     pub(crate) fn consume_water_volumes_dirty_range(&mut self) -> Option<(usize, usize)> {
    |                   ^^^^^^^^^^^^^^^^^^^^^^^^^^^^^^^^^

warning: function `unpack_normal` is never used
  --> crates\helio\src\vg.rs:59:4
   |
59 | fn unpack_normal(packed: u32) -> Vec3 {
   |    ^^^^^^^^^^^^^

warning: `helio` (lib) generated 11 warnings (run `cargo fix --lib -p helio` to apply 3 suggestions)
warning: unused import: `std::collections::HashMap`
  --> crates\helio-asset-compat\src\lib.rs:17:5
   |
17 | use std::collections::HashMap;
   |     ^^^^^^^^^^^^^^^^^^^^^^^^^
   |
   = note: `#[warn(unused_imports)]` (part of `#[warn(unused)]`) on by default

warning: struct `AnimationState` is never constructed
  --> crates\helio-asset-compat\src\animation_system.rs:11:12
   |
11 | pub struct AnimationState {
   |            ^^^^^^^^^^^^^^
   |
   = note: `#[warn(dead_code)]` (part of `#[warn(unused)]`) on by default

warning: associated items `new`, `play`, `stop`, `update`, and `get_matrices` are never used
  --> crates\helio-asset-compat\src\animation_system.rs:31:12
   |
29 | impl AnimationState {
   | ------------------- associated items in this implementation
30 |     /// Create a new animation state from a skin and animations
31 |     pub fn new(skin: Skin, animations: Vec<Animation>) -> Self {
   |            ^^^
...
45 |     pub fn play(&mut self, animation_index: usize, looping: bool) {
   |            ^^^^
...
55 |     pub fn stop(&mut self) {
   |            ^^^^
...
60 |     pub fn update(&mut self, delta_time: f32) {
   |            ^^^^^^
...
71 |     pub fn get_matrices(&self) -> &[Mat4] {
   |            ^^^^^^^^^^^^

warning: unused import: `Camera`
  --> crates\helio-wasm\src\runner.rs:18:13
   |
18 | use helio::{Camera, Renderer, RendererConfig};
   |             ^^^^^^
   |
   = note: `#[warn(unused_imports)]` (part of `#[warn(unused)]`) on by default

warning: variable does not need to be mutable
   --> crates\helio-wasm\src\runner.rs:434:9
    |
434 |     let mut runner = WasmRunner::<T>::new();
    |         ----^^^^^^
    |         |
    |         help: remove this `mut`
    |
    = note: `#[warn(unused_mut)]` (part of `#[warn(unused)]`) on by default

warning: field `queue` is never read
  --> crates\helio-wasm\src\runner.rs:78:5
   |
74 | struct RunnerState<T: HelioWasmApp> {
   |        ----------- field in this struct
...
78 |     queue: Arc<wgpu::Queue>,
   |     ^^^^^
   |
   = note: `#[warn(dead_code)]` (part of `#[warn(unused)]`) on by default

warning: `helio-asset-compat` (lib) generated 3 warnings (run `cargo fix --lib -p helio-asset-compat` to apply 1 suggestion)
warning: `helio-wasm` (lib) generated 3 warnings (run `cargo fix --lib -p helio-wasm` to apply 2 suggestions)
   Compiling helio-web-demos v0.1.0 (E:\Documents\GitHub\Helio\crates\helio-web-demos)
warning: unused import: `MeshId`
 --> crates\helio-web-demos\src\common.rs:7:51
  |
7 |     GpuLight, GpuMaterial, LightType, MaterialId, MeshId, MeshUpload, ObjectDescriptor,
  |                                                   ^^^^^^
  |
  = note: `#[warn(unused_imports)]` (part of `#[warn(unused)]`) on by default

warning: function `spot_light` is never used
  --> crates\helio-web-demos\src\common.rs:57:8
   |
57 | pub fn spot_light(
   |        ^^^^^^^^^^
   |
   = note: `#[warn(dead_code)]` (part of `#[warn(unused)]`) on by default

warning: function `plane_mesh` is never used
   --> crates\helio-web-demos\src\common.rs:150:8
    |
150 | pub fn plane_mesh(center: [f32; 3], half_extent: f32) -> MeshUpload {
    |        ^^^^^^^^^^

warning: `helio-web-demos` (lib) generated 3 warnings (run `cargo fix --lib -p helio-web-demos` to apply 1 suggestion)
    Finished `release` profile [optimized] target(s) in 0.99s
warning: unused variable: `name`
   --> crates\helio-v3\src\profiling\cpu.rs:121:29
    |
121 |     pub fn scope(&mut self, name: &'static str) -> ScopeGuard {
    |                             ^^^^ help: if this is intentional, prefix it with an underscore: `_name`
    |
    = note: `#[warn(unused_variables)]` (part of `#[warn(unused)]`) on by default

warning: field `profiler` is never read
   --> crates\helio-v3\src\context.rs:194:16
    |
165 | pub struct PassContext<'a> {
    |            ----------- field in this struct
...
194 |     pub(crate) profiler: &'a mut Profiler,
    |                ^^^^^^^^
    |
    = note: `#[warn(dead_code)]` (part of `#[warn(unused)]`) on by default

warning: fields `texture` and `name` are never read
  --> crates\helio-v3\src\graph\executor.rs:89:5
   |
87 | struct TransientTexture {
   |        ---------------- fields in this struct
88 |     /// The GPU texture (owned by the graph)
89 |     texture: wgpu::Texture,
   |     ^^^^^^^
...
93 |     name: &'static str,
   |     ^^^^

warning: method `finish` is never used
   --> crates\helio-v3\src\graph\resource.rs:303:19
    |
192 | impl ResourceBuilder {
    | -------------------- method in this implementation
...
303 |     pub(crate) fn finish(self) -> Vec<ResourceDecl> {
    |                   ^^^^^^

warning: hiding a lifetime that's elided elsewhere is confusing
   --> crates\helio-v3\src\profiling\mod.rs:200:18
    |
200 |     pub fn scope(&mut self, name: &'static str) -> ScopeGuard {
    |                  ^^^^^^^^^                         ^^^^^^^^^^ the same lifetime is hidden here
    |                  |
    |                  the lifetime is elided here
    |
    = help: the same lifetime is referred to in inconsistent ways, making the signature confusing
    = note: `#[warn(mismatched_lifetime_syntaxes)]` on by default
help: use `'_` for type paths
    |
200 |     pub fn scope(&mut self, name: &'static str) -> ScopeGuard<'_> {
    |                                                              ++++

warning: hiding a lifetime that's elided elsewhere is confusing
   --> crates\helio-v3\src\profiling\cpu.rs:121:18
    |
121 |     pub fn scope(&mut self, name: &'static str) -> ScopeGuard {
    |                  ^^^^^^^^^                         ^^^^^^^^^^ the same lifetime is hidden here
    |                  |
    |                  the lifetime is elided here
    |
    = help: the same lifetime is referred to in inconsistent ways, making the signature confusing
help: use `'_` for type paths
    |
121 |     pub fn scope(&mut self, name: &'static str) -> ScopeGuard<'_> {
    |                                                              ++++

warning: `helio-v3` (lib) generated 6 warnings (run `cargo fix --lib -p helio-v3` to apply 3 suggestions)
warning: fields `width`, `height`, `target_format`, and `pre_aa_tex` are never read
  --> crates\helio-pass-sky\src\lib.rs:82:5
   |
73 | pub struct SkyPass {
   |            ------- fields in this struct
...
82 |     width: u32,
   |     ^^^^^
83 |     height: u32,
   |     ^^^^^^
84 |     target_format: wgpu::TextureFormat,
   |     ^^^^^^^^^^^^^
85 |     /// Owned pre-AA render target —...
86 |     pre_aa_tex: wgpu::Texture,
   |     ^^^^^^^^^^
   |
   = note: `#[warn(dead_code)]` (part of `#[warn(unused)]`) on by default

warning: unused variable: `sm_ptr`
   --> crates\helio-pass-shadow\src\lib.rs:411:13
    |
411 |         let sm_ptr = ctx.scene.shadow_matrices as *const _ as usize;
    |             ^^^^^^ help: if this is intentional, prefix it with an underscore: `_sm_ptr`
    |
    = note: `#[warn(unused_variables)]` (part of `#[warn(unused)]`) on by default

warning: unused variable: `texture_array_count`
   --> crates\helio-pass-gbuffer\src\lib.rs:745:9
    |
745 |     let texture_array_count =
    |         ^^^^^^^^^^^^^^^^^^^ help: if this is intentional, prefix it with an underscore: `_texture_array_count`
    |
    = note: `#[warn(unused_variables)]` (part of `#[warn(unused)]`) on by default

warning: type `MaterialTimingEntry` is more private than the item `MaterialProfiler::get_timing_table`
   --> crates\helio-pass-perf-overlay\src\lib.rs:553:5
    |
553 |     pub fn get_timing_table(&self) -> &[MaterialTimingEntry] {
    |     ^^^^^^^^^^^^^^^^^^^^^^^^^^^^^^^^^^^^^^^^^^^^^^^^^^^^^^^^ method `MaterialProfiler::get_timing_table` is reachable at visibility `pub`
    |
note: but type `MaterialTimingEntry` is only usable at visibility `pub(crate)`
   --> crates\helio-pass-perf-overlay\src\lib.rs:117:1
    |
117 | struct MaterialTimingEntry {
    | ^^^^^^^^^^^^^^^^^^^^^^^^^^
    = note: `#[warn(private_interfaces)]` on by default

warning: type `MaterialTimingEntry` is more private than the item `PerfOverlayShared::get_material_timings`
   --> crates\helio-pass-perf-overlay\src\lib.rs:902:5
    |
902 |     pub fn get_material_timings(&self) -> &[MaterialTimingEntry] {
    |     ^^^^^^^^^^^^^^^^^^^^^^^^^^^^^^^^^^^^^^^^^^^^^^^^^^^^^^^^^^^^ method `PerfOverlayShared::get_material_timings` is reachable at visibility `pub`
    |
note: but type `MaterialTimingEntry` is only usable at visibility `pub(crate)`
   --> crates\helio-pass-perf-overlay\src\lib.rs:117:1
    |
117 | struct MaterialTimingEntry {
    | ^^^^^^^^^^^^^^^^^^^^^^^^^^

warning: field `color_snapshot_prev` is never read
   --> crates\helio-pass-perf-overlay\src\lib.rs:139:5
    |
129 | pub struct PerfOverlayShared {
    |            ----------------- field in this struct
...
139 |     color_snapshot_prev: wgpu::Texture,
    |     ^^^^^^^^^^^^^^^^^^^
    |
    = note: `#[warn(dead_code)]` (part of `#[warn(unused)]`) on by default

warning: field `test_texture` is never read
   --> crates\helio-pass-perf-overlay\src\lib.rs:204:5
    |
200 | pub struct MaterialProfiler {
    |            ---------------- field in this struct
...
204 |     test_texture: wgpu::Texture,
    |     ^^^^^^^^^^^^

warning: unused `Result` that must be used
   --> crates\helio-pass-perf-overlay\src\lib.rs:501:9
    |
501 |         device.poll(wgpu::PollType::wait_indefinitely());
    |         ^^^^^^^^^^^^^^^^^^^^^^^^^^^^^^^^^^^^^^^^^^^^^^^^
    |
    = note: this `Result` may be an `Err` variant, which should be handled
    = note: `#[warn(unused_must_use)]` (part of `#[warn(unused)]`) on by default
help: use `let _ = ...` to ignore the resulting value
    |
501 |         let _ = device.poll(wgpu::PollType::wait_indefinitely());
    |         +++++++

warning: unused variable: `count`
   --> crates\helio-pass-virtual-geometry\src\lib.rs:933:9
    |
933 |     let count = NonZeroU32::new(MAX_TEXTURES as u32).expect("non-zero");
    |         ^^^^^ help: if this is intentional, prefix it with an underscore: `_count`
    |
    = note: `#[warn(unused_variables)]` (part of `#[warn(unused)]`) on by default

warning: unused variable: `fallback_env_texture`
   --> crates\helio-pass-deferred-light\src\lib.rs:347:14
    |
347 |         let (fallback_env_texture, fallback_env_view) = black_cube_texture(device...
    |              ^^^^^^^^^^^^^^^^^^^^ help: if this is intentional, prefix it with an underscore: `_fallback_env_texture`
    |
    = note: `#[warn(unused_variables)]` (part of `#[warn(unused)]`) on by default

warning: unused variable: `fallback_rc_texture`
   --> crates\helio-pass-deferred-light\src\lib.rs:358:14
    |
358 |         let (fallback_rc_texture, fallback_rc_view) =
    |              ^^^^^^^^^^^^^^^^^^^ help: if this is intentional, prefix it with an underscore: `_fallback_rc_texture`

warning: unused variable: `fallback_caustics_texture`
   --> crates\helio-pass-deferred-light\src\lib.rs:362:14
    |
362 |         let (fallback_caustics_texture, fallback_caustics_view) =
    |              ^^^^^^^^^^^^^^^^^^^^^^^^^ help: if this is intentional, prefix it with an underscore: `_fallback_caustics_texture`

warning: unused variable: `fallback_lightmap_tex`
   --> crates\helio-pass-deferred-light\src\lib.rs:421:14
    |
421 |         let (fallback_lightmap_tex, fallback_lightmap_view) =
    |              ^^^^^^^^^^^^^^^^^^^^^ help: if this is intentional, prefix it with an underscore: `_fallback_lightmap_tex`

warning: field `bgl_0` is never read
  --> crates\helio-pass-deferred-light\src\lib.rs:26:5
   |
22 | pub struct DeferredLightPass {
   |            ----------------- field in this struct
...
26 |     bgl_0: wgpu::BindGroupLayout,
   |     ^^^^^
   |
   = note: `#[warn(dead_code)]` (part of `#[warn(unused)]`) on by default

warning: fields `bgl_2`, `globals_buf`, `sample_kernel_buf`, `noise_texture`, and `noise_sampler` are never read
  --> crates\helio-pass-ssao\src\lib.rs:56:5
   |
50 | pub struct SsaoPass {
   |            -------- fields in this struct
...
56 |     bgl_2: wgpu::BindGroupLayout,
   |     ^^^^^
...
61 |     globals_buf: wgpu::Buffer,
   |     ^^^^^^^^^^^
62 |     ssao_uniform_buf: wgpu::Buffer,
63 |     sample_kernel_buf: wgpu::Buffer,
   |     ^^^^^^^^^^^^^^^^^
64 |     noise_texture: wgpu::Texture,
   |     ^^^^^^^^^^^^^
65 |     noise_sampler: wgpu::Sampler,
   |     ^^^^^^^^^^^^^
   |
   = note: `#[warn(dead_code)]` (part of `#[warn(unused)]`) on by default

warning: field `velocity_fallback_texture` is never read
   --> crates\helio-pass-taa\src\lib.rs:131:5
    |
113 | pub struct TaaPass {
    |            ------- field in this struct
...
131 |     velocity_fallback_texture: wgpu::Texture,
    |     ^^^^^^^^^^^^^^^^^^^^^^^^^
    |
    = note: `#[warn(dead_code)]` (part of `#[warn(unused)]`) on by default

warning: fields `grid_resolution`, `world_bounds_min`, `world_bounds_max`, and `mip_count` are never read
  --> crates\helio-pass-hiz\src\lib.rs:39:5
   |
38 | struct StaticHizMetadata {
   |        ----------------- fields in this struct
39 |     grid_resolution: [u32; 3],
   |     ^^^^^^^^^^^^^^^
40 |     world_bounds_min: [f32; 3],
   |     ^^^^^^^^^^^^^^^^
41 |     world_bounds_max: [f32; 3],
   |     ^^^^^^^^^^^^^^^^
42 |     mip_count: u32,
   |     ^^^^^^^^^
   |
   = note: `StaticHizMetadata` has derived impls for the traits `Debug` and `Clone`, but these are intentionally ignored during dead code analysis
   = note: `#[warn(dead_code)]` (part of `#[warn(unused)]`) on by default

warning: `helio-pass-sky` (lib) generated 1 warning
warning: `helio-pass-shadow` (lib) generated 1 warning (run `cargo fix --lib -p helio-pass-shadow` to apply 1 suggestion)
warning: `helio-pass-gbuffer` (lib) generated 1 warning (run `cargo fix --lib -p helio-pass-gbuffer` to apply 1 suggestion)
warning: `helio-pass-perf-overlay` (lib) generated 5 warnings
warning: `helio-pass-virtual-geometry` (lib) generated 1 warning (run `cargo fix --lib -p helio-pass-virtual-geometry` to apply 1 suggestion)
warning: `helio-pass-deferred-light` (lib) generated 5 warnings (run `cargo fix --lib -p helio-pass-deferred-light` to apply 4 suggestions)
warning: `helio-pass-ssao` (lib) generated 1 warning
warning: `helio-pass-taa` (lib) generated 1 warning
warning: `helio-pass-hiz` (lib) generated 1 warning
warning: unused imports: `LightId` and `ObjectId`
  --> crates\helio\src\picking.rs:53:22
   |
53 | use crate::handles::{LightId, MeshId, ObjectId};
   |                      ^^^^^^^          ^^^^^^^^
   |
   = note: `#[warn(unused_imports)]` (part of `#[warn(unused)]`) on by default

warning: unused import: `MeshId`
 --> crates\helio\src\scene\objects\update.rs:8:34
  |
8 | use crate::handles::{MaterialId, MeshId, ObjectId};
  |                                  ^^^^^^

warning: variable does not need to be mutable
   --> crates\helio\src\renderer\renderer_impl.rs:173:13
    |
173 |         let mut renderer = Self {
    |             ----^^^^^^^^
    |             |
    |             help: remove this `mut`
    |
    = note: `#[warn(unused_mut)]` (part of `#[warn(unused)]`) on by default

warning: type `DenseSlotMeta` is more private than the item `DenseArena::slots`
  --> crates\helio\src\arena.rs:41:5
   |
41 |     pub slots: Vec<DenseSlotMeta>,
   |     ^^^^^^^^^^^^^^^^^^^^^^^^^^^^^ field `DenseArena::slots` is reachable at visibility `pub(crate)`
   |
note: but type `DenseSlotMeta` is only usable at visibility `pub(self)`
  --> crates\helio\src\arena.rs:13:1
   |
13 | struct DenseSlotMeta {
   | ^^^^^^^^^^^^^^^^^^^^
   = note: `#[warn(private_interfaces)]` on by default

warning: methods `get_mut_by_slot` and `live_len` are never used
   --> crates\helio\src\arena.rs:245:12
    |
201 | impl<T, H: Handle> SparsePool<T, H> {
    | ----------------------------------- methods in this implementation
...
245 |     pub fn get_mut_by_slot(&mut self, slot_index: usize) -> Option<&mut T> {
    |            ^^^^^^^^^^^^^^^
...
274 |     pub fn live_len(&self) -> usize {
    |            ^^^^^^^^
    |
    = note: `#[warn(dead_code)]` (part of `#[warn(unused)]`) on by default

warning: method `extract_mesh_data` is never used
   --> crates\helio\src\mesh.rs:140:19
    |
 78 | impl MeshPool {
    | ------------- method in this implementation
...
140 |     pub(crate) fn extract_mesh_data(&self, id: MeshId) -> Option<MeshUpload> {
    |                   ^^^^^^^^^^^^^^^^^

warning: method `consume_water_hitboxes_dirty_range` is never used
  --> crates\helio\src\scene\hitbox.rs:97:19
   |
16 | impl Scene {
   | ---------- method in this implementation
...
97 |     pub(crate) fn consume_water_hitboxes_dirty_range(&mut self) -> Option<(usize, usize)> {
   |                   ^^^^^^^^^^^^^^^^^^^^^^^^^^^^^^^^^^

warning: method `insert_light` is never used
  --> crates\helio\src\scene\resources\lights.rs:50:29
   |
14 | impl super::super::Scene {
   | ------------------------ method in this implementation
...
50 |     pub(in crate::scene) fn insert_light(&mut self, light: GpuLight) -> LightId {
   |                             ^^^^^^^^^^^^

warning: field `groups` is never read
   --> crates\helio\src\scene\types.rs:199:9
    |
194 | pub(crate) struct VirtualObjectRecord {
    |                   ------------------- field in this struct
...
199 |     pub groups: GroupMask,
    |         ^^^^^^
    |
    = note: `VirtualObjectRecord` has derived impls for the traits `Clone` and `Debug`, but these are intentionally ignored during dead code analysis

warning: method `consume_water_volumes_dirty_range` is never used
   --> crates\helio\src\scene\water.rs:179:19
    |
 15 | impl Scene {
    | ---------- method in this implementation
...
179 |     pub(crate) fn consume_water_volumes_dirty_range(&mut self) -> Option<(usize, usize)> {
    |                   ^^^^^^^^^^^^^^^^^^^^^^^^^^^^^^^^^

warning: function `unpack_normal` is never used
  --> crates\helio\src\vg.rs:59:4
   |
59 | fn unpack_normal(packed: u32) -> Vec3 {
   |    ^^^^^^^^^^^^^

warning: `helio` (lib) generated 11 warnings (run `cargo fix --lib -p helio` to apply 3 suggestions)
warning: unused import: `std::collections::HashMap`
  --> crates\helio-asset-compat\src\lib.rs:17:5
   |
17 | use std::collections::HashMap;
   |     ^^^^^^^^^^^^^^^^^^^^^^^^^
   |
   = note: `#[warn(unused_imports)]` (part of `#[warn(unused)]`) on by default

warning: struct `AnimationState` is never constructed
  --> crates\helio-asset-compat\src\animation_system.rs:11:12
   |
11 | pub struct AnimationState {
   |            ^^^^^^^^^^^^^^
   |
   = note: `#[warn(dead_code)]` (part of `#[warn(unused)]`) on by default

warning: associated items `new`, `play`, `stop`, `update`, and `get_matrices` are never used
  --> crates\helio-asset-compat\src\animation_system.rs:31:12
   |
29 | impl AnimationState {
   | ------------------- associated items in this implementation
30 |     /// Create a new animation state from a skin and animations
31 |     pub fn new(skin: Skin, animations: Vec<Animation>) -> Self {
   |            ^^^
...
45 |     pub fn play(&mut self, animation_index: usize, looping: bool) {
   |            ^^^^
...
55 |     pub fn stop(&mut self) {
   |            ^^^^
...
60 |     pub fn update(&mut self, delta_time: f32) {
   |            ^^^^^^
...
71 |     pub fn get_matrices(&self) -> &[Mat4] {
   |            ^^^^^^^^^^^^

warning: unused import: `Camera`
  --> crates\helio-wasm\src\runner.rs:18:13
   |
18 | use helio::{Camera, Renderer, RendererConfig};
   |             ^^^^^^
   |
   = note: `#[warn(unused_imports)]` (part of `#[warn(unused)]`) on by default

warning: variable does not need to be mutable
   --> crates\helio-wasm\src\runner.rs:434:9
    |
434 |     let mut runner = WasmRunner::<T>::new();
    |         ----^^^^^^
    |         |
    |         help: remove this `mut`
    |
    = note: `#[warn(unused_mut)]` (part of `#[warn(unused)]`) on by default

warning: field `queue` is never read
  --> crates\helio-wasm\src\runner.rs:78:5
   |
74 | struct RunnerState<T: HelioWasmApp> {
   |        ----------- field in this struct
...
78 |     queue: Arc<wgpu::Queue>,
   |     ^^^^^
   |
   = note: `#[warn(dead_code)]` (part of `#[warn(unused)]`) on by default

warning: `helio-asset-compat` (lib) generated 3 warnings (run `cargo fix --lib -p helio-asset-compat` to apply 1 suggestion)
warning: `helio-wasm` (lib) generated 3 warnings (run `cargo fix --lib -p helio-wasm` to apply 2 suggestions)
   Compiling helio-web-demos v0.1.0 (E:\Documents\GitHub\Helio\crates\helio-web-demos)
warning: unused import: `MeshId`
 --> crates\helio-web-demos\src\common.rs:7:51
  |
7 |     GpuLight, GpuMaterial, LightType, MaterialId, MeshId, MeshUpload, ObjectDescriptor,
  |                                                   ^^^^^^
  |
  = note: `#[warn(unused_imports)]` (part of `#[warn(unused)]`) on by default

error[E0308]: mismatched types
   --> crates\helio-web-demos\src\..\examples-wasm\outdoor_rocks.rs:181:13
    |
181 |             sun_light_id,
    |             ^^^^^^^^^^^^ expected `LightId`, found `SceneActorId`

For more information about this error, try `rustc --explain E0308`.
warning: `helio-web-demos` (lib) generated 1 warning
error: could not compile `helio-web-demos` (lib) due to 1 previous error; 1 warning emitted
